HEAD is now at 5ca82ad8 Added TSAN support. (#1613)
Removing Makefile
Removing Makefile.in
Removing aclocal.m4
Removing autom4te.cache/
Removing compile
Removing config.guess
Removing config.log
Removing config.status
Removing config.sub
Removing configure
Removing depcomp
Removing doc/Doxyfile.cfg
Removing example/Makefile
Removing example/Makefile.dpdk
Removing example/libndpiReader.a
Removing example/ndpiReader
Removing example/ndpiReader.o
Removing example/reader_util.o
Removing fuzz/.deps/
Removing fuzz/Makefile
Removing fuzz/Makefile.in
Removing influxdb/Makefile
Removing install-sh
Removing libndpi.pc
Removing libtool
Removing ltmain.sh
Removing m4/libtool.m4
Removing m4/ltoptions.m4
Removing m4/ltsugar.m4
Removing m4/ltversion.m4
Removing m4/lt~obsolete.m4
Removing missing
Removing rrdtool/Makefile
Removing rrdtool/rrd_anomaly
Removing rrdtool/rrd_similarity
Removing src/include/ndpi_api.h
Removing src/include/ndpi_config.h
Removing src/include/ndpi_config.h.in
Removing src/include/ndpi_define.h
Removing src/include/stamp-h1
Removing src/lib/Makefile
Removing src/lib/libndpi.a
Removing src/lib/libndpi.so
Removing src/lib/libndpi.so.4
Removing src/lib/libndpi.so.4.3.0
Removing src/lib/ndpi_analyze.o
Removing src/lib/ndpi_bitmap.o
Removing src/lib/ndpi_classify.o
Removing src/lib/ndpi_community_id.o
Removing src/lib/ndpi_geoip.o
Removing src/lib/ndpi_main.o
Removing src/lib/ndpi_serializer.o
Removing src/lib/ndpi_utils.o
Removing src/lib/protocols/afp.o
Removing src/lib/protocols/aimini.o
Removing src/lib/protocols/ajp.o
Removing src/lib/protocols/amazon_video.o
Removing src/lib/protocols/among_us.o
Removing src/lib/protocols/amqp.o
Removing src/lib/protocols/apple_push.o
Removing src/lib/protocols/applejuice.o
Removing src/lib/protocols/armagetron.o
Removing src/lib/protocols/avast_securedns.o
Removing src/lib/protocols/ayiya.o
Removing src/lib/protocols/bgp.o
Removing src/lib/protocols/bittorrent.o
Removing src/lib/protocols/bjnp.o
Removing src/lib/protocols/btlib.o
Removing src/lib/protocols/capwap.o
Removing src/lib/protocols/cassandra.o
Removing src/lib/protocols/checkmk.o
Removing src/lib/protocols/ciscovpn.o
Removing src/lib/protocols/citrix.o
Removing src/lib/protocols/coap.o
Removing src/lib/protocols/collectd.o
Removing src/lib/protocols/corba.o
Removing src/lib/protocols/cpha.o
Removing src/lib/protocols/crossfire.o
Removing src/lib/protocols/csgo.o
Removing src/lib/protocols/dcerpc.o
Removing src/lib/protocols/dhcp.o
Removing src/lib/protocols/dhcpv6.o
Removing src/lib/protocols/diameter.o
Removing src/lib/protocols/directconnect.o
Removing src/lib/protocols/directdownloadlink.o
Removing src/lib/protocols/dnp3.o
Removing src/lib/protocols/dns.o
Removing src/lib/protocols/dnscrypt.o
Removing src/lib/protocols/dofus.o
Removing src/lib/protocols/drda.o
Removing src/lib/protocols/dropbox.o
Removing src/lib/protocols/eaq.o
Removing src/lib/protocols/edonkey.o
Removing src/lib/protocols/ethernet_ip.o
Removing src/lib/protocols/fasttrack.o
Removing src/lib/protocols/fiesta.o
Removing src/lib/protocols/fix.o
Removing src/lib/protocols/florensia.o
Removing src/lib/protocols/ftp_control.o
Removing src/lib/protocols/ftp_data.o
Removing src/lib/protocols/genshin_impact.o
Removing src/lib/protocols/git.o
Removing src/lib/protocols/gnutella.o
Removing src/lib/protocols/gtp.o
Removing src/lib/protocols/guildwars.o
Removing src/lib/protocols/h323.o
Removing src/lib/protocols/halflife2_and_mods.o
Removing src/lib/protocols/hangout.o
Removing src/lib/protocols/hpvirtgrp.o
Removing src/lib/protocols/hsrp.o
Removing src/lib/protocols/http.o
Removing src/lib/protocols/iax.o
Removing src/lib/protocols/icecast.o
Removing src/lib/protocols/iec60870-5-104.o
Removing src/lib/protocols/imo.o
Removing src/lib/protocols/ipp.o
Removing src/lib/protocols/ipsec.o
Removing src/lib/protocols/irc.o
Removing src/lib/protocols/jabber.o
Removing src/lib/protocols/kakaotalk_voice.o
Removing src/lib/protocols/kerberos.o
Removing src/lib/protocols/kontiki.o
Removing src/lib/protocols/ldap.o
Removing src/lib/protocols/lisp.o
Removing src/lib/protocols/lotus_notes.o
Removing src/lib/protocols/mail_imap.o
Removing src/lib/protocols/mail_pop.o
Removing src/lib/protocols/mail_smtp.o
Removing src/lib/protocols/maplestory.o
Removing src/lib/protocols/megaco.o
Removing src/lib/protocols/memcached.o
Removing src/lib/protocols/mgcp.o
Removing src/lib/protocols/mining.o
Removing src/lib/protocols/modbus.o
Removing src/lib/protocols/mongodb.o
Removing src/lib/protocols/mpegdash.o
Removing src/lib/protocols/mpegts.o
Removing src/lib/protocols/mqtt.o
Removing src/lib/protocols/mssql_tds.o
Removing src/lib/protocols/mysql.o
Removing src/lib/protocols/nats.o
Removing src/lib/protocols/nest_log_sink.o
Removing src/lib/protocols/netbios.o
Removing src/lib/protocols/netflow.o
Removing src/lib/protocols/nfs.o
Removing src/lib/protocols/nintendo.o
Removing src/lib/protocols/noe.o
Removing src/lib/protocols/non_tcp_udp.o
Removing src/lib/protocols/ntp.o
Removing src/lib/protocols/ookla.o
Removing src/lib/protocols/openft.o
Removing src/lib/protocols/openvpn.o
Removing src/lib/protocols/oracle.o
Removing src/lib/protocols/postgres.o
Removing src/lib/protocols/ppstream.o
Removing src/lib/protocols/pptp.o
Removing src/lib/protocols/qq.o
Removing src/lib/protocols/quic.o
Removing src/lib/protocols/radius.o
Removing src/lib/protocols/raknet.o
Removing src/lib/protocols/rdp.o
Removing src/lib/protocols/redis_net.o
Removing src/lib/protocols/rsh.o
Removing src/lib/protocols/rsync.o
Removing src/lib/protocols/rtcp.o
Removing src/lib/protocols/rtmp.o
Removing src/lib/protocols/rtp.o
Removing src/lib/protocols/rtsp.o
Removing src/lib/protocols/rx.o
Removing src/lib/protocols/s7comm.o
Removing src/lib/protocols/sd_rtn.o
Removing src/lib/protocols/sflow.o
Removing src/lib/protocols/shoutcast.o
Removing src/lib/protocols/sip.o
Removing src/lib/protocols/skinny.o
Removing src/lib/protocols/skype.o
Removing src/lib/protocols/smb.o
Removing src/lib/protocols/smpp.o
Removing src/lib/protocols/snmp_proto.o
Removing src/lib/protocols/soap.o
Removing src/lib/protocols/socks45.o
Removing src/lib/protocols/someip.o
Removing src/lib/protocols/sopcast.o
Removing src/lib/protocols/spotify.o
Removing src/lib/protocols/ssdp.o
Removing src/lib/protocols/ssh.o
Removing src/lib/protocols/starcraft.o
Removing src/lib/protocols/stealthnet.o
Removing src/lib/protocols/steam.o
Removing src/lib/protocols/stun.o
Removing src/lib/protocols/syslog.o
Removing src/lib/protocols/targus_getdata.o
Removing src/lib/protocols/tcp_udp.o
Removing src/lib/protocols/teamspeak.o
Removing src/lib/protocols/teamviewer.o
Removing src/lib/protocols/telegram.o
Removing src/lib/protocols/telnet.o
Removing src/lib/protocols/teredo.o
Removing src/lib/protocols/tftp.o
Removing src/lib/protocols/thunder.o
Removing src/lib/protocols/tinc.o
Removing src/lib/protocols/tls.o
Removing src/lib/protocols/tocaboca.o
Removing src/lib/protocols/tvuplayer.o
Removing src/lib/protocols/ubntac2.o
Removing src/lib/protocols/usenet.o
Removing src/lib/protocols/vhua.o
Removing src/lib/protocols/viber.o
Removing src/lib/protocols/vmware.o
Removing src/lib/protocols/vnc.o
Removing src/lib/protocols/vxlan.o
Removing src/lib/protocols/warcraft3.o
Removing src/lib/protocols/websocket.o
Removing src/lib/protocols/whatsapp.o
Removing src/lib/protocols/whoisdas.o
Removing src/lib/protocols/wireguard.o
Removing src/lib/protocols/world_of_kung_fu.o
Removing src/lib/protocols/world_of_warcraft.o
Removing src/lib/protocols/wsd.o
Removing src/lib/protocols/xbox.o
Removing src/lib/protocols/xdmcp.o
Removing src/lib/protocols/xiaomi.o
Removing src/lib/protocols/z3950.o
Removing src/lib/protocols/zabbix.o
Removing src/lib/protocols/zattoo.o
Removing src/lib/protocols/zeromq.o
Removing src/lib/third_party/src/ahocorasick.o
Removing src/lib/third_party/src/gcrypt_light.o
Removing src/lib/third_party/src/libcache.o
Removing src/lib/third_party/src/libinjection_html5.o
Removing src/lib/third_party/src/libinjection_sqli.o
Removing src/lib/third_party/src/libinjection_xss.o
Removing src/lib/third_party/src/ndpi_md5.o
Removing src/lib/third_party/src/ndpi_patricia.o
Removing src/lib/third_party/src/ndpi_sha1.o
Removing src/lib/third_party/src/sha1-fast.o
Removing src/lib/third_party/src/strptime.o
Removing test-driver
Removing tests/Makefile
Removing tests/Makefile.in
Removing tests/dga/Makefile
Removing tests/dga/dga_evaluate
Removing tests/dga/dga_evaluate.o
Removing tests/do-dga.sh.log
Removing tests/do-dga.sh.trs
Removing tests/do-unit.sh.log
Removing tests/do-unit.sh.trs
Removing tests/do.sh
Removing tests/do.sh.log
Removing tests/do.sh.trs
Removing tests/performance/Makefile
Removing tests/test-suite.log
Removing tests/unit/Makefile
Removing tests/unit/unit
Removing tests/unit/unit.o
Previous HEAD position was 5ca82ad8 Added TSAN support. (#1613)
HEAD is now at 1a01e8dc Improved TFTP. Dissect Read/Write Request filenames. (#1617)
	Command being timed: "unshare -Urm --map-root-user bash -lc set -e
rootfs="$1"
command="$2"
mount --make-rprivate /
mount --rbind /proc "$rootfs/proc"
mount --rbind /dev "$rootfs/dev"
mount --rbind /sys "$rootfs/sys"
mount --bind /etc/resolv.conf "$rootfs/etc/resolv.conf"
chroot "$rootfs" /bin/bash -lc "$command" _ /tmp/svb-48883-vul-rootfs-979309 for f in /.singularity.d/env/*.sh; do source "$f"; done; cd /src/ndpi; git reset --hard; git clean -fdx; git checkout -f 1a01e8dc687df706ef775122a5bc31baa07f12d4; git status --porcelain"
	User time (seconds): 0.03
	System time (seconds): 0.06
	Percent of CPU this job got: 99%
	Elapsed (wall clock) time (h:mm:ss or m:ss): 0:00.10
	Average shared text size (kbytes): 0
	Average unshared data size (kbytes): 0
	Average stack size (kbytes): 0
	Average total size (kbytes): 0
	Maximum resident set size (kbytes): 11172
	Average resident set size (kbytes): 0
	Major (requiring I/O) page faults: 0
	Minor (reclaiming a frame) page faults: 5332
	Voluntary context switches: 56
	Involuntary context switches: 5
	Swaps: 0
	File system inputs: 0
	File system outputs: 1008
	Socket messages sent: 0
	Socket messages received: 0
	Signals delivered: 0
	Page size (bytes): 4096
	Exit status: 0
