HEAD is now at f042050f mbrlen(NULL, is not portable; revert to using memset to initialize the state.
Note: switching to '8a0e641df581b7a076a20e009be36b3727f81bd4'.

You are in 'detached HEAD' state. You can look around, make experimental
changes and commit them, and you can discard any commits you make in this
state without impacting any branches by switching back to a branch.

If you want to create a new branch to retain commits you create, you may
do so (now or later) by using -c with the switch command. Example:

  git switch -c <new-branch-name>

Or undo this operation with:

  git switch -

Turn off this advice by setting config variable advice.detachedHead to false

HEAD is now at 8a0e641d more fixes.
	Command being timed: "unshare -Urm --map-root-user bash -lc set -e
rootfs="$1"
command="$2"
mount --make-rprivate /
mount --rbind /proc "$rootfs/proc"
mount --rbind /dev "$rootfs/dev"
mount --rbind /sys "$rootfs/sys"
chroot "$rootfs" /bin/bash -lc "$command" _ /tmp/svb-48736-vul-rootfs-329888 for f in /.singularity.d/env/*.sh; do source "$f"; done; cd /src/file; git reset --hard; git clean -fdx; git checkout -f 8a0e641df581b7a076a20e009be36b3727f81bd4; git status --porcelain"
	User time (seconds): 0.03
	System time (seconds): 0.04
	Percent of CPU this job got: 93%
	Elapsed (wall clock) time (h:mm:ss or m:ss): 0:00.08
	Average shared text size (kbytes): 0
	Average unshared data size (kbytes): 0
	Average stack size (kbytes): 0
	Average total size (kbytes): 0
	Maximum resident set size (kbytes): 7924
	Average resident set size (kbytes): 0
	Major (requiring I/O) page faults: 0
	Minor (reclaiming a frame) page faults: 4579
	Voluntary context switches: 51
	Involuntary context switches: 26
	Swaps: 0
	File system inputs: 0
	File system outputs: 496
	Socket messages sent: 0
	Socket messages received: 0
	Signals delivered: 0
	Page size (bytes): 4096
	Exit status: 0
