HEAD is now at 8a0e641d more fixes.
Removing Makefile
Removing Makefile.in
Removing aclocal.m4
Removing autom4te.cache/
Removing compile
Removing config.guess
Removing config.h
Removing config.h.in
Removing config.log
Removing config.status
Removing config.sub
Removing configure
Removing depcomp
Removing doc/Makefile
Removing doc/Makefile.in
Removing doc/file.1
Removing doc/libmagic.3
Removing doc/magic.4
Removing install-sh
Removing libmagic.pc
Removing libtool
Removing ltmain.sh
Removing m4/libtool.m4
Removing m4/ltoptions.m4
Removing m4/ltsugar.m4
Removing m4/ltversion.m4
Removing m4/lt~obsolete.m4
Removing magic/Makefile
Removing magic/Makefile.in
Removing magic/magic.mgc
Removing missing
Removing python/Makefile
Removing python/Makefile.in
Removing src/.deps/
Removing src/.libs/
Removing src/Makefile
Removing src/Makefile.in
Removing src/apprentice.lo
Removing src/apptype.lo
Removing src/ascmagic.lo
Removing src/buffer.lo
Removing src/cdf.lo
Removing src/cdf_time.lo
Removing src/compress.lo
Removing src/der.lo
Removing src/encoding.lo
Removing src/file
Removing src/file.o
Removing src/fmtcheck.lo
Removing src/fsmagic.lo
Removing src/funcs.lo
Removing src/is_csv.lo
Removing src/is_json.lo
Removing src/is_tar.lo
Removing src/libmagic.la
Removing src/magic.h
Removing src/magic.lo
Removing src/print.lo
Removing src/readcdf.lo
Removing src/readelf.lo
Removing src/seccomp.o
Removing src/softmagic.lo
Removing src/strlcat.lo
Removing src/strlcpy.lo
Removing stamp-h1
Removing tests/.deps/
Removing tests/.libs/
Removing tests/Makefile
Removing tests/Makefile.in
Removing tests/test
Removing tests/test-test.o
HEAD is now at 8a0e641d more fixes.
	Command being timed: "unshare -Urm --map-root-user bash -lc set -e
rootfs="$1"
command="$2"
mount --make-rprivate /
mount --rbind /proc "$rootfs/proc"
mount --rbind /dev "$rootfs/dev"
mount --rbind /sys "$rootfs/sys"
chroot "$rootfs" /bin/bash -lc "$command" _ /tmp/svb-48736-vul-rootfs-329888 for f in /.singularity.d/env/*.sh; do source "$f"; done; cd /src/file; git reset --hard; git clean -fdx; git checkout -f 8a0e641df581b7a076a20e009be36b3727f81bd4; git status --porcelain"
	User time (seconds): 0.03
	System time (seconds): 0.04
	Percent of CPU this job got: 101%
	Elapsed (wall clock) time (h:mm:ss or m:ss): 0:00.07
	Average shared text size (kbytes): 0
	Average unshared data size (kbytes): 0
	Average stack size (kbytes): 0
	Average total size (kbytes): 0
	Maximum resident set size (kbytes): 6208
	Average resident set size (kbytes): 0
	Major (requiring I/O) page faults: 0
	Minor (reclaiming a frame) page faults: 4325
	Voluntary context switches: 49
	Involuntary context switches: 6
	Swaps: 0
	File system inputs: 0
	File system outputs: 192
	Socket messages sent: 0
	Socket messages received: 0
	Signals delivered: 0
	Page size (bytes): 4096
	Exit status: 0
