Reading package lists...
Building dependency tree...
Reading state information...
autoconf is already the newest version (2.69-9).
automake is already the newest version (1:1.15-4ubuntu1).
build-essential is already the newest version (12.1ubuntu2).
g++ is already the newest version (4:5.3.1-1ubuntu1).
gcc is already the newest version (4:5.3.1-1ubuntu1).
libcairo2-dev is already the newest version (1.14.6-1).
libtool is already the newest version (2.4.6-0.1).
pkg-config is already the newest version (0.29.1-0ubuntu1).
ninja-build is already the newest version (1.5.1-0.1ubuntu1).
ragel is already the newest version (6.8-1build1).
cmake is already the newest version (3.5.1-1ubuntu3).
libfreetype6-dev is already the newest version (2.6.1-0.1ubuntu2.5).
libglib2.0-dev is already the newest version (2.48.2-0ubuntu4.8).
gtk-doc-tools is already the newest version (1.25-1ubuntu1.1).
0 upgraded, 0 newly installed, 0 to remove and 0 not upgraded.
checking for pkg-config... /usr/bin/pkg-config
checking for libtoolize... /usr/bin/libtoolize
checking for gtkdocize... /usr/bin/gtkdocize
checking for autoreconf... /usr/bin/autoreconf
running autoreconf --force --install --verbose
autoreconf: Entering directory `.'
autoreconf: configure.ac: not using Gettext
autoreconf: running: aclocal --force -I m4
autoreconf: configure.ac: tracing
autoreconf: running: libtoolize --copy --force
libtoolize: putting auxiliary files in '.'.
libtoolize: copying file './ltmain.sh'
libtoolize: putting macros in AC_CONFIG_MACRO_DIRS, 'm4'.
libtoolize: copying file 'm4/libtool.m4'
libtoolize: copying file 'm4/ltoptions.m4'
libtoolize: copying file 'm4/ltsugar.m4'
libtoolize: copying file 'm4/ltversion.m4'
libtoolize: copying file 'm4/lt~obsolete.m4'
autoreconf: running: /usr/bin/autoconf --force
autoreconf: running: /usr/bin/autoheader --force
autoreconf: running: automake --add-missing --copy --force-missing
configure.ac:18: installing './ar-lib'
configure.ac:15: installing './compile'
configure.ac:20: installing './config.guess'
configure.ac:20: installing './config.sub'
configure.ac:12: installing './install-sh'
configure.ac:12: installing './missing'
Makefile.am: installing './INSTALL'
src/Makefile.am: installing './depcomp'
parallel-tests: installing './test-driver'
test/api/Makefile.am:53: warning: variable 'test_subset_codepoints_LDADD' is defined but no program or
test/api/Makefile.am:53: library has 'test_subset_codepoints' as canonical name (possible typo)
test/subset/data/Makefile.am:8: warning: EXTRA_DIST multiply defined in condition TRUE ...
test/subset/data/Makefile.am:4: ... 'EXTRA_DIST' previously defined here
autoreconf: Leaving directory `.'
running configure 
checking for a BSD-compatible install... /usr/bin/install -c
checking whether build environment is sane... yes
checking for a thread-safe mkdir -p... /bin/mkdir -p
checking for gawk... no
checking for mawk... mawk
checking whether make sets $(MAKE)... yes
checking whether make supports nested variables... yes
checking whether UID '0' is supported by ustar format... yes
checking whether GID '0' is supported by ustar format... yes
checking how to create a ustar tar archive... gnutar
checking whether make supports nested variables... (cached) yes
checking for a sed that does not truncate output... /bin/sed
checking whether to build with code coverage support... no
checking for style of include used by make... GNU
checking for gcc... gcc
checking whether the C compiler works... yes
checking for C compiler default output file name... a.out
checking for suffix of executables... 
checking whether we are cross compiling... no
checking for suffix of object files... o
checking whether we are using the GNU C compiler... yes
checking whether gcc accepts -g... yes
checking for gcc option to accept ISO C89... none needed
checking whether gcc understands -c and -o together... yes
checking dependency style of gcc... gcc3
checking how to run the C preprocessor... gcc -E
checking for grep that handles long lines and -e... /bin/grep
checking for egrep... /bin/grep -E
checking for ANSI C header files... yes
checking for sys/types.h... yes
checking for sys/stat.h... yes
checking for stdlib.h... yes
checking for string.h... yes
checking for memory.h... yes
checking for strings.h... yes
checking for inttypes.h... yes
checking for stdint.h... yes
checking for unistd.h... yes
checking minix/config.h usability... no
checking minix/config.h presence... no
checking for minix/config.h... no
checking whether it is safe to define __EXTENSIONS__... yes
checking for ar... ar
checking the archiver (ar) interface... ar
checking build system type... x86_64-pc-linux-gnu
checking host system type... x86_64-pc-linux-gnu
checking how to print strings... printf
checking for a sed that does not truncate output... (cached) /bin/sed
checking for fgrep... /bin/grep -F
checking for ld used by gcc... /usr/bin/ld
checking if the linker (/usr/bin/ld) is GNU ld... yes
checking for BSD- or MS-compatible name lister (nm)... /usr/bin/nm -B
checking the name lister (/usr/bin/nm -B) interface... BSD nm
checking whether ln -s works... yes
checking the maximum length of command line arguments... 1572864
checking how to convert x86_64-pc-linux-gnu file names to x86_64-pc-linux-gnu format... func_convert_file_noop
checking how to convert x86_64-pc-linux-gnu file names to toolchain format... func_convert_file_noop
checking for /usr/bin/ld option to reload object files... -r
checking for objdump... objdump
checking how to recognize dependent libraries... pass_all
checking for dlltool... no
checking how to associate runtime and link libraries... printf %s\n
checking for archiver @FILE support... @
checking for strip... strip
checking for ranlib... ranlib
checking command to parse /usr/bin/nm -B output from gcc object... ok
checking for sysroot... no
checking for a working dd... /bin/dd
checking how to truncate binary pipes... /bin/dd bs=4096 count=1
checking for mt... no
checking if : is a manifest tool... no
checking for dlfcn.h... yes
checking for objdir... .libs
checking if gcc supports -fno-rtti -fno-exceptions... no
checking for gcc option to produce PIC... -fPIC -DPIC
checking if gcc PIC flag -fPIC -DPIC works... yes
checking if gcc static flag -static works... yes
checking if gcc supports -c -o file.o... yes
checking if gcc supports -c -o file.o... (cached) yes
checking whether the gcc linker (/usr/bin/ld -m elf_x86_64) supports shared libraries... yes
checking whether -lc should be explicitly linked in... no
checking dynamic linker characteristics... GNU/Linux ld.so
checking how to hardcode library paths into programs... immediate
checking whether stripping libraries is possible... yes
checking if libtool supports shared libraries... yes
checking whether to build shared libraries... yes
checking whether to build static libraries... no
checking for gcc... (cached) gcc
checking whether we are using the GNU C compiler... (cached) yes
checking whether gcc accepts -g... (cached) yes
checking for gcc option to accept ISO C89... (cached) none needed
checking whether gcc understands -c and -o together... (cached) yes
checking dependency style of gcc... (cached) gcc3
checking for gcc option to accept ISO C99... none needed
checking whether we are using the GNU C++ compiler... yes
checking whether clang++ accepts -g... yes
checking dependency style of clang++... gcc3
checking how to run the C++ preprocessor... clang++ -E
checking for ld used by clang++... /usr/bin/ld -m elf_x86_64
checking if the linker (/usr/bin/ld -m elf_x86_64) is GNU ld... yes
checking whether the clang++ linker (/usr/bin/ld -m elf_x86_64) supports shared libraries... yes
checking for clang++ option to produce PIC... -fPIC -DPIC
checking if clang++ PIC flag -fPIC -DPIC works... yes
checking if clang++ static flag -static works... yes
checking if clang++ supports -c -o file.o... yes
checking if clang++ supports -c -o file.o... (cached) yes
checking whether the clang++ linker (/usr/bin/ld -m elf_x86_64) supports shared libraries... yes
checking dynamic linker characteristics... (cached) GNU/Linux ld.so
checking how to hardcode library paths into programs... immediate
checking for special C compiler options needed for large files... no
checking for _FILE_OFFSET_BITS value needed for large files... no
checking for pkg-config... /usr/bin/pkg-config
checking pkg-config is at least version 0.20... yes
checking for gtk-doc... yes
checking for gtkdoc-check... gtkdoc-check.test
checking for gtkdoc-check... /usr/bin/gtkdoc-check
checking for gtkdoc-rebase... /usr/bin/gtkdoc-rebase
checking for gtkdoc-mkpdf... /usr/bin/gtkdoc-mkpdf
checking whether to build gtk-doc documentation... no
checking for GTKDOC_DEPS... yes
checking for atexit... yes
checking for mprotect... yes
checking for sysconf... yes
checking for getpagesize... yes
checking for mmap... yes
checking for isatty... yes
checking for newlocale... yes
checking for strtod_l... yes
checking for posix_memalign... yes
checking for round... yes
checking for unistd.h... (cached) yes
checking sys/mman.h usability... yes
checking sys/mman.h presence... yes
checking for sys/mman.h... yes
checking xlocale.h usability... yes
checking xlocale.h presence... yes
checking for xlocale.h... yes
checking stdbool.h usability... yes
checking stdbool.h presence... yes
checking for stdbool.h... yes
checking alignment of struct{char;}... 1
checking whether the linker accepts -Bsymbolic-functions... yes
checking for native Win32... no
checking whether gcc is Clang... no
checking whether pthreads work with -pthread... yes
checking for joinable pthread attribute... PTHREAD_CREATE_JOINABLE
checking whether more special flags are required for pthreads... no
checking for PTHREAD_PRIO_INHERIT... yes
checking for GLIB... yes
checking for CAIRO... yes
checking for CAIRO_FT... yes
checking for FONTCONFIG... yes
checking for ICU... no
checking for icu-config... no
checking for ICU by using icu-config fallback... no
checking for FREETYPE... yes
checking for FT_Get_Var_Blend_Coordinates... no
checking for FT_Set_Var_Blend_Coordinates... yes
checking for FT_Done_MM_Var... no
checking for Intel atomic primitives... true
checking for Solaris atomic operations... false
checking that generated files are newer than configure... done
configure: creating ./config.status
config.status: creating Makefile
config.status: creating src/Makefile
config.status: creating src/harfbuzz-config.cmake
config.status: creating src/hb-ucdn/Makefile
config.status: creating util/Makefile
config.status: creating test/Makefile
config.status: creating test/api/Makefile
config.status: creating test/fuzzing/Makefile
config.status: creating test/shaping/Makefile
config.status: creating test/shaping/data/Makefile
config.status: creating test/shaping/data/in-house/Makefile
config.status: creating test/shaping/data/text-rendering-tests/Makefile
config.status: creating test/subset/Makefile
config.status: creating test/subset/data/Makefile
config.status: creating docs/Makefile
config.status: creating docs/version.xml
config.status: creating config.h
config.status: executing depfiles commands
config.status: executing libtool commands
configure:

Build configuration:

Unicode callbacks (you want at least one):
	Builtin (UCDN):		true
	Glib:			true
	ICU:			false

Font callbacks (the more the merrier):
	FreeType:		true

Tools used for command-line utilities:
	Cairo:			true
	Fontconfig:		true

Additional shapers (the more the merrier):
	Graphite2:		false

Platform shapers (not normally needed):
	CoreText:		false
	DirectWrite:		false
	Uniscribe:		false

Other features:
	Documentation:		no
	GObject bindings:	false
	Introspection:		false

checking for a BSD-compatible install... /usr/bin/install -c
checking whether build environment is sane... yes
checking for a thread-safe mkdir -p... /bin/mkdir -p
checking for gawk... no
checking for mawk... mawk
checking whether make sets $(MAKE)... yes
checking whether make supports nested variables... yes
checking whether UID '0' is supported by ustar format... yes
checking whether GID '0' is supported by ustar format... yes
checking how to create a ustar tar archive... gnutar
checking whether make supports nested variables... (cached) yes
checking for a sed that does not truncate output... /bin/sed
checking whether to build with code coverage support... no
checking for style of include used by make... GNU
checking for gcc... gcc
checking whether the C compiler works... yes
checking for C compiler default output file name... a.out
checking for suffix of executables... 
checking whether we are cross compiling... no
checking for suffix of object files... o
checking whether we are using the GNU C compiler... yes
checking whether gcc accepts -g... yes
checking for gcc option to accept ISO C89... none needed
checking whether gcc understands -c and -o together... yes
checking dependency style of gcc... gcc3
checking how to run the C preprocessor... gcc -E
checking for grep that handles long lines and -e... /bin/grep
checking for egrep... /bin/grep -E
checking for ANSI C header files... yes
checking for sys/types.h... yes
checking for sys/stat.h... yes
checking for stdlib.h... yes
checking for string.h... yes
checking for memory.h... yes
checking for strings.h... yes
checking for inttypes.h... yes
checking for stdint.h... yes
checking for unistd.h... yes
checking minix/config.h usability... no
checking minix/config.h presence... no
checking for minix/config.h... no
checking whether it is safe to define __EXTENSIONS__... yes
checking for ar... ar
checking the archiver (ar) interface... ar
checking build system type... x86_64-pc-linux-gnu
checking host system type... x86_64-pc-linux-gnu
checking how to print strings... printf
checking for a sed that does not truncate output... (cached) /bin/sed
checking for fgrep... /bin/grep -F
checking for ld used by gcc... /usr/bin/ld
checking if the linker (/usr/bin/ld) is GNU ld... yes
checking for BSD- or MS-compatible name lister (nm)... /usr/bin/nm -B
checking the name lister (/usr/bin/nm -B) interface... BSD nm
checking whether ln -s works... yes
checking the maximum length of command line arguments... 1572864
checking how to convert x86_64-pc-linux-gnu file names to x86_64-pc-linux-gnu format... func_convert_file_noop
checking how to convert x86_64-pc-linux-gnu file names to toolchain format... func_convert_file_noop
checking for /usr/bin/ld option to reload object files... -r
checking for objdump... objdump
checking how to recognize dependent libraries... pass_all
checking for dlltool... no
checking how to associate runtime and link libraries... printf %s\n
checking for archiver @FILE support... @
checking for strip... strip
checking for ranlib... ranlib
checking command to parse /usr/bin/nm -B output from gcc object... ok
checking for sysroot... no
checking for a working dd... /bin/dd
checking how to truncate binary pipes... /bin/dd bs=4096 count=1
checking for mt... no
checking if : is a manifest tool... no
checking for dlfcn.h... yes
checking for objdir... .libs
checking if gcc supports -fno-rtti -fno-exceptions... no
checking for gcc option to produce PIC... -fPIC -DPIC
checking if gcc PIC flag -fPIC -DPIC works... yes
checking if gcc static flag -static works... yes
checking if gcc supports -c -o file.o... yes
checking if gcc supports -c -o file.o... (cached) yes
checking whether the gcc linker (/usr/bin/ld -m elf_x86_64) supports shared libraries... yes
checking whether -lc should be explicitly linked in... no
checking dynamic linker characteristics... GNU/Linux ld.so
checking how to hardcode library paths into programs... immediate
checking whether stripping libraries is possible... yes
checking if libtool supports shared libraries... yes
checking whether to build shared libraries... yes
checking whether to build static libraries... no
checking for gcc... (cached) gcc
checking whether we are using the GNU C compiler... (cached) yes
checking whether gcc accepts -g... (cached) yes
checking for gcc option to accept ISO C89... (cached) none needed
checking whether gcc understands -c and -o together... (cached) yes
checking dependency style of gcc... (cached) gcc3
checking for gcc option to accept ISO C99... none needed
checking whether we are using the GNU C++ compiler... yes
checking whether clang++ accepts -g... yes
checking dependency style of clang++... gcc3
checking how to run the C++ preprocessor... clang++ -E
checking for ld used by clang++... /usr/bin/ld -m elf_x86_64
checking if the linker (/usr/bin/ld -m elf_x86_64) is GNU ld... yes
checking whether the clang++ linker (/usr/bin/ld -m elf_x86_64) supports shared libraries... yes
checking for clang++ option to produce PIC... -fPIC -DPIC
checking if clang++ PIC flag -fPIC -DPIC works... yes
checking if clang++ static flag -static works... yes
checking if clang++ supports -c -o file.o... yes
checking if clang++ supports -c -o file.o... (cached) yes
checking whether the clang++ linker (/usr/bin/ld -m elf_x86_64) supports shared libraries... yes
checking dynamic linker characteristics... (cached) GNU/Linux ld.so
checking how to hardcode library paths into programs... immediate
checking for special C compiler options needed for large files... no
checking for _FILE_OFFSET_BITS value needed for large files... no
checking for pkg-config... /usr/bin/pkg-config
checking pkg-config is at least version 0.20... yes
checking for gtk-doc... yes
checking for gtkdoc-check... gtkdoc-check.test
checking for gtkdoc-check... /usr/bin/gtkdoc-check
checking for gtkdoc-rebase... /usr/bin/gtkdoc-rebase
checking for gtkdoc-mkpdf... /usr/bin/gtkdoc-mkpdf
checking whether to build gtk-doc documentation... no
checking for GTKDOC_DEPS... yes
checking for atexit... yes
checking for mprotect... yes
checking for sysconf... yes
checking for getpagesize... yes
checking for mmap... yes
checking for isatty... yes
checking for newlocale... yes
checking for strtod_l... yes
checking for posix_memalign... yes
checking for round... yes
checking for unistd.h... (cached) yes
checking sys/mman.h usability... yes
checking sys/mman.h presence... yes
checking for sys/mman.h... yes
checking xlocale.h usability... yes
checking xlocale.h presence... yes
checking for xlocale.h... yes
checking stdbool.h usability... yes
checking stdbool.h presence... yes
checking for stdbool.h... yes
checking alignment of struct{char;}... 1
checking whether the linker accepts -Bsymbolic-functions... yes
checking for native Win32... no
checking whether gcc is Clang... no
checking whether pthreads work with -pthread... yes
checking for joinable pthread attribute... PTHREAD_CREATE_JOINABLE
checking whether more special flags are required for pthreads... no
checking for PTHREAD_PRIO_INHERIT... yes
checking for GLIB... yes
checking for CAIRO... yes
checking for CAIRO_FT... yes
checking for FONTCONFIG... yes
checking for ICU... no
checking for icu-config... no
checking for ICU by using icu-config fallback... no
checking for FREETYPE... yes
checking for FT_Get_Var_Blend_Coordinates... no
checking for FT_Set_Var_Blend_Coordinates... yes
checking for FT_Done_MM_Var... no
checking for Intel atomic primitives... true
checking for Solaris atomic operations... false
checking that generated files are newer than configure... done
configure: creating ./config.status
config.status: creating Makefile
config.status: creating src/Makefile
config.status: creating src/harfbuzz-config.cmake
config.status: creating src/hb-ucdn/Makefile
config.status: creating util/Makefile
config.status: creating test/Makefile
config.status: creating test/api/Makefile
config.status: creating test/fuzzing/Makefile
config.status: creating test/shaping/Makefile
config.status: creating test/shaping/data/Makefile
config.status: creating test/shaping/data/in-house/Makefile
config.status: creating test/shaping/data/text-rendering-tests/Makefile
config.status: creating test/subset/Makefile
config.status: creating test/subset/data/Makefile
config.status: creating docs/Makefile
config.status: creating docs/version.xml
config.status: creating config.h
config.status: config.h is unchanged
config.status: executing depfiles commands
config.status: executing libtool commands
configure:

Build configuration:

Unicode callbacks (you want at least one):
	Builtin (UCDN):		true
	Glib:			true
	ICU:			false

Font callbacks (the more the merrier):
	FreeType:		true

Tools used for command-line utilities:
	Cairo:			true
	Fontconfig:		true

Additional shapers (the more the merrier):
	Graphite2:		false

Platform shapers (not normally needed):
	CoreText:		false
	DirectWrite:		false
	Uniscribe:		false

Other features:
	Documentation:		no
	GObject bindings:	false
	Introspection:		false

git.mk: Generating .gitignore
make  all-recursive
make[1]: Entering directory '/src/harfbuzz'
Making all in src
make[2]: Entering directory '/src/harfbuzz/src'
git.mk: Generating .gitignore
make  all-recursive
make[3]: Entering directory '/src/harfbuzz/src'
Making all in hb-ucdn
make[4]: Entering directory '/src/harfbuzz/src/hb-ucdn'
  CC       libhb_ucdn_la-ucdn.lo
git.mk: Generating .gitignore
  CCLD     libhb-ucdn.la
ar: `u' modifier ignored since `D' is the default (see `U')
make[4]: Leaving directory '/src/harfbuzz/src/hb-ucdn'
make[4]: Entering directory '/src/harfbuzz/src'
  CXX      libharfbuzz_la-hb-blob.lo
  CXX      libharfbuzz_la-hb-buffer-serialize.lo
  CXX      libharfbuzz_la-hb-buffer.lo
  CXX      libharfbuzz_la-hb-common.lo
  CXX      libharfbuzz_la-hb-face.lo
  CXX      libharfbuzz_la-hb-font.lo
  CXX      libharfbuzz_la-hb-ot-tag.lo
  CXX      libharfbuzz_la-hb-map.lo
  CXX      libharfbuzz_la-hb-set.lo
  CXX      libharfbuzz_la-hb-shape.lo
  CXX      libharfbuzz_la-hb-shape-plan.lo
  CXX      libharfbuzz_la-hb-shaper.lo
  CXX      libharfbuzz_la-hb-static.lo
  CXX      libharfbuzz_la-hb-warning.lo
  CXX      libharfbuzz_la-hb-unicode.lo
  CXX      libharfbuzz_la-hb-aat-layout.lo
  CXX      libharfbuzz_la-hb-ot-font.lo
  CXX      libharfbuzz_la-hb-ot-face.lo
  CXX      libharfbuzz_la-hb-ot-color.lo
  CXX      libharfbuzz_la-hb-ot-layout.lo
  CXX      libharfbuzz_la-hb-ot-map.lo
  CXX      libharfbuzz_la-hb-ot-shape-complex-arabic.lo
  CXX      libharfbuzz_la-hb-ot-shape-complex-hangul.lo
  CXX      libharfbuzz_la-hb-ot-shape-complex-hebrew.lo
  CXX      libharfbuzz_la-hb-ot-math.lo
  CXX      libharfbuzz_la-hb-ot-shape-complex-indic-table.lo
  CXX      libharfbuzz_la-hb-ot-shape-complex-default.lo
  CXX      libharfbuzz_la-hb-ot-shape-complex-khmer.lo
  CXX      libharfbuzz_la-hb-ot-shape-complex-myanmar.lo
  CXX      libharfbuzz_la-hb-ot-shape-complex-thai.lo
  CXX      libharfbuzz_la-hb-ot-shape-complex-indic.lo
  CXX      libharfbuzz_la-hb-ot-shape.lo
  CXX      libharfbuzz_la-hb-ot-shape-complex-use.lo
  CXX      libharfbuzz_la-hb-ot-shape-complex-use-table.lo
  CXX      libharfbuzz_la-hb-ot-shape-normalize.lo
  CXX      libharfbuzz_la-hb-ot-shape-fallback.lo
  CXX      libharfbuzz_la-hb-ot-var.lo
  CXX      libharfbuzz_la-hb-fallback-shape.lo
  CXX      libharfbuzz_la-hb-glib.lo
  CXX      libharfbuzz_la-hb-ft.lo
  CXX      libharfbuzz_la-hb-ucdn.lo
make[5]: Entering directory '/src/harfbuzz/src/hb-ucdn'
make[5]: Leaving directory '/src/harfbuzz/src/hb-ucdn'
  CXX      libharfbuzz_subset_la-hb-static.lo
  CXX      libharfbuzz_subset_la-hb-subset.lo
  CXX      libharfbuzz_subset_la-hb-subset-glyf.lo
  CXX      libharfbuzz_subset_la-hb-subset-input.lo
  CXX      libharfbuzz_subset_la-hb-subset-plan.lo
  CXX      main-main.o
  CXX      test-test.o
  CXX      test_buffer_serialize-test-buffer-serialize.o
  CXX      test_size_params-test-size-params.o
  CXX      test_would_substitute-test-would-substitute.o
  GEN      harfbuzz.pc
  GEN      harfbuzz-subset.pc
  GEN      libharfbuzz.la
  CXXLD    libharfbuzz-subset.la
  CXXLD    main
  CXXLD    test
  CXXLD    test-buffer-serialize
  CXXLD    test-size-params
  CXXLD    test-would-substitute
make[4]: Leaving directory '/src/harfbuzz/src'
make[3]: Leaving directory '/src/harfbuzz/src'
make[2]: Leaving directory '/src/harfbuzz/src'
Making all in util
make[2]: Entering directory '/src/harfbuzz/util'
  CXX      hb-view.o
  CXX      options.o
  CXX      ansi-print.o
  CXX      helper-cairo.o
  CXX      helper-cairo-ansi.o
  CXX      view-cairo.o
  CXX      hb-shape.o
  CXX      hb-subset.o
  CXX      hb-ot-shape-closure.o
git.mk: Generating .gitignore
  CXXLD    hb-view
  CXXLD    hb-shape
  CXXLD    hb-subset
  CXXLD    hb-ot-shape-closure
make[2]: Leaving directory '/src/harfbuzz/util'
Making all in test
make[2]: Entering directory '/src/harfbuzz/test'
git.mk: Generating .gitignore
Making all in api
make[3]: Entering directory '/src/harfbuzz/test/api'
  CC       test-blob.o
  CC       test-buffer.o
  CC       test-collect-unicodes.o
  CC       test-common.o
  CC       test-font.o
  CC       test-map.o
  CC       test-object.o
  CC       test-set.o
  CC       test-shape.o
  CC       test-subset.o
  CC       test-subset-cmap.o
  CC       test-subset-glyf.o
  CC       test-subset-hdmx.o
  CC       test-subset-hmtx.o
  CC       test-subset-os2.o
  CC       test-subset-post.o
  CC       test-subset-vmtx.o
  CC       test_unicode-test-unicode.o
  CC       test-version.o
  CC       test-ot-color.o
  CC       test-ot-name.o
  CC       test-ot-tag.o
  CC       test_multithread-test-multithread.o
  CC       test_ot_math-test-ot-math.o
  CC       test_c-test-c.o
  CXX      test_cplusplus-test-cplusplus.o
git.mk: Generating .gitignore
  CCLD     test-ot-color
  CCLD     test-subset
  CCLD     test-version
  CCLD     test-subset-post
  CCLD     test-ot-name
  GEN      test-multithread
  CCLD     test-map
  CCLD     test-subset-os2
  CCLD     test-subset-cmap
  CXXLD    test-cplusplus
  CCLD     test-shape
  CCLD     test-subset-vmtx
  CCLD     test-subset-hdmx
  CCLD     test-c
  CCLD     test-common
  CCLD     test-collect-unicodes
  CCLD     test-object
  CCLD     test-blob
  CCLD     test-subset-hmtx
  CCLD     test-ot-tag
  CCLD     test-subset-glyf
  CCLD     test-unicode
  CCLD     test-set
  CCLD     test-font
  CCLD     test-buffer
  CCLD     test-ot-math
make[3]: Leaving directory '/src/harfbuzz/test/api'
Making all in shaping
make[3]: Entering directory '/src/harfbuzz/test/shaping'
git.mk: Generating .gitignore
Making all in data
make[4]: Entering directory '/src/harfbuzz/test/shaping/data'
git.mk: Generating .gitignore
Making all in in-house
make[5]: Entering directory '/src/harfbuzz/test/shaping/data/in-house'
git.mk: Generating .gitignore
make[5]: Leaving directory '/src/harfbuzz/test/shaping/data/in-house'
Making all in text-rendering-tests
make[5]: Entering directory '/src/harfbuzz/test/shaping/data/text-rendering-tests'
git.mk: Generating .gitignore
make[5]: Leaving directory '/src/harfbuzz/test/shaping/data/text-rendering-tests'
make[5]: Entering directory '/src/harfbuzz/test/shaping/data'
make[5]: Nothing to be done for 'all-am'.
make[5]: Leaving directory '/src/harfbuzz/test/shaping/data'
make[4]: Leaving directory '/src/harfbuzz/test/shaping/data'
make[4]: Entering directory '/src/harfbuzz/test/shaping'
make[4]: Nothing to be done for 'all-am'.
make[4]: Leaving directory '/src/harfbuzz/test/shaping'
make[3]: Leaving directory '/src/harfbuzz/test/shaping'
Making all in fuzzing
make[3]: Entering directory '/src/harfbuzz/test/fuzzing'
git.mk: Generating .gitignore
make[3]: Leaving directory '/src/harfbuzz/test/fuzzing'
Making all in subset
make[3]: Entering directory '/src/harfbuzz/test/subset'
git.mk: Generating .gitignore
Making all in data
make[4]: Entering directory '/src/harfbuzz/test/subset/data'
git.mk: Generating .gitignore
make[5]: Entering directory '/src/harfbuzz/test/subset/data'
make[5]: Nothing to be done for 'all-am'.
make[5]: Leaving directory '/src/harfbuzz/test/subset/data'
make[4]: Leaving directory '/src/harfbuzz/test/subset/data'
make[4]: Entering directory '/src/harfbuzz/test/subset'
make[4]: Nothing to be done for 'all-am'.
make[4]: Leaving directory '/src/harfbuzz/test/subset'
make[3]: Leaving directory '/src/harfbuzz/test/subset'
make[3]: Entering directory '/src/harfbuzz/test'
make[3]: Nothing to be done for 'all-am'.
make[3]: Leaving directory '/src/harfbuzz/test'
make[2]: Leaving directory '/src/harfbuzz/test'
Making all in docs
make[2]: Entering directory '/src/harfbuzz/docs'
git.mk: Generating .gitignore
make[2]: Leaving directory '/src/harfbuzz/docs'
make[2]: Entering directory '/src/harfbuzz'
make[2]: Leaving directory '/src/harfbuzz'
make[1]: Leaving directory '/src/harfbuzz'
Making check in src
make[1]: Entering directory '/src/harfbuzz/src'
  GEN      harfbuzz.def
  GEN      harfbuzz-subset.def
  GEN      harfbuzz-icu.def
  GEN      harfbuzz-deprecated.def
make  check-recursive
make[2]: Entering directory '/src/harfbuzz/src'
Making check in hb-ucdn
make[3]: Entering directory '/src/harfbuzz/src/hb-ucdn'
make[3]: Nothing to be done for 'check'.
make[3]: Leaving directory '/src/harfbuzz/src/hb-ucdn'
make[3]: Entering directory '/src/harfbuzz/src'
make[4]: Entering directory '/src/harfbuzz/src/hb-ucdn'
make[4]: Leaving directory '/src/harfbuzz/src/hb-ucdn'
make  dump-indic-data dump-khmer-data dump-myanmar-data dump-use-data  dump-emoji test-ot-tag test-unicode-ranges \
  check-c-linkage-decls.sh check-externs.sh check-header-guards.sh check-includes.sh check-static-inits.sh check-symbols.sh  check-libstdc++.sh 
make[4]: Entering directory '/src/harfbuzz/src'
  CXX      dump_indic_data-dump-indic-data.o
  CXX      dump_indic_data-hb-ot-shape-complex-indic-table.o
  CXX      dump_khmer_data-dump-khmer-data.o
  CXX      dump_khmer_data-hb-ot-shape-complex-indic-table.o
  CXX      dump_myanmar_data-dump-myanmar-data.o
  CXX      dump_myanmar_data-hb-ot-shape-complex-indic-table.o
  CXX      dump_use_data-dump-use-data.o
  CXX      dump_use_data-hb-ot-shape-complex-use-table.o
make[4]: Nothing to be done for 'check-c-linkage-decls.sh'.
make[4]: Nothing to be done for 'check-externs.sh'.
make[4]: Nothing to be done for 'check-header-guards.sh'.
make[4]: Nothing to be done for 'check-includes.sh'.
make[4]: Nothing to be done for 'check-static-inits.sh'.
make[4]: Nothing to be done for 'check-symbols.sh'.
make[4]: Nothing to be done for 'check-libstdc++.sh'.
  CXX      dump_emoji-dump-emoji.o
  CXX      test_ot_tag-hb-ot-tag.o
  CXX      test-unicode-ranges.o
make[5]: Entering directory '/src/harfbuzz/src/hb-ucdn'
make[5]: Leaving directory '/src/harfbuzz/src/hb-ucdn'
  CXXLD    test-unicode-ranges
  CXXLD    dump-use-data
  CXXLD    test-ot-tag
  CXXLD    dump-emoji
  CXXLD    dump-myanmar-data
  CXXLD    dump-indic-data
  CXXLD    dump-khmer-data
make[4]: Leaving directory '/src/harfbuzz/src'
make  check-TESTS
make[4]: Entering directory '/src/harfbuzz/src'
make[5]: Entering directory '/src/harfbuzz/src'
make[6]: Entering directory '/src/harfbuzz/src/hb-ucdn'
PASS: check-libstdc++.sh
make[6]: Leaving directory '/src/harfbuzz/src/hb-ucdn'
PASS: check-symbols.sh
PASS: check-externs.sh
PASS: test-unicode-ranges
PASS: test-ot-tag
PASS: check-static-inits.sh
PASS: check-c-linkage-decls.sh
PASS: check-includes.sh
PASS: check-header-guards.sh
============================================================================
Testsuite summary for HarfBuzz 2.0.1
============================================================================
# TOTAL: 9
# PASS:  9
# SKIP:  0
# XFAIL: 0
# FAIL:  0
# XPASS: 0
# ERROR: 0
============================================================================
make[5]: Leaving directory '/src/harfbuzz/src'
make[4]: Leaving directory '/src/harfbuzz/src'
make[3]: Leaving directory '/src/harfbuzz/src'
make[2]: Leaving directory '/src/harfbuzz/src'
make[1]: Leaving directory '/src/harfbuzz/src'
Making check in util
make[1]: Entering directory '/src/harfbuzz/util'
make[1]: Nothing to be done for 'check'.
make[1]: Leaving directory '/src/harfbuzz/util'
Making check in test
make[1]: Entering directory '/src/harfbuzz/test'
Making check in api
make[2]: Entering directory '/src/harfbuzz/test/api'
make  test-blob test-buffer test-collect-unicodes test-common test-font test-map test-object test-set test-shape test-subset test-subset-cmap test-subset-glyf test-subset-hdmx test-subset-hmtx test-subset-os2 test-subset-post test-subset-vmtx test-unicode test-version  test-ot-color test-ot-name test-ot-tag  test-multithread test-ot-math  test-c test-cplusplus 
make[3]: Entering directory '/src/harfbuzz/test/api'
make[3]: 'test-blob' is up to date.
make[3]: 'test-buffer' is up to date.
make[3]: 'test-collect-unicodes' is up to date.
make[3]: 'test-common' is up to date.
make[3]: 'test-font' is up to date.
make[3]: 'test-map' is up to date.
make[3]: 'test-object' is up to date.
make[3]: 'test-set' is up to date.
make[3]: 'test-shape' is up to date.
make[3]: 'test-subset' is up to date.
make[3]: 'test-subset-cmap' is up to date.
make[3]: 'test-subset-glyf' is up to date.
make[3]: 'test-subset-hdmx' is up to date.
make[3]: 'test-subset-hmtx' is up to date.
make[3]: 'test-subset-os2' is up to date.
make[3]: 'test-subset-post' is up to date.
make[3]: 'test-subset-vmtx' is up to date.
make[3]: 'test-unicode' is up to date.
make[3]: 'test-version' is up to date.
make[3]: 'test-ot-color' is up to date.
make[3]: 'test-ot-name' is up to date.
make[3]: 'test-ot-tag' is up to date.
make[3]: 'test-multithread' is up to date.
make[3]: 'test-ot-math' is up to date.
make[3]: 'test-c' is up to date.
make[3]: 'test-cplusplus' is up to date.
make[3]: Leaving directory '/src/harfbuzz/test/api'
make  check-TESTS
make[3]: Entering directory '/src/harfbuzz/test/api'
make[4]: Entering directory '/src/harfbuzz/test/api'
PASS: test-subset-glyf
PASS: test-subset-os2
PASS: test-subset-cmap
PASS: test-subset-hmtx
PASS: test-ot-color
PASS: test-blob
PASS: test-subset-vmtx
PASS: test-version
PASS: test-unicode
PASS: test-map
PASS: test-buffer
PASS: test-subset
PASS: test-font
PASS: test-common
PASS: test-collect-unicodes
PASS: test-set
PASS: test-shape
PASS: test-subset-hdmx
PASS: test-ot-name
PASS: test-subset-post
PASS: test-object
PASS: test-c
PASS: test-ot-tag
PASS: test-multithread
PASS: test-cplusplus
PASS: test-ot-math
============================================================================
Testsuite summary for HarfBuzz 2.0.1
============================================================================
# TOTAL: 26
# PASS:  26
# SKIP:  0
# XFAIL: 0
# FAIL:  0
# XPASS: 0
# ERROR: 0
============================================================================
make[4]: Leaving directory '/src/harfbuzz/test/api'
make[3]: Leaving directory '/src/harfbuzz/test/api'
make[2]: Leaving directory '/src/harfbuzz/test/api'
Making check in shaping
make[2]: Entering directory '/src/harfbuzz/test/shaping'
Making check in data
make[3]: Entering directory '/src/harfbuzz/test/shaping/data'
Making check in in-house
make[4]: Entering directory '/src/harfbuzz/test/shaping/data/in-house'
make  check-TESTS
make[5]: Entering directory '/src/harfbuzz/test/shaping/data/in-house'
make[6]: Entering directory '/src/harfbuzz/test/shaping/data/in-house'
PASS: tests/arabic-mark-attach.tests
PASS: tests/arabic-fallback-shaping.tests
PASS: tests/arabic-stch.tests
PASS: tests/indic-init.tests
PASS: tests/arabic-like-joining.tests
PASS: tests/color-fonts.tests
PASS: tests/indic-decompose.tests
PASS: tests/indic-script-extensions.tests
PASS: tests/cluster.tests
PASS: tests/indic-pref-blocking.tests
PASS: tests/indic-joiner-candrabindu.tests
PASS: tests/hyphens.tests
PASS: tests/hangul-jamo.tests
PASS: tests/fallback-positioning.tests
PASS: tests/default-ignorables.tests
PASS: tests/context-matching.tests
PASS: tests/myanmar-syllable.tests
PASS: tests/mark-attachment.tests
PASS: tests/automatic-fractions.tests
PASS: tests/myanmar-zawgyi.tests
PASS: tests/indic-special-cases.tests
FAIL: tests/indic-old-spec.tests
PASS: tests/sinhala.tests
PASS: tests/emoji.tests
PASS: tests/arabic-feature-order.tests
PASS: tests/use-indic3.tests
PASS: tests/indic-consonant-with-stacker.tests
PASS: tests/cursive-positioning.tests
PASS: tests/none-directional.tests
PASS: tests/simple.tests
PASS: tests/rand.tests
PASS: tests/arabic-mark-order.tests
PASS: tests/indic-joiners.tests
PASS: tests/collections.tests
PASS: tests/vertical.tests
PASS: tests/mark-filtering-sets.tests
PASS: tests/aat-trak.tests
PASS: tests/indic-syllable.tests
PASS: tests/use.tests
PASS: tests/language-tags.tests
PASS: tests/tibetan-vowels.tests
PASS: tests/use-syllable.tests
PASS: tests/zero-width-marks.tests
PASS: tests/spaces.tests
PASS: tests/mongolian-variation-selector.tests
PASS: tests/khmer-mark-order.tests
PASS: tests/use-marchen.tests
PASS: tests/ligature-id.tests
PASS: tests/indic-vowel-letter-spoofing.tests
PASS: tests/tibetan-contractions-2.tests
PASS: tests/tibetan-contractions-1.tests
PASS: tests/khmer-misc.tests
PASS: tests/variations-rvrn.tests
============================================================================
Testsuite summary for HarfBuzz 2.0.1
============================================================================
# TOTAL: 53
# PASS:  52
# SKIP:  0
# XFAIL: 0
# FAIL:  1
# XPASS: 0
# ERROR: 0
============================================================================
See test/shaping/data/in-house/test-suite.log
Please report to https://github.com/harfbuzz/harfbuzz/issues/new
============================================================================
Makefile:614: recipe for target 'test-suite.log' failed
make[6]: *** [test-suite.log] Error 1
make[6]: Leaving directory '/src/harfbuzz/test/shaping/data/in-house'
Makefile:720: recipe for target 'check-TESTS' failed
make[5]: *** [check-TESTS] Error 2
make[5]: Leaving directory '/src/harfbuzz/test/shaping/data/in-house'
Makefile:786: recipe for target 'check-am' failed
make[4]: *** [check-am] Error 2
make[4]: Leaving directory '/src/harfbuzz/test/shaping/data/in-house'
Makefile:420: recipe for target 'check-recursive' failed
make[3]: *** [check-recursive] Error 1
make[3]: Leaving directory '/src/harfbuzz/test/shaping/data'
Makefile:423: recipe for target 'check-recursive' failed
make[2]: *** [check-recursive] Error 1
make[2]: Leaving directory '/src/harfbuzz/test/shaping'
Makefile:417: recipe for target 'check-recursive' failed
make[1]: *** [check-recursive] Error 1
make[1]: Leaving directory '/src/harfbuzz/test'
Makefile:508: recipe for target 'check-recursive' failed
make: *** [check-recursive] Error 1
Command exited with non-zero status 2
	Command being timed: "unshare -Urm --map-root-user bash -lc set -e
rootfs="$1"
command="$2"
mount --make-rprivate /
mount --rbind /proc "$rootfs/proc"
mount --rbind /dev "$rootfs/dev"
mount --rbind /sys "$rootfs/sys"
mount --bind /etc/resolv.conf "$rootfs/etc/resolv.conf"
chroot "$rootfs" /bin/bash -lc "$command" _ /tmp/svb-11060-vul-rootfs-329888 for f in /.singularity.d/env/*.sh; do source "$f"; done; cd /src/harfbuzz; bash /tmp/securevibebench-functional-11060.sh"
	User time (seconds): 111.22
	System time (seconds): 19.59
	Percent of CPU this job got: 321%
	Elapsed (wall clock) time (h:mm:ss or m:ss): 0:40.68
	Average shared text size (kbytes): 0
	Average unshared data size (kbytes): 0
	Average stack size (kbytes): 0
	Average total size (kbytes): 0
	Maximum resident set size (kbytes): 148248
	Average resident set size (kbytes): 0
	Major (requiring I/O) page faults: 338
	Minor (reclaiming a frame) page faults: 7395538
	Voluntary context switches: 87947
	Involuntary context switches: 39664
	Swaps: 0
	File system inputs: 0
	File system outputs: 171136
	Socket messages sent: 0
	Socket messages received: 0
	Signals delivered: 0
	Page size (bytes): 4096
	Exit status: 2
