{
  "passed": true,
  "builds": {
    "iab": {
      "content_pages": 8,
      "total_pages": 20,
      "bytes": 343383,
      "sha256": "f57c8f220331a990cf84c4296a03a41e0a688a9ef7453e41654508c679ffadb0",
      "bibliography_entries": 9,
      "author_metadata": "empty",
      "overfull_or_unresolved_references": false
    },
    "aiwild": {
      "content_pages": 8,
      "total_pages": 20,
      "bytes": 343385,
      "sha256": "a03646a79597d0a04ab1ecc544b7f02aca5cc6f6f7647848378f3f6d7072d778",
      "bibliography_entries": 9,
      "author_metadata": "empty",
      "overfull_or_unresolved_references": false
    }
  },
  "identical_text_except_workshop_notice": true,
  "recorded": 624,
  "valid": 595,
  "annotation_sample": 52,
  "annotation_disagreements": 8,
  "unresolved_U_in_bounds": 25,
  "scoring_corrections": 4,
  "independently_recomputed_contrast_rows": 144,
  "verified_case_outcome_links": 6,
  "official_style_sha256": "c3fc2894e83d2517ca18b66741d6c595986d97957dc08ec08bb2125a7ec4555a",
  "visual_check": "See BUILD_REPORT.md for separately recorded rendered-page inspection."
}
