{
  "passed": true,
  "builds": {
    "iab": {
      "content_pages": 8,
      "total_pages": 20,
      "bytes": 342019,
      "sha256": "f12ba31a4d78f3ec4fbd06bc30950b17b8d2737557ec5dde04b4b052f94e9f7b",
      "bibliography_entries": 9,
      "author_metadata": "empty",
      "overfull_or_unresolved_references": false
    },
    "aiwild": {
      "content_pages": 8,
      "total_pages": 20,
      "bytes": 342019,
      "sha256": "7ef72a32124486505963274dbd0a3dd1716f1cd15f7bc55475215acf6c811d1f",
      "bibliography_entries": 9,
      "author_metadata": "empty",
      "overfull_or_unresolved_references": false
    }
  },
  "identical_text_except_workshop_notice": true,
  "recorded": 624,
  "valid": 595,
  "annotation_sample": 52,
  "annotation_disagreements": 8,
  "unresolved_U_in_bounds": 25,
  "scoring_corrections": 4,
  "independently_recomputed_contrast_rows": 144,
  "verified_case_outcome_links": 6,
  "official_style_sha256": "c3fc2894e83d2517ca18b66741d6c595986d97957dc08ec08bb2125a7ec4555a",
  "visual_check": "See BUILD_REPORT.md for separately recorded rendered-page inspection."
}
