INFO: Seed: 374235548
INFO: Loaded 1 modules   (15828 inline 8-bit counters): 15828 [0xa79610, 0xa7d3e4), 
INFO: Loaded 1 PC tables (15828 PCs): 15828 [0xa7d3e8,0xabb128), 
/out/hb-shape-fuzzer: Running 1 inputs 1 time(s) each.
Running: /tmp/poc
Executed /tmp/poc in 1 ms
***
*** NOTE: fuzzing was not performed, you have only
***       executed the target code on a fixed set of inputs.
***
	Command being timed: "unshare -Urm --map-root-user bash -lc set -e
rootfs="$1"
command="$2"
mount --make-rprivate /
mount --rbind /proc "$rootfs/proc"
mount --rbind /dev "$rootfs/dev"
mount --rbind /sys "$rootfs/sys"
chroot "$rootfs" /bin/bash -lc "$command" _ /tmp/svb-11060-vul-rootfs-329888 for f in /.singularity.d/env/*.sh; do source "$f"; done; arvo"
	User time (seconds): 0.03
	System time (seconds): 0.04
	Percent of CPU this job got: 102%
	Elapsed (wall clock) time (h:mm:ss or m:ss): 0:00.07
	Average shared text size (kbytes): 0
	Average unshared data size (kbytes): 0
	Average stack size (kbytes): 0
	Average total size (kbytes): 0
	Maximum resident set size (kbytes): 29920
	Average resident set size (kbytes): 0
	Major (requiring I/O) page faults: 0
	Minor (reclaiming a frame) page faults: 11047
	Voluntary context switches: 44
	Involuntary context switches: 3
	Swaps: 0
	File system inputs: 0
	File system outputs: 0
	Socket messages sent: 0
	Socket messages received: 0
	Signals delivered: 0
	Page size (bytes): 4096
	Exit status: 0
