======================= INFO =========================
This binary is built for AFL-fuzz.
To run the target function on individual input(s) execute this:
  /out/hb-shape-fuzzer < INPUT_FILE
or
  /out/hb-shape-fuzzer INPUT_FILE1 [INPUT_FILE2 ... ]
To fuzz with afl-fuzz execute this:
  afl-fuzz [afl-flags] /out/hb-shape-fuzzer [-N]
afl-fuzz will run N iterations before re-spawning the process (default: 1000)
======================================================
Reading 52 bytes from /tmp/poc
=================================================================
==2469440==ERROR: AddressSanitizer: heap-buffer-overflow on address 0x606000000114 at pc 0x00000054668e bp 0x7ffdcf7bef50 sp 0x7ffdcf7bef48
READ of size 1 at 0x606000000114 thread T0
SCARINESS: 12 (1-byte-read-heap-buffer-overflow)
    #0 0x54668d in BEInt<unsigned short, 2>::operator unsigned short() const /src/harfbuzz/src/./hb-machinery.hh:678:13
    #1 0x5d6f5c in AAT::LookupFormat10<OT::IntType<unsigned short, 2u> >::sanitize(hb_sanitize_context_t*) const /src/harfbuzz/src/./hb-aat-layout-common.hh:273:5
    #2 0x5d67e7 in AAT::Lookup<OT::IntType<unsigned short, 2u> >::sanitize(hb_sanitize_context_t*) const /src/harfbuzz/src/./hb-aat-layout-common.hh:327:14
    #3 0x5d62b9 in OT::OffsetTo<AAT::Lookup<OT::IntType<unsigned short, 2u> >, OT::IntType<unsigned int, 4u>, false>::sanitize(hb_sanitize_context_t*, void const*) const /src/harfbuzz/src/./hb-open-type.hh:284:5
    #4 0x5e5a5a in AAT::StateTable<AAT::KerxSubTableFormat1::EntryData>::sanitize(hb_sanitize_context_t*, unsigned int*) const /src/harfbuzz/src/./hb-aat-layout-common.hh:452:9
    #5 0x5e58b2 in AAT::KerxSubTableFormat1::sanitize(hb_sanitize_context_t*) const /src/harfbuzz/src/./hb-aat-layout-kerx-table.hh:216:5
    #6 0x5e5023 in hb_sanitize_context_t::return_t AAT::KerxTable::dispatch<hb_sanitize_context_t>(hb_sanitize_context_t*) const /src/harfbuzz/src/./hb-aat-layout-kerx-table.hh:594:15
    #7 0x5e4d5b in AAT::KerxTable::sanitize(hb_sanitize_context_t*) const /src/harfbuzz/src/./hb-aat-layout-kerx-table.hh:609:5
    #8 0x5e4b9e in AAT::kerx::sanitize(hb_sanitize_context_t*) const /src/harfbuzz/src/./hb-aat-layout-kerx-table.hh:691:19
    #9 0x5e4761 in hb_blob_t* hb_sanitize_context_t::sanitize_blob<AAT::kerx>(hb_blob_t*) /src/harfbuzz/src/./hb-machinery.hh:390:15
    #10 0x5e458f in hb_table_lazy_loader_t<AAT::kerx, 4u>::create(hb_face_t*) /src/harfbuzz/src/./hb-machinery.hh:886:37
    #11 0x5e434c in hb_lazy_loader_t<AAT::kerx, hb_table_lazy_loader_t<AAT::kerx, 4u>, hb_face_t, 4u, hb_blob_t>::do_create() const /src/harfbuzz/src/./hb-machinery.hh:787:32
    #12 0x5e428b in hb_lazy_loader_t<AAT::kerx, hb_table_lazy_loader_t<AAT::kerx, 4u>, hb_face_t, 4u, hb_blob_t>::get_stored() const /src/harfbuzz/src/./hb-machinery.hh:812:11
    #13 0x5e41bc in hb_lazy_loader_t<AAT::kerx, hb_table_lazy_loader_t<AAT::kerx, 4u>, hb_face_t, 4u, hb_blob_t>::get() const /src/harfbuzz/src/./hb-machinery.hh:837:69
    #14 0x5d332c in _get_kerx(hb_face_t*, hb_blob_t**) /src/harfbuzz/src/hb-aat-layout.cc:159:58
    #15 0x5d32ce in hb_aat_layout_has_positioning(hb_face_t*) /src/harfbuzz/src/hb-aat-layout.cc:208:10
    #16 0x57f2af in hb_ot_shape_planner_t::compile(hb_ot_shape_plan_t&, int const*, unsigned int) /src/harfbuzz/src/hb-ot-shape.cc:100:12
    #17 0x5801eb in _hb_ot_shaper_shape_plan_data_create /src/harfbuzz/src/hb-ot-shape.cc:284:11
    #18 0x5671de in hb_shape_plan_plan(hb_shape_plan_t*, hb_feature_t const*, unsigned int, int const*, unsigned int, char const* const*) /src/harfbuzz/src/./hb-shaper-list.hh:42:1
    #19 0x566f2e in hb_shape_plan_create2 /src/harfbuzz/src/hb-shape-plan.cc:198:3
    #20 0x568356 in hb_shape_plan_create_cached2 /src/harfbuzz/src/hb-shape-plan.cc:534:33
    #21 0x566671 in hb_shape_full /src/harfbuzz/src/hb-shape.cc:137:33
    #22 0x530217 in LLVMFuzzerTestOneInput /src/harfbuzz/./test/fuzzing/hb-shape-fuzzer.cc:20:5
    #23 0x5307ae in ExecuteFilesOnyByOne(int, char**) /src/libfuzzer/afl/afl_driver.cpp:301:5
    #24 0x530d1e in main /src/libfuzzer/afl/afl_driver.cpp:339:12
    #25 0x7fcd9361183f in __libc_start_main (/lib/x86_64-linux-gnu/libc.so.6+0x2083f)
    #26 0x41cd58 in _start (/out/hb-shape-fuzzer+0x41cd58)

DEDUP_TOKEN: BEInt<unsigned short, 2>::operator unsigned short() const--AAT::LookupFormat10<OT::IntType<unsigned short, 2u> >::sanitize(hb_sanitize_context_t*) const--AAT::Lookup<OT::IntType<unsigned short, 2u> >::sanitize(hb_sanitize_context_t*) const
0x606000000114 is located 0 bytes to the right of 52-byte region [0x6060000000e0,0x606000000114)
allocated by thread T0 here:
    #0 0x52bbc8 in operator new(unsigned long) /src/llvm/projects/compiler-rt/lib/asan/asan_new_delete.cc:106
    #1 0x5306c9 in __libcpp_allocate /usr/local/bin/../include/c++/v1/new:257:10
    #2 0x5306c9 in allocate /usr/local/bin/../include/c++/v1/memory:1800
    #3 0x5306c9 in allocate /usr/local/bin/../include/c++/v1/memory:1549
    #4 0x5306c9 in __vallocate /usr/local/bin/../include/c++/v1/vector:972
    #5 0x5306c9 in vector /usr/local/bin/../include/c++/v1/vector:1115
    #6 0x5306c9 in ExecuteFilesOnyByOne(int, char**) /src/libfuzzer/afl/afl_driver.cpp:298
    #7 0x530d1e in main /src/libfuzzer/afl/afl_driver.cpp:339:12
    #8 0x7fcd9361183f in __libc_start_main (/lib/x86_64-linux-gnu/libc.so.6+0x2083f)

DEDUP_TOKEN: operator new(unsigned long)--__libcpp_allocate--allocate
SUMMARY: AddressSanitizer: heap-buffer-overflow /src/harfbuzz/src/./hb-machinery.hh:678:13 in BEInt<unsigned short, 2>::operator unsigned short() const
Shadow bytes around the buggy address:
  0x0c0c7fff7fd0: 00 00 00 00 00 00 00 00 00 00 00 00 00 00 00 00
  0x0c0c7fff7fe0: 00 00 00 00 00 00 00 00 00 00 00 00 00 00 00 00
  0x0c0c7fff7ff0: 00 00 00 00 00 00 00 00 00 00 00 00 00 00 00 00
  0x0c0c7fff8000: fa fa fa fa fd fd fd fd fd fd fd fa fa fa fa fa
  0x0c0c7fff8010: 00 00 00 00 00 00 07 fa fa fa fa fa 00 00 00 00
=>0x0c0c7fff8020: 00 00[04]fa fa fa fa fa 00 00 00 00 00 00 00 fa
  0x0c0c7fff8030: fa fa fa fa 00 00 00 00 00 00 00 fa fa fa fa fa
  0x0c0c7fff8040: fa fa fa fa fa fa fa fa fa fa fa fa fa fa fa fa
  0x0c0c7fff8050: fa fa fa fa fa fa fa fa fa fa fa fa fa fa fa fa
  0x0c0c7fff8060: fa fa fa fa fa fa fa fa fa fa fa fa fa fa fa fa
  0x0c0c7fff8070: fa fa fa fa fa fa fa fa fa fa fa fa fa fa fa fa
Shadow byte legend (one shadow byte represents 8 application bytes):
  Addressable:           00
  Partially addressable: 01 02 03 04 05 06 07 
  Heap left redzone:       fa
  Freed heap region:       fd
  Stack left redzone:      f1
  Stack mid redzone:       f2
  Stack right redzone:     f3
  Stack after return:      f5
  Stack use after scope:   f8
  Global redzone:          f9
  Global init order:       f6
  Poisoned by user:        f7
  Container overflow:      fc
  Array cookie:            ac
  Intra object redzone:    bb
  ASan internal:           fe
  Left alloca redzone:     ca
  Right alloca redzone:    cb
  Shadow gap:              cc
==2469440==ABORTING
Command exited with non-zero status 1
	Command being timed: "unshare -Urm --map-root-user bash -lc set -e
rootfs="$1"
command="$2"
mount --make-rprivate /
mount --rbind /proc "$rootfs/proc"
mount --rbind /dev "$rootfs/dev"
mount --rbind /sys "$rootfs/sys"
mount --bind /etc/resolv.conf "$rootfs/etc/resolv.conf"
chroot "$rootfs" /bin/bash -lc "$command" _ /tmp/svb-11074-vul-rootfs-814818 for f in /.singularity.d/env/*.sh; do source "$f"; done; arvo"
	User time (seconds): 0.03
	System time (seconds): 0.03
	Percent of CPU this job got: 58%
	Elapsed (wall clock) time (h:mm:ss or m:ss): 0:00.12
	Average shared text size (kbytes): 0
	Average unshared data size (kbytes): 0
	Average stack size (kbytes): 0
	Average total size (kbytes): 0
	Maximum resident set size (kbytes): 8856
	Average resident set size (kbytes): 0
	Major (requiring I/O) page faults: 0
	Minor (reclaiming a frame) page faults: 4708
	Voluntary context switches: 78
	Involuntary context switches: 21
	Swaps: 0
	File system inputs: 0
	File system outputs: 0
	Socket messages sent: 0
	Socket messages received: 0
	Signals delivered: 0
	Page size (bytes): 4096
	Exit status: 1
