HEAD is now at 91f1553 Make throwRuntimeError/throwLogicError print msg when built with JSON_USE_EXCEPTION=0
Removing build/
Previous HEAD position was 91f1553... Make throwRuntimeError/throwLogicError print msg when built with JSON_USE_EXCEPTION=0
HEAD is now at 83946a2... Ignore byte order mark in the head of UTF-8 text. (#1149)
	Command being timed: "unshare -Urm --map-root-user bash -lc set -e
rootfs="$1"
command="$2"
mount --make-rprivate /
mount --rbind /proc "$rootfs/proc"
mount --rbind /dev "$rootfs/dev"
mount --rbind /sys "$rootfs/sys"
mount --bind /etc/resolv.conf "$rootfs/etc/resolv.conf"
chroot "$rootfs" /bin/bash -lc "$command" _ /tmp/svb-21916-vul-rootfs-571573 for f in /.singularity.d/env/*.sh; do source "$f"; done; cd /src/jsoncpp; git reset --hard; git clean -fdx; git checkout -f 83946a28db3d13ffe8184bdae23287a81c09fd7f; git status --porcelain"
	User time (seconds): 0.04
	System time (seconds): 0.05
	Percent of CPU this job got: 97%
	Elapsed (wall clock) time (h:mm:ss or m:ss): 0:00.09
	Average shared text size (kbytes): 0
	Average unshared data size (kbytes): 0
	Average stack size (kbytes): 0
	Average total size (kbytes): 0
	Maximum resident set size (kbytes): 5592
	Average resident set size (kbytes): 0
	Major (requiring I/O) page faults: 0
	Minor (reclaiming a frame) page faults: 4353
	Voluntary context switches: 50
	Involuntary context switches: 4
	Swaps: 0
	File system inputs: 0
	File system outputs: 560
	Socket messages sent: 0
	Socket messages received: 0
	Signals delivered: 0
	Page size (bytes): 4096
	Exit status: 0
