[
  {
    "file": "anonymous-paper-source.zip",
    "bytes": 872917,
    "files": 87,
    "sha256": "4c7a805ec8eeaeb39b4add9462f2fd0607199c9ae8b3676dfee0866db00767e1"
  },
  {
    "file": "anonymous-analysis.zip",
    "bytes": 166464,
    "files": 67,
    "sha256": "7952ac8b911f484ead64822f986e1f44e7366cd462cffc46e0bc3841410e509b"
  },
  {
    "file": "anonymous-static-evidence.zip",
    "bytes": 4320686,
    "files": 692,
    "sha256": "64717599b78d7ec74d0f3c9328968aa2eba0b9420e95aa48b1a5ff06b307aa27"
  }
]
