[
  {
    "file": "anonymous-paper-source.zip",
    "bytes": 868610,
    "files": 86,
    "sha256": "6a49f9ca2315076be27e664bca1006d358fac51c8349c1b4089e834cb6b7acc6"
  },
  {
    "file": "anonymous-analysis.zip",
    "bytes": 165388,
    "files": 66,
    "sha256": "ed13ddef018ea60d31b6de10e563fd3cd0227fb2e8b005fddf3373d0dec71bcb"
  },
  {
    "file": "anonymous-static-evidence.zip",
    "bytes": 4320686,
    "files": 692,
    "sha256": "70c540f3875139f483b2667d18feb31e04584b2ca09be8ee2e076594750def05"
  }
]
