{
  "passed": true,
  "builds": {
    "iab": {
      "content_pages": 8,
      "total_pages": 20,
      "bytes": 342725,
      "sha256": "869377674fa2a3d205ea29c1cde898b149f0d884017e7a049f78fd9da0b39ec6",
      "bibliography_entries": 9,
      "author_metadata": "empty",
      "overfull_or_unresolved_references": false
    },
    "aiwild": {
      "content_pages": 8,
      "total_pages": 20,
      "bytes": 342733,
      "sha256": "ec3758f1d87688b378654f4564ce0575a766c368e6fe88f2d7f1c34e748d01da",
      "bibliography_entries": 9,
      "author_metadata": "empty",
      "overfull_or_unresolved_references": false
    }
  },
  "identical_text_except_workshop_notice": true,
  "recorded": 624,
  "valid": 595,
  "annotation_sample": 52,
  "annotation_disagreements": 8,
  "unresolved_U_in_bounds": 25,
  "scoring_corrections": 4,
  "independently_recomputed_contrast_rows": 144,
  "verified_case_outcome_links": 6,
  "official_style_sha256": "c3fc2894e83d2517ca18b66741d6c595986d97957dc08ec08bb2125a7ec4555a",
  "visual_check": "See BUILD_REPORT.md for separately recorded rendered-page inspection."
}
