{
  "passed": true,
  "builds": {
    "iab": {
      "content_pages": 7,
      "total_pages": 20,
      "bytes": 406903,
      "sha256": "267bdb7f5f121e8da4a9ff640e17019b20cc51f69aaf7d53b4f8e48caaaa3756",
      "bibliography_entries": 9,
      "author_metadata": "empty",
      "overfull_or_unresolved_references": false
    },
    "aiwild": {
      "content_pages": 7,
      "total_pages": 20,
      "bytes": 406894,
      "sha256": "d1f584f1b49453c186e5fc80b283c8d8d2f257089e1b1bf61e4873bcda7977fa",
      "bibliography_entries": 9,
      "author_metadata": "empty",
      "overfull_or_unresolved_references": false
    }
  },
  "identical_text_except_workshop_notice": true,
  "recorded": 624,
  "valid": 595,
  "annotation_sample": 52,
  "annotation_disagreements": 8,
  "unresolved_U_in_bounds": 25,
  "scoring_corrections": 4,
  "independently_recomputed_contrast_rows": 144,
  "verified_case_outcome_links": 6,
  "official_style_sha256": "c3fc2894e83d2517ca18b66741d6c595986d97957dc08ec08bb2125a7ec4555a",
  "visual_check": "See BUILD_REPORT.md for separately recorded rendered-page inspection."
}
