======================= INFO =========================
This binary is built for AFL-fuzz.
To run the target function on individual input(s) execute this:
  /out/jsoncpp_fuzzer < INPUT_FILE
or
  /out/jsoncpp_fuzzer INPUT_FILE1 [INPUT_FILE2 ... ]
To fuzz with afl-fuzz execute this:
  afl-fuzz [afl-flags] /out/jsoncpp_fuzzer [-N]
afl-fuzz will run N iterations before re-spawning the process (default: 1000)
======================================================
Reading 4 bytes from /tmp/poc
=================================================================
==2383743==ERROR: AddressSanitizer: heap-buffer-overflow on address 0x602000000014 at pc 0x000000431de9 bp 0x7ffd38298810 sp 0x7ffd38297fb0
READ of size 1 at 0x602000000014 thread T0
SCARINESS: 12 (1-byte-read-heap-buffer-overflow)
    #0 0x431de8 in strncmp /src/llvm-project/compiler-rt/lib/asan/../sanitizer_common/sanitizer_common_interceptors.inc:476:3
    #1 0x4e170d in skipBom /src/jsoncpp/src/lib_json/json_reader.cpp:1279:9
    #2 0x4e170d in Json::OurReader::parse(char const*, char const*, Json::Value&, bool) /src/jsoncpp/src/lib_json/json_reader.cpp:1028:3
    #3 0x4fd433 in Json::OurCharReader::parse(char const*, char const*, Json::Value*, std::__1::basic_string<char, std::__1::char_traits<char>, std::__1::allocator<char> >*) /src/jsoncpp/src/lib_json/json_reader.cpp:1876:23
    #4 0x4cb55c in LLVMFuzzerTestOneInput /src/jsoncpp/build/../src/test_lib_json/fuzz.cpp:49:13
    #5 0x4c95ce in ExecuteFilesOnyByOne /src/libfuzzer/afl/afl_driver.cpp:216:5
    #6 0x4c95ce in main /src/libfuzzer/afl/afl_driver.cpp:253:12
    #7 0x7fad28f1383f in __libc_start_main (/lib/x86_64-linux-gnu/libc.so.6+0x2083f)
    #8 0x41dec8 in _start (/out/jsoncpp_fuzzer+0x41dec8)

DEDUP_TOKEN: strncmp--skipBom--Json::OurReader::parse(char const*, char const*, Json::Value&, bool)
0x602000000014 is located 0 bytes to the right of 4-byte region [0x602000000010,0x602000000014)
allocated by thread T0 here:
    #0 0x4c68dd in operator new(unsigned long) /src/llvm-project/compiler-rt/lib/asan/asan_new_delete.cpp:99:3
    #1 0x4c9567 in __libcpp_allocate /usr/local/bin/../include/c++/v1/new:253:10
    #2 0x4c9567 in allocate /usr/local/bin/../include/c++/v1/memory:1853:37
    #3 0x4c9567 in allocate /usr/local/bin/../include/c++/v1/memory:1570:21
    #4 0x4c9567 in __vallocate /usr/local/bin/../include/c++/v1/vector:994:37
    #5 0x4c9567 in vector /usr/local/bin/../include/c++/v1/vector:1125:9
    #6 0x4c9567 in ExecuteFilesOnyByOne /src/libfuzzer/afl/afl_driver.cpp:213:23
    #7 0x4c9567 in main /src/libfuzzer/afl/afl_driver.cpp:253:12
    #8 0x7fad28f1383f in __libc_start_main (/lib/x86_64-linux-gnu/libc.so.6+0x2083f)

DEDUP_TOKEN: operator new(unsigned long)--__libcpp_allocate--allocate
SUMMARY: AddressSanitizer: heap-buffer-overflow /src/llvm-project/compiler-rt/lib/asan/../sanitizer_common/sanitizer_common_interceptors.inc:476:3 in strncmp
Shadow bytes around the buggy address:
  0x0c047fff7fb0: 00 00 00 00 00 00 00 00 00 00 00 00 00 00 00 00
  0x0c047fff7fc0: 00 00 00 00 00 00 00 00 00 00 00 00 00 00 00 00
  0x0c047fff7fd0: 00 00 00 00 00 00 00 00 00 00 00 00 00 00 00 00
  0x0c047fff7fe0: 00 00 00 00 00 00 00 00 00 00 00 00 00 00 00 00
  0x0c047fff7ff0: 00 00 00 00 00 00 00 00 00 00 00 00 00 00 00 00
=>0x0c047fff8000: fa fa[04]fa fa fa fd fd fa fa 00 00 fa fa fd fd
  0x0c047fff8010: fa fa 00 06 fa fa fd fd fa fa 00 03 fa fa fd fd
  0x0c047fff8020: fa fa 00 03 fa fa fd fd fa fa 00 04 fa fa fd fd
  0x0c047fff8030: fa fa 00 06 fa fa fd fd fa fa 00 01 fa fa fd fd
  0x0c047fff8040: fa fa 00 07 fa fa fd fd fa fa 00 04 fa fa fd fd
  0x0c047fff8050: fa fa 00 05 fa fa fd fd fa fa 00 07 fa fa 00 fa
Shadow byte legend (one shadow byte represents 8 application bytes):
  Addressable:           00
  Partially addressable: 01 02 03 04 05 06 07 
  Heap left redzone:       fa
  Freed heap region:       fd
  Stack left redzone:      f1
  Stack mid redzone:       f2
  Stack right redzone:     f3
  Stack after return:      f5
  Stack use after scope:   f8
  Global redzone:          f9
  Global init order:       f6
  Poisoned by user:        f7
  Container overflow:      fc
  Array cookie:            ac
  Intra object redzone:    bb
  ASan internal:           fe
  Left alloca redzone:     ca
  Right alloca redzone:    cb
  Shadow gap:              cc
==2383743==ABORTING
Command exited with non-zero status 1
	Command being timed: "unshare -Urm --map-root-user bash -lc set -e
rootfs="$1"
command="$2"
mount --make-rprivate /
mount --rbind /proc "$rootfs/proc"
mount --rbind /dev "$rootfs/dev"
mount --rbind /sys "$rootfs/sys"
mount --bind /etc/resolv.conf "$rootfs/etc/resolv.conf"
chroot "$rootfs" /bin/bash -lc "$command" _ /tmp/svb-21916-vul-rootfs-571573 for f in /.singularity.d/env/*.sh; do source "$f"; done; arvo"
	User time (seconds): 0.04
	System time (seconds): 0.02
	Percent of CPU this job got: 67%
	Elapsed (wall clock) time (h:mm:ss or m:ss): 0:00.10
	Average shared text size (kbytes): 0
	Average unshared data size (kbytes): 0
	Average stack size (kbytes): 0
	Average total size (kbytes): 0
	Maximum resident set size (kbytes): 7372
	Average resident set size (kbytes): 0
	Major (requiring I/O) page faults: 0
	Minor (reclaiming a frame) page faults: 4711
	Voluntary context switches: 56
	Involuntary context switches: 22
	Swaps: 0
	File system inputs: 0
	File system outputs: 0
	Socket messages sent: 0
	Socket messages received: 0
	Signals delivered: 0
	Page size (bytes): 4096
	Exit status: 1
