HEAD is now at 257ded1 [trak] Fix test for previous fix
Removing .gitignore
Removing INSTALL
Removing Makefile
Removing Makefile.in
Removing aclocal.m4
Removing ar-lib
Removing autom4te.cache/
Removing compile
Removing config.guess
Removing config.h
Removing config.h.in
Removing config.log
Removing config.status
Removing config.sub
Removing configure
Removing depcomp
Removing docs/.gitignore
Removing docs/Makefile
Removing docs/Makefile.in
Removing docs/version.xml
Removing gtk-doc.make
Removing install-sh
Removing libtool
Removing ltmain.sh
Removing m4/gtk-doc.m4
Removing m4/libtool.m4
Removing m4/ltoptions.m4
Removing m4/ltsugar.m4
Removing m4/ltversion.m4
Removing m4/lt~obsolete.m4
Removing missing
Removing src/.deps/
Removing src/.gitignore
Removing src/.libs/
Removing src/Makefile
Removing src/Makefile.in
Removing src/check-c-linkage-decls.sh.log
Removing src/check-c-linkage-decls.sh.trs
Removing src/check-externs.sh.log
Removing src/check-externs.sh.trs
Removing src/check-header-guards.sh.log
Removing src/check-header-guards.sh.trs
Removing src/check-includes.sh.log
Removing src/check-includes.sh.trs
Removing src/check-libstdc++.sh.log
Removing src/check-libstdc++.sh.trs
Removing src/check-static-inits.sh.log
Removing src/check-static-inits.sh.trs
Removing src/check-symbols.sh.log
Removing src/check-symbols.sh.trs
Removing src/dump-emoji
Removing src/dump-indic-data
Removing src/dump-khmer-data
Removing src/dump-myanmar-data
Removing src/dump-use-data
Removing src/dump_emoji-dump-emoji.o
Removing src/dump_indic_data-dump-indic-data.o
Removing src/dump_indic_data-hb-ot-shape-complex-indic-table.o
Removing src/dump_khmer_data-dump-khmer-data.o
Removing src/dump_khmer_data-hb-ot-shape-complex-indic-table.o
Removing src/dump_myanmar_data-dump-myanmar-data.o
Removing src/dump_myanmar_data-hb-ot-shape-complex-indic-table.o
Removing src/dump_use_data-dump-use-data.o
Removing src/dump_use_data-hb-ot-shape-complex-use-table.o
Removing src/harfbuzz-config.cmake
Removing src/harfbuzz-deprecated.def
Removing src/harfbuzz-icu.def
Removing src/harfbuzz-subset.def
Removing src/harfbuzz-subset.pc
Removing src/harfbuzz.def
Removing src/harfbuzz.pc
Removing src/hb-ucdn/.deps/
Removing src/hb-ucdn/.gitignore
Removing src/hb-ucdn/.libs/
Removing src/hb-ucdn/Makefile
Removing src/hb-ucdn/Makefile.in
Removing src/hb-ucdn/libhb-ucdn.la
Removing src/hb-ucdn/libhb_ucdn_la-ucdn.lo
Removing src/libharfbuzz-subset.la
Removing src/libharfbuzz.la
Removing src/libharfbuzz_la-hb-aat-layout.lo
Removing src/libharfbuzz_la-hb-blob.lo
Removing src/libharfbuzz_la-hb-buffer-serialize.lo
Removing src/libharfbuzz_la-hb-buffer.lo
Removing src/libharfbuzz_la-hb-common.lo
Removing src/libharfbuzz_la-hb-face.lo
Removing src/libharfbuzz_la-hb-fallback-shape.lo
Removing src/libharfbuzz_la-hb-font.lo
Removing src/libharfbuzz_la-hb-ft.lo
Removing src/libharfbuzz_la-hb-glib.lo
Removing src/libharfbuzz_la-hb-map.lo
Removing src/libharfbuzz_la-hb-ot-color.lo
Removing src/libharfbuzz_la-hb-ot-face.lo
Removing src/libharfbuzz_la-hb-ot-font.lo
Removing src/libharfbuzz_la-hb-ot-layout.lo
Removing src/libharfbuzz_la-hb-ot-map.lo
Removing src/libharfbuzz_la-hb-ot-math.lo
Removing src/libharfbuzz_la-hb-ot-shape-complex-arabic.lo
Removing src/libharfbuzz_la-hb-ot-shape-complex-default.lo
Removing src/libharfbuzz_la-hb-ot-shape-complex-hangul.lo
Removing src/libharfbuzz_la-hb-ot-shape-complex-hebrew.lo
Removing src/libharfbuzz_la-hb-ot-shape-complex-indic-table.lo
Removing src/libharfbuzz_la-hb-ot-shape-complex-indic.lo
Removing src/libharfbuzz_la-hb-ot-shape-complex-khmer.lo
Removing src/libharfbuzz_la-hb-ot-shape-complex-myanmar.lo
Removing src/libharfbuzz_la-hb-ot-shape-complex-thai.lo
Removing src/libharfbuzz_la-hb-ot-shape-complex-use-table.lo
Removing src/libharfbuzz_la-hb-ot-shape-complex-use.lo
Removing src/libharfbuzz_la-hb-ot-shape-fallback.lo
Removing src/libharfbuzz_la-hb-ot-shape-normalize.lo
Removing src/libharfbuzz_la-hb-ot-shape.lo
Removing src/libharfbuzz_la-hb-ot-tag.lo
Removing src/libharfbuzz_la-hb-ot-var.lo
Removing src/libharfbuzz_la-hb-set.lo
Removing src/libharfbuzz_la-hb-shape-plan.lo
Removing src/libharfbuzz_la-hb-shape.lo
Removing src/libharfbuzz_la-hb-shaper.lo
Removing src/libharfbuzz_la-hb-static.lo
Removing src/libharfbuzz_la-hb-ucdn.lo
Removing src/libharfbuzz_la-hb-unicode.lo
Removing src/libharfbuzz_la-hb-warning.lo
Removing src/libharfbuzz_subset_la-hb-static.lo
Removing src/libharfbuzz_subset_la-hb-subset-glyf.lo
Removing src/libharfbuzz_subset_la-hb-subset-input.lo
Removing src/libharfbuzz_subset_la-hb-subset-plan.lo
Removing src/libharfbuzz_subset_la-hb-subset.lo
Removing src/main
Removing src/main-main.o
Removing src/test
Removing src/test-buffer-serialize
Removing src/test-ot-tag
Removing src/test-ot-tag.log
Removing src/test-ot-tag.trs
Removing src/test-size-params
Removing src/test-suite.log
Removing src/test-test.o
Removing src/test-unicode-ranges
Removing src/test-unicode-ranges.log
Removing src/test-unicode-ranges.o
Removing src/test-unicode-ranges.trs
Removing src/test-would-substitute
Removing src/test_buffer_serialize-test-buffer-serialize.o
Removing src/test_ot_tag-hb-ot-tag.o
Removing src/test_size_params-test-size-params.o
Removing src/test_would_substitute-test-would-substitute.o
Removing stamp-h1
Removing test-driver
Removing test/.gitignore
Removing test/Makefile
Removing test/Makefile.in
Removing test/api/.deps/
Removing test/api/.gitignore
Removing test/api/.libs/
Removing test/api/Makefile
Removing test/api/Makefile.in
Removing test/api/test-blob
Removing test/api/test-blob.log
Removing test/api/test-blob.o
Removing test/api/test-blob.trs
Removing test/api/test-buffer
Removing test/api/test-buffer.log
Removing test/api/test-buffer.o
Removing test/api/test-buffer.trs
Removing test/api/test-c
Removing test/api/test-c.log
Removing test/api/test-c.trs
Removing test/api/test-collect-unicodes
Removing test/api/test-collect-unicodes.log
Removing test/api/test-collect-unicodes.o
Removing test/api/test-collect-unicodes.trs
Removing test/api/test-common
Removing test/api/test-common.log
Removing test/api/test-common.o
Removing test/api/test-common.trs
Removing test/api/test-cplusplus
Removing test/api/test-cplusplus.log
Removing test/api/test-cplusplus.trs
Removing test/api/test-font
Removing test/api/test-font.log
Removing test/api/test-font.o
Removing test/api/test-font.trs
Removing test/api/test-map
Removing test/api/test-map.log
Removing test/api/test-map.o
Removing test/api/test-map.trs
Removing test/api/test-multithread
Removing test/api/test-multithread.log
Removing test/api/test-multithread.trs
Removing test/api/test-object
Removing test/api/test-object.log
Removing test/api/test-object.o
Removing test/api/test-object.trs
Removing test/api/test-ot-color
Removing test/api/test-ot-color.log
Removing test/api/test-ot-color.o
Removing test/api/test-ot-color.trs
Removing test/api/test-ot-math
Removing test/api/test-ot-math.log
Removing test/api/test-ot-math.trs
Removing test/api/test-ot-name
Removing test/api/test-ot-name.log
Removing test/api/test-ot-name.o
Removing test/api/test-ot-name.trs
Removing test/api/test-ot-tag
Removing test/api/test-ot-tag.log
Removing test/api/test-ot-tag.o
Removing test/api/test-ot-tag.trs
Removing test/api/test-set
Removing test/api/test-set.log
Removing test/api/test-set.o
Removing test/api/test-set.trs
Removing test/api/test-shape
Removing test/api/test-shape.log
Removing test/api/test-shape.o
Removing test/api/test-shape.trs
Removing test/api/test-subset
Removing test/api/test-subset-cmap
Removing test/api/test-subset-cmap.log
Removing test/api/test-subset-cmap.o
Removing test/api/test-subset-cmap.trs
Removing test/api/test-subset-glyf
Removing test/api/test-subset-glyf.log
Removing test/api/test-subset-glyf.o
Removing test/api/test-subset-glyf.trs
Removing test/api/test-subset-hdmx
Removing test/api/test-subset-hdmx.log
Removing test/api/test-subset-hdmx.o
Removing test/api/test-subset-hdmx.trs
Removing test/api/test-subset-hmtx
Removing test/api/test-subset-hmtx.log
Removing test/api/test-subset-hmtx.o
Removing test/api/test-subset-hmtx.trs
Removing test/api/test-subset-os2
Removing test/api/test-subset-os2.log
Removing test/api/test-subset-os2.o
Removing test/api/test-subset-os2.trs
Removing test/api/test-subset-post
Removing test/api/test-subset-post.log
Removing test/api/test-subset-post.o
Removing test/api/test-subset-post.trs
Removing test/api/test-subset-vmtx
Removing test/api/test-subset-vmtx.log
Removing test/api/test-subset-vmtx.o
Removing test/api/test-subset-vmtx.trs
Removing test/api/test-subset.log
Removing test/api/test-subset.o
Removing test/api/test-subset.trs
Removing test/api/test-suite.log
Removing test/api/test-unicode
Removing test/api/test-unicode.log
Removing test/api/test-unicode.trs
Removing test/api/test-version
Removing test/api/test-version.log
Removing test/api/test-version.o
Removing test/api/test-version.trs
Removing test/api/test_c-test-c.o
Removing test/api/test_cplusplus-test-cplusplus.o
Removing test/api/test_multithread-test-multithread.o
Removing test/api/test_ot_math-test-ot-math.o
Removing test/api/test_unicode-test-unicode.o
Removing test/fuzzing/.deps/
Removing test/fuzzing/.gitignore
Removing test/fuzzing/Makefile
Removing test/fuzzing/Makefile.in
Removing test/shaping/.gitignore
Removing test/shaping/Makefile
Removing test/shaping/Makefile.in
Removing test/shaping/data/.gitignore
Removing test/shaping/data/Makefile
Removing test/shaping/data/Makefile.in
Removing test/shaping/data/in-house/.gitignore
Removing test/shaping/data/in-house/Makefile
Removing test/shaping/data/in-house/Makefile.in
Removing test/shaping/data/in-house/test-suite.log
Removing test/shaping/data/in-house/tests/aat-trak.log
Removing test/shaping/data/in-house/tests/aat-trak.trs
Removing test/shaping/data/in-house/tests/arabic-fallback-shaping.log
Removing test/shaping/data/in-house/tests/arabic-fallback-shaping.trs
Removing test/shaping/data/in-house/tests/arabic-feature-order.log
Removing test/shaping/data/in-house/tests/arabic-feature-order.trs
Removing test/shaping/data/in-house/tests/arabic-like-joining.log
Removing test/shaping/data/in-house/tests/arabic-like-joining.trs
Removing test/shaping/data/in-house/tests/arabic-mark-attach.log
Removing test/shaping/data/in-house/tests/arabic-mark-attach.trs
Removing test/shaping/data/in-house/tests/arabic-mark-order.log
Removing test/shaping/data/in-house/tests/arabic-mark-order.trs
Removing test/shaping/data/in-house/tests/arabic-stch.log
Removing test/shaping/data/in-house/tests/arabic-stch.trs
Removing test/shaping/data/in-house/tests/automatic-fractions.log
Removing test/shaping/data/in-house/tests/automatic-fractions.trs
Removing test/shaping/data/in-house/tests/cluster.log
Removing test/shaping/data/in-house/tests/cluster.trs
Removing test/shaping/data/in-house/tests/collections.log
Removing test/shaping/data/in-house/tests/collections.trs
Removing test/shaping/data/in-house/tests/color-fonts.log
Removing test/shaping/data/in-house/tests/color-fonts.trs
Removing test/shaping/data/in-house/tests/context-matching.log
Removing test/shaping/data/in-house/tests/context-matching.trs
Removing test/shaping/data/in-house/tests/cursive-positioning.log
Removing test/shaping/data/in-house/tests/cursive-positioning.trs
Removing test/shaping/data/in-house/tests/default-ignorables.log
Removing test/shaping/data/in-house/tests/default-ignorables.trs
Removing test/shaping/data/in-house/tests/emoji.log
Removing test/shaping/data/in-house/tests/emoji.trs
Removing test/shaping/data/in-house/tests/fallback-positioning.log
Removing test/shaping/data/in-house/tests/fallback-positioning.trs
Removing test/shaping/data/in-house/tests/hangul-jamo.log
Removing test/shaping/data/in-house/tests/hangul-jamo.trs
Removing test/shaping/data/in-house/tests/hyphens.log
Removing test/shaping/data/in-house/tests/hyphens.trs
Removing test/shaping/data/in-house/tests/indic-consonant-with-stacker.log
Removing test/shaping/data/in-house/tests/indic-consonant-with-stacker.trs
Removing test/shaping/data/in-house/tests/indic-decompose.log
Removing test/shaping/data/in-house/tests/indic-decompose.trs
Removing test/shaping/data/in-house/tests/indic-init.log
Removing test/shaping/data/in-house/tests/indic-init.trs
Removing test/shaping/data/in-house/tests/indic-joiner-candrabindu.log
Removing test/shaping/data/in-house/tests/indic-joiner-candrabindu.trs
Removing test/shaping/data/in-house/tests/indic-joiners.log
Removing test/shaping/data/in-house/tests/indic-joiners.trs
Removing test/shaping/data/in-house/tests/indic-old-spec.log
Removing test/shaping/data/in-house/tests/indic-old-spec.trs
Removing test/shaping/data/in-house/tests/indic-pref-blocking.log
Removing test/shaping/data/in-house/tests/indic-pref-blocking.trs
Removing test/shaping/data/in-house/tests/indic-script-extensions.log
Removing test/shaping/data/in-house/tests/indic-script-extensions.trs
Removing test/shaping/data/in-house/tests/indic-special-cases.log
Removing test/shaping/data/in-house/tests/indic-special-cases.trs
Removing test/shaping/data/in-house/tests/indic-syllable.log
Removing test/shaping/data/in-house/tests/indic-syllable.trs
Removing test/shaping/data/in-house/tests/indic-vowel-letter-spoofing.log
Removing test/shaping/data/in-house/tests/indic-vowel-letter-spoofing.trs
Removing test/shaping/data/in-house/tests/khmer-mark-order.log
Removing test/shaping/data/in-house/tests/khmer-mark-order.trs
Removing test/shaping/data/in-house/tests/khmer-misc.log
Removing test/shaping/data/in-house/tests/khmer-misc.trs
Removing test/shaping/data/in-house/tests/language-tags.log
Removing test/shaping/data/in-house/tests/language-tags.trs
Removing test/shaping/data/in-house/tests/ligature-id.log
Removing test/shaping/data/in-house/tests/ligature-id.trs
Removing test/shaping/data/in-house/tests/mark-attachment.log
Removing test/shaping/data/in-house/tests/mark-attachment.trs
Removing test/shaping/data/in-house/tests/mark-filtering-sets.log
Removing test/shaping/data/in-house/tests/mark-filtering-sets.trs
Removing test/shaping/data/in-house/tests/mongolian-variation-selector.log
Removing test/shaping/data/in-house/tests/mongolian-variation-selector.trs
Removing test/shaping/data/in-house/tests/myanmar-syllable.log
Removing test/shaping/data/in-house/tests/myanmar-syllable.trs
Removing test/shaping/data/in-house/tests/myanmar-zawgyi.log
Removing test/shaping/data/in-house/tests/myanmar-zawgyi.trs
Removing test/shaping/data/in-house/tests/none-directional.log
Removing test/shaping/data/in-house/tests/none-directional.trs
Removing test/shaping/data/in-house/tests/rand.log
Removing test/shaping/data/in-house/tests/rand.trs
Removing test/shaping/data/in-house/tests/simple.log
Removing test/shaping/data/in-house/tests/simple.trs
Removing test/shaping/data/in-house/tests/sinhala.log
Removing test/shaping/data/in-house/tests/sinhala.trs
Removing test/shaping/data/in-house/tests/spaces.log
Removing test/shaping/data/in-house/tests/spaces.trs
Removing test/shaping/data/in-house/tests/tibetan-contractions-1.log
Removing test/shaping/data/in-house/tests/tibetan-contractions-1.trs
Removing test/shaping/data/in-house/tests/tibetan-contractions-2.log
Removing test/shaping/data/in-house/tests/tibetan-contractions-2.trs
Removing test/shaping/data/in-house/tests/tibetan-vowels.log
Removing test/shaping/data/in-house/tests/tibetan-vowels.trs
Removing test/shaping/data/in-house/tests/use-indic3.log
Removing test/shaping/data/in-house/tests/use-indic3.trs
Removing test/shaping/data/in-house/tests/use-marchen.log
Removing test/shaping/data/in-house/tests/use-marchen.trs
Removing test/shaping/data/in-house/tests/use-syllable.log
Removing test/shaping/data/in-house/tests/use-syllable.trs
Removing test/shaping/data/in-house/tests/use.log
Removing test/shaping/data/in-house/tests/use.trs
Removing test/shaping/data/in-house/tests/variations-rvrn.log
Removing test/shaping/data/in-house/tests/variations-rvrn.trs
Removing test/shaping/data/in-house/tests/vertical.log
Removing test/shaping/data/in-house/tests/vertical.trs
Removing test/shaping/data/in-house/tests/zero-width-marks.log
Removing test/shaping/data/in-house/tests/zero-width-marks.trs
Removing test/shaping/data/text-rendering-tests/.gitignore
Removing test/shaping/data/text-rendering-tests/Makefile
Removing test/shaping/data/text-rendering-tests/Makefile.in
Removing test/subset/.gitignore
Removing test/subset/Makefile
Removing test/subset/Makefile.in
Removing test/subset/data/.gitignore
Removing test/subset/data/Makefile
Removing test/subset/data/Makefile.in
Removing util/.deps/
Removing util/.gitignore
Removing util/.libs/
Removing util/Makefile
Removing util/Makefile.in
Removing util/ansi-print.o
Removing util/hb-ot-shape-closure
Removing util/hb-ot-shape-closure.o
Removing util/hb-shape
Removing util/hb-shape.o
Removing util/hb-subset
Removing util/hb-subset.o
Removing util/hb-view
Removing util/hb-view.o
Removing util/helper-cairo-ansi.o
Removing util/helper-cairo.o
Removing util/options.o
Removing util/view-cairo.o
Previous HEAD position was 257ded1... [trak] Fix test for previous fix
HEAD is now at f7c0b43... [aat] Implement LookupFormat10
	Command being timed: "unshare -Urm --map-root-user bash -lc set -e
rootfs="$1"
command="$2"
mount --make-rprivate /
mount --rbind /proc "$rootfs/proc"
mount --rbind /dev "$rootfs/dev"
mount --rbind /sys "$rootfs/sys"
mount --bind /etc/resolv.conf "$rootfs/etc/resolv.conf"
chroot "$rootfs" /bin/bash -lc "$command" _ /tmp/svb-11060-vul-rootfs-329888 for f in /.singularity.d/env/*.sh; do source "$f"; done; cd /src/harfbuzz; git reset --hard; git clean -fdx; git checkout -f f7c0b4319c6f82f1e0020a0029469d8953a7a161; git status --porcelain"
	User time (seconds): 0.04
	System time (seconds): 0.06
	Percent of CPU this job got: 98%
	Elapsed (wall clock) time (h:mm:ss or m:ss): 0:00.11
	Average shared text size (kbytes): 0
	Average unshared data size (kbytes): 0
	Average stack size (kbytes): 0
	Average total size (kbytes): 0
	Maximum resident set size (kbytes): 12976
	Average resident set size (kbytes): 0
	Major (requiring I/O) page faults: 0
	Minor (reclaiming a frame) page faults: 4825
	Voluntary context switches: 56
	Involuntary context switches: 24
	Swaps: 0
	File system inputs: 0
	File system outputs: 1056
	Socket messages sent: 0
	Socket messages received: 0
	Signals delivered: 0
	Page size (bytes): 4096
	Exit status: 0
