HEAD is now at 29d8775 [kerx] Implement variation-kerning tables (without the variation part)
Note: checking out '257ded1f9ec653d15e79d2ea0a83bd8c5c53d831'.

You are in 'detached HEAD' state. You can look around, make experimental
changes and commit them, and you can discard any commits you make in this
state without impacting any branches by performing another checkout.

If you want to create a new branch to retain commits you create, you may
do so (now or later) by using -b with the checkout command again. Example:

  git checkout -b <new-branch-name>

HEAD is now at 257ded1... [trak] Fix test for previous fix
	Command being timed: "unshare -Urm --map-root-user bash -lc set -e
rootfs="$1"
command="$2"
mount --make-rprivate /
mount --rbind /proc "$rootfs/proc"
mount --rbind /dev "$rootfs/dev"
mount --rbind /sys "$rootfs/sys"
mount --bind /etc/resolv.conf "$rootfs/etc/resolv.conf"
chroot "$rootfs" /bin/bash -lc "$command" _ /tmp/svb-11074-vul-rootfs-814818 for f in /.singularity.d/env/*.sh; do source "$f"; done; cd /src/harfbuzz; git reset --hard; git clean -fdx; git checkout -f 257ded1f9ec653d15e79d2ea0a83bd8c5c53d831; git status --porcelain"
	User time (seconds): 0.19
	System time (seconds): 0.17
	Percent of CPU this job got: 98%
	Elapsed (wall clock) time (h:mm:ss or m:ss): 0:00.37
	Average shared text size (kbytes): 0
	Average unshared data size (kbytes): 0
	Average stack size (kbytes): 0
	Average total size (kbytes): 0
	Maximum resident set size (kbytes): 28660
	Average resident set size (kbytes): 0
	Major (requiring I/O) page faults: 11
	Minor (reclaiming a frame) page faults: 8228
	Voluntary context switches: 61
	Involuntary context switches: 89
	Swaps: 0
	File system inputs: 72
	File system outputs: 33856
	Socket messages sent: 0
	Socket messages received: 0
	Signals delivered: 0
	Page size (bytes): 4096
	Exit status: 0
