INFO: Seed: 264201045
INFO: Loaded 1 modules   (15818 inline 8-bit counters): 15818 [0xa78610, 0xa7c3da), 
INFO: Loaded 1 PC tables (15818 PCs): 15818 [0xa7c3e0,0xaba080), 
/out/hb-shape-fuzzer: Running 1 inputs 1 time(s) each.
Running: /tmp/poc
=================================================================
==2061628==ERROR: AddressSanitizer: heap-buffer-overflow on address 0x6070000000d5 at pc 0x0000005d4c6c bp 0x7ffdd798fdc0 sp 0x7ffdd798fdb8
READ of size 1 at 0x6070000000d5 thread T0
SCARINESS: 12 (1-byte-read-heap-buffer-overflow)
    #0 0x5d4c6b in BEInt<unsigned short, 2>::operator unsigned short() const /src/harfbuzz/src/./hb-machinery.hh:678:13
    #1 0x67b595 in AAT::LookupFormat10<OT::IntType<unsigned int, 4u> >::sanitize(hb_sanitize_context_t*) const /src/harfbuzz/src/./hb-aat-layout-common.hh:273:5
    #2 0x67adf4 in AAT::Lookup<OT::IntType<unsigned int, 4u> >::sanitize(hb_sanitize_context_t*) const /src/harfbuzz/src/./hb-aat-layout-common.hh:327:14
    #3 0x67a9eb in OT::OffsetTo<AAT::Lookup<OT::IntType<unsigned int, 4u> >, OT::IntType<unsigned int, 4u>, false>::sanitize(hb_sanitize_context_t*, void const*) const /src/harfbuzz/src/./hb-open-type.hh:284:5
    #4 0x67a760 in AAT::KerxSubTableFormat6::sanitize(hb_sanitize_context_t*) const /src/harfbuzz/src/./hb-aat-layout-kerx-table.hh:516:5
    #5 0x678781 in hb_sanitize_context_t::return_t AAT::KerxTable::dispatch<hb_sanitize_context_t>(hb_sanitize_context_t*) const /src/harfbuzz/src/./hb-aat-layout-kerx-table.hh:597:15
    #6 0x678412 in AAT::KerxTable::sanitize(hb_sanitize_context_t*) const /src/harfbuzz/src/./hb-aat-layout-kerx-table.hh:609:5
    #7 0x678246 in AAT::kerx::sanitize(hb_sanitize_context_t*) const /src/harfbuzz/src/./hb-aat-layout-kerx-table.hh:691:19
    #8 0x677dd9 in hb_blob_t* hb_sanitize_context_t::sanitize_blob<AAT::kerx>(hb_blob_t*) /src/harfbuzz/src/./hb-machinery.hh:390:15
    #9 0x677c0b in hb_table_lazy_loader_t<AAT::kerx, 4u>::create(hb_face_t*) /src/harfbuzz/src/./hb-machinery.hh:886:37
    #10 0x6779f0 in hb_lazy_loader_t<AAT::kerx, hb_table_lazy_loader_t<AAT::kerx, 4u>, hb_face_t, 4u, hb_blob_t>::do_create() const /src/harfbuzz/src/./hb-machinery.hh:787:32
    #11 0x67793f in hb_lazy_loader_t<AAT::kerx, hb_table_lazy_loader_t<AAT::kerx, 4u>, hb_face_t, 4u, hb_blob_t>::get_stored() const /src/harfbuzz/src/./hb-machinery.hh:812:11
    #12 0x677880 in hb_lazy_loader_t<AAT::kerx, hb_table_lazy_loader_t<AAT::kerx, 4u>, hb_face_t, 4u, hb_blob_t>::get() const /src/harfbuzz/src/./hb-machinery.hh:837:69
    #13 0x6665f8 in _get_kerx(hb_face_t*, hb_blob_t**) /src/harfbuzz/src/hb-aat-layout.cc:159:58
    #14 0x6665a2 in hb_aat_layout_has_positioning(hb_face_t*) /src/harfbuzz/src/hb-aat-layout.cc:208:10
    #15 0x60e515 in hb_ot_shape_planner_t::compile(hb_ot_shape_plan_t&, int const*, unsigned int) /src/harfbuzz/src/hb-ot-shape.cc:100:12
    #16 0x60f507 in _hb_ot_shaper_shape_plan_data_create /src/harfbuzz/src/hb-ot-shape.cc:284:11
    #17 0x5f5e8e in hb_shape_plan_plan(hb_shape_plan_t*, hb_feature_t const*, unsigned int, int const*, unsigned int, char const* const*) /src/harfbuzz/src/./hb-shaper-list.hh:42:1
    #18 0x5f5bea in hb_shape_plan_create2 /src/harfbuzz/src/hb-shape-plan.cc:198:3
    #19 0x5f6ee6 in hb_shape_plan_create_cached2 /src/harfbuzz/src/hb-shape-plan.cc:534:33
    #20 0x5f53fd in hb_shape_full /src/harfbuzz/src/hb-shape.cc:137:33
    #21 0x5304cc in LLVMFuzzerTestOneInput /src/harfbuzz/./test/fuzzing/hb-shape-fuzzer.cc:20:5
    #22 0x55b275 in fuzzer::Fuzzer::ExecuteCallback(unsigned char const*, unsigned long) /src/libfuzzer/FuzzerLoop.cpp:570:15
    #23 0x53117d in fuzzer::RunOneTest(fuzzer::Fuzzer*, char const*, unsigned long) /src/libfuzzer/FuzzerDriver.cpp:280:6
    #24 0x53c9c6 in fuzzer::FuzzerDriver(int*, char***, int (*)(unsigned char const*, unsigned long)) /src/libfuzzer/FuzzerDriver.cpp:713:9
    #25 0x5307fc in main /src/libfuzzer/FuzzerMain.cpp:20:10
    #26 0x7f166762683f in __libc_start_main (/lib/x86_64-linux-gnu/libc.so.6+0x2083f)
    #27 0x41cff8 in _start (/out/hb-shape-fuzzer+0x41cff8)

DEDUP_TOKEN: BEInt<unsigned short, 2>::operator unsigned short() const--AAT::LookupFormat10<OT::IntType<unsigned int, 4u> >::sanitize(hb_sanitize_context_t*) const--AAT::Lookup<OT::IntType<unsigned int, 4u> >::sanitize(hb_sanitize_context_t*) const
0x6070000000d5 is located 0 bytes to the right of 69-byte region [0x607000000090,0x6070000000d5)
allocated by thread T0 here:
    #0 0x52c038 in operator new[](unsigned long) /src/llvm/projects/compiler-rt/lib/asan/asan_new_delete.cc:109
    #1 0x55b027 in fuzzer::Fuzzer::ExecuteCallback(unsigned char const*, unsigned long) /src/libfuzzer/FuzzerLoop.cpp:557:23
    #2 0x53117d in fuzzer::RunOneTest(fuzzer::Fuzzer*, char const*, unsigned long) /src/libfuzzer/FuzzerDriver.cpp:280:6
    #3 0x53c9c6 in fuzzer::FuzzerDriver(int*, char***, int (*)(unsigned char const*, unsigned long)) /src/libfuzzer/FuzzerDriver.cpp:713:9
    #4 0x5307fc in main /src/libfuzzer/FuzzerMain.cpp:20:10
    #5 0x7f166762683f in __libc_start_main (/lib/x86_64-linux-gnu/libc.so.6+0x2083f)

DEDUP_TOKEN: operator new[](unsigned long)--fuzzer::Fuzzer::ExecuteCallback(unsigned char const*, unsigned long)--fuzzer::RunOneTest(fuzzer::Fuzzer*, char const*, unsigned long)
SUMMARY: AddressSanitizer: heap-buffer-overflow /src/harfbuzz/src/./hb-machinery.hh:678:13 in BEInt<unsigned short, 2>::operator unsigned short() const
Shadow bytes around the buggy address:
  0x0c0e7fff7fc0: 00 00 00 00 00 00 00 00 00 00 00 00 00 00 00 00
  0x0c0e7fff7fd0: 00 00 00 00 00 00 00 00 00 00 00 00 00 00 00 00
  0x0c0e7fff7fe0: 00 00 00 00 00 00 00 00 00 00 00 00 00 00 00 00
  0x0c0e7fff7ff0: 00 00 00 00 00 00 00 00 00 00 00 00 00 00 00 00
  0x0c0e7fff8000: fa fa fa fa 00 00 00 00 00 00 00 00 05 fa fa fa
=>0x0c0e7fff8010: fa fa 00 00 00 00 00 00 00 00[05]fa fa fa fa fa
  0x0c0e7fff8020: fa fa fa fa fa fa fa fa fa fa fa fa fa fa fa fa
  0x0c0e7fff8030: fa fa fa fa fa fa fa fa fa fa fa fa fa fa fa fa
  0x0c0e7fff8040: fa fa fa fa fa fa fa fa fa fa fa fa fa fa fa fa
  0x0c0e7fff8050: fa fa fa fa fa fa fa fa fa fa fa fa fa fa fa fa
  0x0c0e7fff8060: fa fa fa fa fa fa fa fa fa fa fa fa fa fa fa fa
Shadow byte legend (one shadow byte represents 8 application bytes):
  Addressable:           00
  Partially addressable: 01 02 03 04 05 06 07 
  Heap left redzone:       fa
  Freed heap region:       fd
  Stack left redzone:      f1
  Stack mid redzone:       f2
  Stack right redzone:     f3
  Stack after return:      f5
  Stack use after scope:   f8
  Global redzone:          f9
  Global init order:       f6
  Poisoned by user:        f7
  Container overflow:      fc
  Array cookie:            ac
  Intra object redzone:    bb
  ASan internal:           fe
  Left alloca redzone:     ca
  Right alloca redzone:    cb
  Shadow gap:              cc
==2061628==ABORTING
Command exited with non-zero status 1
	Command being timed: "unshare -Urm --map-root-user bash -lc set -e
rootfs="$1"
command="$2"
mount --make-rprivate /
mount --rbind /proc "$rootfs/proc"
mount --rbind /dev "$rootfs/dev"
mount --rbind /sys "$rootfs/sys"
chroot "$rootfs" /bin/bash -lc "$command" _ /tmp/svb-11060-vul-rootfs-329888 for f in /.singularity.d/env/*.sh; do source "$f"; done; arvo"
	User time (seconds): 0.02
	System time (seconds): 0.06
	Percent of CPU this job got: 71%
	Elapsed (wall clock) time (h:mm:ss or m:ss): 0:00.12
	Average shared text size (kbytes): 0
	Average unshared data size (kbytes): 0
	Average stack size (kbytes): 0
	Average total size (kbytes): 0
	Maximum resident set size (kbytes): 31088
	Average resident set size (kbytes): 0
	Major (requiring I/O) page faults: 0
	Minor (reclaiming a frame) page faults: 11320
	Voluntary context switches: 80
	Involuntary context switches: 34
	Swaps: 0
	File system inputs: 0
	File system outputs: 0
	Socket messages sent: 0
	Socket messages received: 0
	Signals delivered: 0
	Page size (bytes): 4096
	Exit status: 1
