Hit:1 http://archive.ubuntu.com/ubuntu xenial InRelease
Hit:2 http://security.ubuntu.com/ubuntu xenial-security InRelease
Hit:3 http://archive.ubuntu.com/ubuntu xenial-updates InRelease
Hit:4 http://archive.ubuntu.com/ubuntu xenial-backports InRelease
Reading package lists...
Reading package lists...
Building dependency tree...
Reading state information...
build-essential is already the newest version (12.1ubuntu2).
python3 is already the newest version (3.5.1-3).
cmake is already the newest version (3.5.1-1ubuntu3).
git is already the newest version (1:2.7.4-0ubuntu1.10).
0 upgraded, 0 newly installed, 0 to remove and 0 not upgraded.
2 not fully installed or removed.
After this operation, 0 B of additional disk space will be used.
Setting up sgml-base (1.26+nmu4ubuntu1) ...
chown: changing ownership of '/usr/local/share/sgml/misc': Invalid argument
dpkg: error processing package sgml-base (--configure):
 subprocess installed post-installation script returned error exit status 1
dpkg: dependency problems prevent configuration of xml-core:
 xml-core depends on sgml-base (>= 1.26+nmu2); however:
  Package sgml-base is not configured yet.

dpkg: error processing package xml-core (--configure):
 dependency problems - leaving unconfigured
Errors were encountered while processing:
 sgml-base
 xml-core
W: chown to root:adm of file /var/log/apt/term.log failed - OpenLog (22: Invalid argument)
E: Sub-process /usr/bin/dpkg returned an error code (1)
-- The CXX compiler identification is GNU 5.4.0
-- Check for working CXX compiler: /usr/bin/g++
-- Check for working CXX compiler: /usr/bin/g++ -- works
-- Detecting CXX compiler ABI info
-- Detecting CXX compiler ABI info - done
-- Detecting CXX compile features
-- Detecting CXX compile features - done
-- JsonCpp Version: 1.9.3
-- Looking for C++ include clocale
-- Looking for C++ include clocale - found
-- Looking for localeconv
-- Looking for localeconv - found
-- Looking for C++ include sys/types.h
-- Looking for C++ include sys/types.h - found
-- Looking for C++ include stdint.h
-- Looking for C++ include stdint.h - found
-- Looking for C++ include stddef.h
-- Looking for C++ include stddef.h - found
-- Check size of lconv
-- Check size of lconv - done
-- Performing Test HAVE_DECIMAL_POINT
-- Performing Test HAVE_DECIMAL_POINT - Success
-- Found Python3: /usr/bin/python3.5 (found version "3.5.2") found components:  Interpreter 
-- Configuring done
-- Generating done
CMake Warning:
  Manually-specified variables were not used by the project:

    CMAKE_C_FLAGS


-- Build files have been written to: /src/jsoncpp/build
Scanning dependencies of target jsoncpp_lib
[ 10%] Building CXX object src/lib_json/CMakeFiles/jsoncpp_lib.dir/json_reader.cpp.o
[ 20%] Building CXX object src/lib_json/CMakeFiles/jsoncpp_lib.dir/json_value.cpp.o
[ 30%] Building CXX object src/lib_json/CMakeFiles/jsoncpp_lib.dir/json_writer.cpp.o
In file included from /src/jsoncpp/src/lib_json/json_value.cpp:197:0:
/src/jsoncpp/src/lib_json/json_valueiterator.inl:149:51: warning: unused parameter ‘other’ [-Wunused-parameter]
 ValueIterator::ValueIterator(const ValueIterator& other) = default;
                                                   ^
/src/jsoncpp/src/lib_json/json_valueiterator.inl:149:60: note: synthesized method ‘Json::ValueIterator::ValueIterator(const Json::ValueIterator&)’ first required here 
 ValueIterator::ValueIterator(const ValueIterator& other) = default;
                                                            ^
[ 40%] Linking CXX static library ../../lib/libjsoncpp.a
[ 40%] Built target jsoncpp_lib
Scanning dependencies of target jsontestrunner_exe
Scanning dependencies of target jsoncpp_test
[ 50%] Building CXX object src/jsontestrunner/CMakeFiles/jsontestrunner_exe.dir/main.cpp.o
[ 60%] Building CXX object src/test_lib_json/CMakeFiles/jsoncpp_test.dir/jsontest.cpp.o
[ 70%] Building CXX object src/test_lib_json/CMakeFiles/jsoncpp_test.dir/fuzz.cpp.o
[ 80%] Building CXX object src/test_lib_json/CMakeFiles/jsoncpp_test.dir/main.cpp.o
[ 90%] Linking CXX executable ../../bin/jsontestrunner_exe
[ 90%] Built target jsontestrunner_exe
In file included from /src/jsoncpp/src/test_lib_json/main.cpp:14:0:
/src/jsoncpp/src/test_lib_json/jsontest.h:283:15: warning: ‘testValueTestcheckNormalizeFloatingPointStrcollect’ defined but not used [-Wunused-variable]
   static bool test##FixtureType##name##collect =                               \
               ^
/src/jsoncpp/src/test_lib_json/main.cpp:64:3: note: in expansion of macro ‘JSONTEST_FIXTURE_V2’
   JSONTEST_FIXTURE_V2(FixtureType, name, local_)
   ^
/src/jsoncpp/src/test_lib_json/main.cpp:138:1: note: in expansion of macro ‘JSONTEST_FIXTURE_LOCAL’
 JSONTEST_FIXTURE_LOCAL(ValueTest, checkNormalizeFloatingPointStr) {
 ^
/src/jsoncpp/src/test_lib_json/jsontest.h:283:15: warning: ‘testValueTestmemberCountcollect’ defined but not used [-Wunused-variable]
   static bool test##FixtureType##name##collect =                               \
               ^
/src/jsoncpp/src/test_lib_json/main.cpp:64:3: note: in expansion of macro ‘JSONTEST_FIXTURE_V2’
   JSONTEST_FIXTURE_V2(FixtureType, name, local_)
   ^
/src/jsoncpp/src/test_lib_json/main.cpp:165:1: note: in expansion of macro ‘JSONTEST_FIXTURE_LOCAL’
 JSONTEST_FIXTURE_LOCAL(ValueTest, memberCount) {
 ^
/src/jsoncpp/src/test_lib_json/jsontest.h:283:15: warning: ‘testValueTestobjectscollect’ defined but not used [-Wunused-variable]
   static bool test##FixtureType##name##collect =                               \
               ^
/src/jsoncpp/src/test_lib_json/main.cpp:64:3: note: in expansion of macro ‘JSONTEST_FIXTURE_V2’
   JSONTEST_FIXTURE_V2(FixtureType, name, local_)
   ^
/src/jsoncpp/src/test_lib_json/main.cpp:183:1: note: in expansion of macro ‘JSONTEST_FIXTURE_LOCAL’
 JSONTEST_FIXTURE_LOCAL(ValueTest, objects) {
 ^
/src/jsoncpp/src/test_lib_json/jsontest.h:283:15: warning: ‘testValueTestarrayscollect’ defined but not used [-Wunused-variable]
   static bool test##FixtureType##name##collect =                               \
               ^
/src/jsoncpp/src/test_lib_json/main.cpp:64:3: note: in expansion of macro ‘JSONTEST_FIXTURE_V2’
   JSONTEST_FIXTURE_V2(FixtureType, name, local_)
   ^
/src/jsoncpp/src/test_lib_json/main.cpp:279:1: note: in expansion of macro ‘JSONTEST_FIXTURE_LOCAL’
 JSONTEST_FIXTURE_LOCAL(ValueTest, arrays) {
 ^
/src/jsoncpp/src/test_lib_json/jsontest.h:283:15: warning: ‘testValueTestresizeArraycollect’ defined but not used [-Wunused-variable]
   static bool test##FixtureType##name##collect =                               \
               ^
/src/jsoncpp/src/test_lib_json/main.cpp:64:3: note: in expansion of macro ‘JSONTEST_FIXTURE_V2’
   JSONTEST_FIXTURE_V2(FixtureType, name, local_)
   ^
/src/jsoncpp/src/test_lib_json/main.cpp:324:1: note: in expansion of macro ‘JSONTEST_FIXTURE_LOCAL’
 JSONTEST_FIXTURE_LOCAL(ValueTest, resizeArray) {
 ^
/src/jsoncpp/src/test_lib_json/jsontest.h:283:15: warning: ‘testValueTestgetArrayValuecollect’ defined but not used [-Wunused-variable]
   static bool test##FixtureType##name##collect =                               \
               ^
/src/jsoncpp/src/test_lib_json/main.cpp:64:3: note: in expansion of macro ‘JSONTEST_FIXTURE_V2’
   JSONTEST_FIXTURE_V2(FixtureType, name, local_)
   ^
/src/jsoncpp/src/test_lib_json/main.cpp:350:1: note: in expansion of macro ‘JSONTEST_FIXTURE_LOCAL’
 JSONTEST_FIXTURE_LOCAL(ValueTest, getArrayValue) {
 ^
/src/jsoncpp/src/test_lib_json/jsontest.h:283:15: warning: ‘testValueTestarrayIssue252collect’ defined but not used [-Wunused-variable]
   static bool test##FixtureType##name##collect =                               \
               ^
/src/jsoncpp/src/test_lib_json/main.cpp:64:3: note: in expansion of macro ‘JSONTEST_FIXTURE_V2’
   JSONTEST_FIXTURE_V2(FixtureType, name, local_)
   ^
/src/jsoncpp/src/test_lib_json/main.cpp:368:1: note: in expansion of macro ‘JSONTEST_FIXTURE_LOCAL’
 JSONTEST_FIXTURE_LOCAL(ValueTest, arrayIssue252) {
 ^
/src/jsoncpp/src/test_lib_json/jsontest.h:283:15: warning: ‘testValueTestarrayInsertAtRandomIndexcollect’ defined but not used [-Wunused-variable]
   static bool test##FixtureType##name##collect =                               \
               ^
/src/jsoncpp/src/test_lib_json/main.cpp:64:3: note: in expansion of macro ‘JSONTEST_FIXTURE_V2’
   JSONTEST_FIXTURE_V2(FixtureType, name, local_)
   ^
/src/jsoncpp/src/test_lib_json/main.cpp:381:1: note: in expansion of macro ‘JSONTEST_FIXTURE_LOCAL’
 JSONTEST_FIXTURE_LOCAL(ValueTest, arrayInsertAtRandomIndex) {
 ^
/src/jsoncpp/src/test_lib_json/jsontest.h:283:15: warning: ‘testValueTestnullcollect’ defined but not used [-Wunused-variable]
   static bool test##FixtureType##name##collect =                               \
               ^
/src/jsoncpp/src/test_lib_json/main.cpp:64:3: note: in expansion of macro ‘JSONTEST_FIXTURE_V2’
   JSONTEST_FIXTURE_V2(FixtureType, name, local_)
   ^
/src/jsoncpp/src/test_lib_json/main.cpp:437:1: note: in expansion of macro ‘JSONTEST_FIXTURE_LOCAL’
 JSONTEST_FIXTURE_LOCAL(ValueTest, null) {
 ^
/src/jsoncpp/src/test_lib_json/jsontest.h:283:15: warning: ‘testValueTeststringscollect’ defined but not used [-Wunused-variable]
   static bool test##FixtureType##name##collect =                               \
               ^
/src/jsoncpp/src/test_lib_json/main.cpp:64:3: note: in expansion of macro ‘JSONTEST_FIXTURE_V2’
   JSONTEST_FIXTURE_V2(FixtureType, name, local_)
   ^
/src/jsoncpp/src/test_lib_json/main.cpp:470:1: note: in expansion of macro ‘JSONTEST_FIXTURE_LOCAL’
 JSONTEST_FIXTURE_LOCAL(ValueTest, strings) {
 ^
/src/jsoncpp/src/test_lib_json/jsontest.h:283:15: warning: ‘testValueTestboolscollect’ defined but not used [-Wunused-variable]
   static bool test##FixtureType##name##collect =                               \
               ^
/src/jsoncpp/src/test_lib_json/main.cpp:64:3: note: in expansion of macro ‘JSONTEST_FIXTURE_V2’
   JSONTEST_FIXTURE_V2(FixtureType, name, local_)
   ^
/src/jsoncpp/src/test_lib_json/main.cpp:499:1: note: in expansion of macro ‘JSONTEST_FIXTURE_LOCAL’
 JSONTEST_FIXTURE_LOCAL(ValueTest, bools) {
 ^
/src/jsoncpp/src/test_lib_json/jsontest.h:283:15: warning: ‘testValueTestintegerscollect’ defined but not used [-Wunused-variable]
   static bool test##FixtureType##name##collect =                               \
               ^
/src/jsoncpp/src/test_lib_json/main.cpp:64:3: note: in expansion of macro ‘JSONTEST_FIXTURE_V2’
   JSONTEST_FIXTURE_V2(FixtureType, name, local_)
   ^
/src/jsoncpp/src/test_lib_json/main.cpp:541:1: note: in expansion of macro ‘JSONTEST_FIXTURE_LOCAL’
 JSONTEST_FIXTURE_LOCAL(ValueTest, integers) {
 ^
/src/jsoncpp/src/test_lib_json/jsontest.h:283:15: warning: ‘testValueTestnonIntegerscollect’ defined but not used [-Wunused-variable]
   static bool test##FixtureType##name##collect =                               \
               ^
/src/jsoncpp/src/test_lib_json/main.cpp:64:3: note: in expansion of macro ‘JSONTEST_FIXTURE_V2’
   JSONTEST_FIXTURE_V2(FixtureType, name, local_)
   ^
/src/jsoncpp/src/test_lib_json/main.cpp:1279:1: note: in expansion of macro ‘JSONTEST_FIXTURE_LOCAL’
 JSONTEST_FIXTURE_LOCAL(ValueTest, nonIntegers) {
 ^
/src/jsoncpp/src/test_lib_json/jsontest.h:283:15: warning: ‘testValueTestcompareNullcollect’ defined but not used [-Wunused-variable]
   static bool test##FixtureType##name##collect =                               \
               ^
/src/jsoncpp/src/test_lib_json/main.cpp:64:3: note: in expansion of macro ‘JSONTEST_FIXTURE_V2’
   JSONTEST_FIXTURE_V2(FixtureType, name, local_)
   ^
/src/jsoncpp/src/test_lib_json/main.cpp:1502:1: note: in expansion of macro ‘JSONTEST_FIXTURE_LOCAL’
 JSONTEST_FIXTURE_LOCAL(ValueTest, compareNull) {
 ^
/src/jsoncpp/src/test_lib_json/jsontest.h:283:15: warning: ‘testValueTestcompareIntcollect’ defined but not used [-Wunused-variable]
   static bool test##FixtureType##name##collect =                               \
               ^
/src/jsoncpp/src/test_lib_json/main.cpp:64:3: note: in expansion of macro ‘JSONTEST_FIXTURE_V2’
   JSONTEST_FIXTURE_V2(FixtureType, name, local_)
   ^
/src/jsoncpp/src/test_lib_json/main.cpp:1510:1: note: in expansion of macro ‘JSONTEST_FIXTURE_LOCAL’
 JSONTEST_FIXTURE_LOCAL(ValueTest, compareInt) {
 ^
/src/jsoncpp/src/test_lib_json/jsontest.h:283:15: warning: ‘testValueTestcompareUIntcollect’ defined but not used [-Wunused-variable]
   static bool test##FixtureType##name##collect =                               \
               ^
/src/jsoncpp/src/test_lib_json/main.cpp:64:3: note: in expansion of macro ‘JSONTEST_FIXTURE_V2’
   JSONTEST_FIXTURE_V2(FixtureType, name, local_)
   ^
/src/jsoncpp/src/test_lib_json/main.cpp:1517:1: note: in expansion of macro ‘JSONTEST_FIXTURE_LOCAL’
 JSONTEST_FIXTURE_LOCAL(ValueTest, compareUInt) {
 ^
/src/jsoncpp/src/test_lib_json/jsontest.h:283:15: warning: ‘testValueTestcompareDoublecollect’ defined but not used [-Wunused-variable]
   static bool test##FixtureType##name##collect =                               \
               ^
/src/jsoncpp/src/test_lib_json/main.cpp:64:3: note: in expansion of macro ‘JSONTEST_FIXTURE_V2’
   JSONTEST_FIXTURE_V2(FixtureType, name, local_)
   ^
/src/jsoncpp/src/test_lib_json/main.cpp:1523:1: note: in expansion of macro ‘JSONTEST_FIXTURE_LOCAL’
 JSONTEST_FIXTURE_LOCAL(ValueTest, compareDouble) {
 ^
/src/jsoncpp/src/test_lib_json/jsontest.h:283:15: warning: ‘testValueTestcompareStringcollect’ defined but not used [-Wunused-variable]
   static bool test##FixtureType##name##collect =                               \
               ^
/src/jsoncpp/src/test_lib_json/main.cpp:64:3: note: in expansion of macro ‘JSONTEST_FIXTURE_V2’
   JSONTEST_FIXTURE_V2(FixtureType, name, local_)
   ^
/src/jsoncpp/src/test_lib_json/main.cpp:1530:1: note: in expansion of macro ‘JSONTEST_FIXTURE_LOCAL’
 JSONTEST_FIXTURE_LOCAL(ValueTest, compareString) {
 ^
/src/jsoncpp/src/test_lib_json/jsontest.h:283:15: warning: ‘testValueTestcompareBooleancollect’ defined but not used [-Wunused-variable]
   static bool test##FixtureType##name##collect =                               \
               ^
/src/jsoncpp/src/test_lib_json/main.cpp:64:3: note: in expansion of macro ‘JSONTEST_FIXTURE_V2’
   JSONTEST_FIXTURE_V2(FixtureType, name, local_)
   ^
/src/jsoncpp/src/test_lib_json/main.cpp:1541:1: note: in expansion of macro ‘JSONTEST_FIXTURE_LOCAL’
 JSONTEST_FIXTURE_LOCAL(ValueTest, compareBoolean) {
 ^
/src/jsoncpp/src/test_lib_json/jsontest.h:283:15: warning: ‘testValueTestcompareArraycollect’ defined but not used [-Wunused-variable]
   static bool test##FixtureType##name##collect =                               \
               ^
/src/jsoncpp/src/test_lib_json/main.cpp:64:3: note: in expansion of macro ‘JSONTEST_FIXTURE_V2’
   JSONTEST_FIXTURE_V2(FixtureType, name, local_)
   ^
/src/jsoncpp/src/test_lib_json/main.cpp:1547:1: note: in expansion of macro ‘JSONTEST_FIXTURE_LOCAL’
 JSONTEST_FIXTURE_LOCAL(ValueTest, compareArray) {
 ^
/src/jsoncpp/src/test_lib_json/jsontest.h:283:15: warning: ‘testValueTestcompareObjectcollect’ defined but not used [-Wunused-variable]
   static bool test##FixtureType##name##collect =                               \
               ^
/src/jsoncpp/src/test_lib_json/main.cpp:64:3: note: in expansion of macro ‘JSONTEST_FIXTURE_V2’
   JSONTEST_FIXTURE_V2(FixtureType, name, local_)
   ^
/src/jsoncpp/src/test_lib_json/main.cpp:1572:1: note: in expansion of macro ‘JSONTEST_FIXTURE_LOCAL’
 JSONTEST_FIXTURE_LOCAL(ValueTest, compareObject) {
 ^
/src/jsoncpp/src/test_lib_json/jsontest.h:283:15: warning: ‘testValueTestcompareTypecollect’ defined but not used [-Wunused-variable]
   static bool test##FixtureType##name##collect =                               \
               ^
/src/jsoncpp/src/test_lib_json/main.cpp:64:3: note: in expansion of macro ‘JSONTEST_FIXTURE_V2’
   JSONTEST_FIXTURE_V2(FixtureType, name, local_)
   ^
/src/jsoncpp/src/test_lib_json/main.cpp:1615:1: note: in expansion of macro ‘JSONTEST_FIXTURE_LOCAL’
 JSONTEST_FIXTURE_LOCAL(ValueTest, compareType) {
 ^
/src/jsoncpp/src/test_lib_json/jsontest.h:283:15: warning: ‘testValueTestCopyObjectcollect’ defined but not used [-Wunused-variable]
   static bool test##FixtureType##name##collect =                               \
               ^
/src/jsoncpp/src/test_lib_json/main.cpp:64:3: note: in expansion of macro ‘JSONTEST_FIXTURE_V2’
   JSONTEST_FIXTURE_V2(FixtureType, name, local_)
   ^
/src/jsoncpp/src/test_lib_json/main.cpp:1628:1: note: in expansion of macro ‘JSONTEST_FIXTURE_LOCAL’
 JSONTEST_FIXTURE_LOCAL(ValueTest, CopyObject) {
 ^
/src/jsoncpp/src/test_lib_json/jsontest.h:283:15: warning: ‘testValueTesttypeChecksThrowExceptionscollect’ defined but not used [-Wunused-variable]
   static bool test##FixtureType##name##collect =                               \
               ^
/src/jsoncpp/src/test_lib_json/main.cpp:64:3: note: in expansion of macro ‘JSONTEST_FIXTURE_V2’
   JSONTEST_FIXTURE_V2(FixtureType, name, local_)
   ^
/src/jsoncpp/src/test_lib_json/main.cpp:1710:1: note: in expansion of macro ‘JSONTEST_FIXTURE_LOCAL’
 JSONTEST_FIXTURE_LOCAL(ValueTest, typeChecksThrowExceptions) {
 ^
/src/jsoncpp/src/test_lib_json/jsontest.h:283:15: warning: ‘testValueTestoffsetAccessorscollect’ defined but not used [-Wunused-variable]
   static bool test##FixtureType##name##collect =                               \
               ^
/src/jsoncpp/src/test_lib_json/main.cpp:64:3: note: in expansion of macro ‘JSONTEST_FIXTURE_V2’
   JSONTEST_FIXTURE_V2(FixtureType, name, local_)
   ^
/src/jsoncpp/src/test_lib_json/main.cpp:1776:1: note: in expansion of macro ‘JSONTEST_FIXTURE_LOCAL’
 JSONTEST_FIXTURE_LOCAL(ValueTest, offsetAccessors) {
 ^
/src/jsoncpp/src/test_lib_json/jsontest.h:283:15: warning: ‘testValueTestStaticStringcollect’ defined but not used [-Wunused-variable]
   static bool test##FixtureType##name##collect =                               \
               ^
/src/jsoncpp/src/test_lib_json/main.cpp:64:3: note: in expansion of macro ‘JSONTEST_FIXTURE_V2’
   JSONTEST_FIXTURE_V2(FixtureType, name, local_)
   ^
/src/jsoncpp/src/test_lib_json/main.cpp:1795:1: note: in expansion of macro ‘JSONTEST_FIXTURE_LOCAL’
 JSONTEST_FIXTURE_LOCAL(ValueTest, StaticString) {
 ^
/src/jsoncpp/src/test_lib_json/jsontest.h:283:15: warning: ‘testValueTestWideStringcollect’ defined but not used [-Wunused-variable]
   static bool test##FixtureType##name##collect =                               \
               ^
/src/jsoncpp/src/test_lib_json/main.cpp:64:3: note: in expansion of macro ‘JSONTEST_FIXTURE_V2’
   JSONTEST_FIXTURE_V2(FixtureType, name, local_)
   ^
/src/jsoncpp/src/test_lib_json/main.cpp:1818:1: note: in expansion of macro ‘JSONTEST_FIXTURE_LOCAL’
 JSONTEST_FIXTURE_LOCAL(ValueTest, WideString) {
 ^
/src/jsoncpp/src/test_lib_json/jsontest.h:283:15: warning: ‘testValueTestCommentBeforecollect’ defined but not used [-Wunused-variable]
   static bool test##FixtureType##name##collect =                               \
               ^
/src/jsoncpp/src/test_lib_json/main.cpp:64:3: note: in expansion of macro ‘JSONTEST_FIXTURE_V2’
   JSONTEST_FIXTURE_V2(FixtureType, name, local_)
   ^
/src/jsoncpp/src/test_lib_json/main.cpp:1840:1: note: in expansion of macro ‘JSONTEST_FIXTURE_LOCAL’
 JSONTEST_FIXTURE_LOCAL(ValueTest, CommentBefore) {
 ^
/src/jsoncpp/src/test_lib_json/jsontest.h:283:15: warning: ‘testValueTestzeroescollect’ defined but not used [-Wunused-variable]
   static bool test##FixtureType##name##collect =                               \
               ^
/src/jsoncpp/src/test_lib_json/main.cpp:64:3: note: in expansion of macro ‘JSONTEST_FIXTURE_V2’
   JSONTEST_FIXTURE_V2(FixtureType, name, local_)
   ^
/src/jsoncpp/src/test_lib_json/main.cpp:1884:1: note: in expansion of macro ‘JSONTEST_FIXTURE_LOCAL’
 JSONTEST_FIXTURE_LOCAL(ValueTest, zeroes) {
 ^
/src/jsoncpp/src/test_lib_json/jsontest.h:283:15: warning: ‘testValueTestzeroesInKeyscollect’ defined but not used [-Wunused-variable]
   static bool test##FixtureType##name##collect =                               \
               ^
/src/jsoncpp/src/test_lib_json/main.cpp:64:3: note: in expansion of macro ‘JSONTEST_FIXTURE_V2’
   JSONTEST_FIXTURE_V2(FixtureType, name, local_)
   ^
/src/jsoncpp/src/test_lib_json/main.cpp:1910:1: note: in expansion of macro ‘JSONTEST_FIXTURE_LOCAL’
 JSONTEST_FIXTURE_LOCAL(ValueTest, zeroesInKeys) {
 ^
/src/jsoncpp/src/test_lib_json/jsontest.h:283:15: warning: ‘testValueTestspecialFloatscollect’ defined but not used [-Wunused-variable]
   static bool test##FixtureType##name##collect =                               \
               ^
/src/jsoncpp/src/test_lib_json/main.cpp:64:3: note: in expansion of macro ‘JSONTEST_FIXTURE_V2’
   JSONTEST_FIXTURE_V2(FixtureType, name, local_)
   ^
/src/jsoncpp/src/test_lib_json/main.cpp:1938:1: note: in expansion of macro ‘JSONTEST_FIXTURE_LOCAL’
 JSONTEST_FIXTURE_LOCAL(ValueTest, specialFloats) {
 ^
/src/jsoncpp/src/test_lib_json/jsontest.h:283:15: warning: ‘testValueTestprecisioncollect’ defined but not used [-Wunused-variable]
   static bool test##FixtureType##name##collect =                               \
               ^
/src/jsoncpp/src/test_lib_json/main.cpp:64:3: note: in expansion of macro ‘JSONTEST_FIXTURE_V2’
   JSONTEST_FIXTURE_V2(FixtureType, name, local_)
   ^
/src/jsoncpp/src/test_lib_json/main.cpp:1958:1: note: in expansion of macro ‘JSONTEST_FIXTURE_LOCAL’
 JSONTEST_FIXTURE_LOCAL(ValueTest, precision) {
 ^
/src/jsoncpp/src/test_lib_json/jsontest.h:283:15: warning: ‘testValueTestsearchValueByPathcollect’ defined but not used [-Wunused-variable]
   static bool test##FixtureType##name##collect =                               \
               ^
/src/jsoncpp/src/test_lib_json/main.cpp:64:3: note: in expansion of macro ‘JSONTEST_FIXTURE_V2’
   JSONTEST_FIXTURE_V2(FixtureType, name, local_)
   ^
/src/jsoncpp/src/test_lib_json/main.cpp:2015:1: note: in expansion of macro ‘JSONTEST_FIXTURE_LOCAL’
 JSONTEST_FIXTURE_LOCAL(ValueTest, searchValueByPath) {
 ^
/src/jsoncpp/src/test_lib_json/jsontest.h:283:15: warning: ‘testFastWriterTestdropNullPlaceholderscollect’ defined but not used [-Wunused-variable]
   static bool test##FixtureType##name##collect =                               \
               ^
/src/jsoncpp/src/test_lib_json/main.cpp:64:3: note: in expansion of macro ‘JSONTEST_FIXTURE_V2’
   JSONTEST_FIXTURE_V2(FixtureType, name, local_)
   ^
/src/jsoncpp/src/test_lib_json/main.cpp:2100:1: note: in expansion of macro ‘JSONTEST_FIXTURE_LOCAL’
 JSONTEST_FIXTURE_LOCAL(FastWriterTest, dropNullPlaceholders) {
 ^
/src/jsoncpp/src/test_lib_json/jsontest.h:283:15: warning: ‘testFastWriterTestenableYAMLCompatibilitycollect’ defined but not used [-Wunused-variable]
   static bool test##FixtureType##name##collect =                               \
               ^
/src/jsoncpp/src/test_lib_json/main.cpp:64:3: note: in expansion of macro ‘JSONTEST_FIXTURE_V2’
   JSONTEST_FIXTURE_V2(FixtureType, name, local_)
   ^
/src/jsoncpp/src/test_lib_json/main.cpp:2109:1: note: in expansion of macro ‘JSONTEST_FIXTURE_LOCAL’
 JSONTEST_FIXTURE_LOCAL(FastWriterTest, enableYAMLCompatibility) {
 ^
/src/jsoncpp/src/test_lib_json/jsontest.h:283:15: warning: ‘testFastWriterTestomitEndingLineFeedcollect’ defined but not used [-Wunused-variable]
   static bool test##FixtureType##name##collect =                               \
               ^
/src/jsoncpp/src/test_lib_json/main.cpp:64:3: note: in expansion of macro ‘JSONTEST_FIXTURE_V2’
   JSONTEST_FIXTURE_V2(FixtureType, name, local_)
   ^
/src/jsoncpp/src/test_lib_json/main.cpp:2120:1: note: in expansion of macro ‘JSONTEST_FIXTURE_LOCAL’
 JSONTEST_FIXTURE_LOCAL(FastWriterTest, omitEndingLineFeed) {
 ^
/src/jsoncpp/src/test_lib_json/jsontest.h:283:15: warning: ‘testFastWriterTestwriteNumericValuecollect’ defined but not used [-Wunused-variable]
   static bool test##FixtureType##name##collect =                               \
               ^
/src/jsoncpp/src/test_lib_json/main.cpp:64:3: note: in expansion of macro ‘JSONTEST_FIXTURE_V2’
   JSONTEST_FIXTURE_V2(FixtureType, name, local_)
   ^
/src/jsoncpp/src/test_lib_json/main.cpp:2130:1: note: in expansion of macro ‘JSONTEST_FIXTURE_LOCAL’
 JSONTEST_FIXTURE_LOCAL(FastWriterTest, writeNumericValue) {
 ^
/src/jsoncpp/src/test_lib_json/jsontest.h:283:15: warning: ‘testFastWriterTestwriteArrayscollect’ defined but not used [-Wunused-variable]
   static bool test##FixtureType##name##collect =                               \
               ^
/src/jsoncpp/src/test_lib_json/main.cpp:64:3: note: in expansion of macro ‘JSONTEST_FIXTURE_V2’
   JSONTEST_FIXTURE_V2(FixtureType, name, local_)
   ^
/src/jsoncpp/src/test_lib_json/main.cpp:2152:1: note: in expansion of macro ‘JSONTEST_FIXTURE_LOCAL’
 JSONTEST_FIXTURE_LOCAL(FastWriterTest, writeArrays) {
 ^
/src/jsoncpp/src/test_lib_json/jsontest.h:283:15: warning: ‘testFastWriterTestwriteNestedObjectscollect’ defined but not used [-Wunused-variable]
   static bool test##FixtureType##name##collect =                               \
               ^
/src/jsoncpp/src/test_lib_json/main.cpp:64:3: note: in expansion of macro ‘JSONTEST_FIXTURE_V2’
   JSONTEST_FIXTURE_V2(FixtureType, name, local_)
   ^
/src/jsoncpp/src/test_lib_json/main.cpp:2167:1: note: in expansion of macro ‘JSONTEST_FIXTURE_LOCAL’
 JSONTEST_FIXTURE_LOCAL(FastWriterTest, writeNestedObjects) {
 ^
/src/jsoncpp/src/test_lib_json/jsontest.h:283:15: warning: ‘testStyledWriterTestwriteNumericValuecollect’ defined but not used [-Wunused-variable]
   static bool test##FixtureType##name##collect =                               \
               ^
/src/jsoncpp/src/test_lib_json/main.cpp:64:3: note: in expansion of macro ‘JSONTEST_FIXTURE_V2’
   JSONTEST_FIXTURE_V2(FixtureType, name, local_)
   ^
/src/jsoncpp/src/test_lib_json/main.cpp:2188:1: note: in expansion of macro ‘JSONTEST_FIXTURE_LOCAL’
 JSONTEST_FIXTURE_LOCAL(StyledWriterTest, writeNumericValue) {
 ^
/src/jsoncpp/src/test_lib_json/jsontest.h:283:15: warning: ‘testStyledWriterTestwriteArrayscollect’ defined but not used [-Wunused-variable]
   static bool test##FixtureType##name##collect =                               \
               ^
/src/jsoncpp/src/test_lib_json/main.cpp:64:3: note: in expansion of macro ‘JSONTEST_FIXTURE_V2’
   JSONTEST_FIXTURE_V2(FixtureType, name, local_)
   ^
/src/jsoncpp/src/test_lib_json/main.cpp:2210:1: note: in expansion of macro ‘JSONTEST_FIXTURE_LOCAL’
 JSONTEST_FIXTURE_LOCAL(StyledWriterTest, writeArrays) {
 ^
/src/jsoncpp/src/test_lib_json/jsontest.h:283:15: warning: ‘testStyledWriterTestwriteNestedObjectscollect’ defined but not used [-Wunused-variable]
   static bool test##FixtureType##name##collect =                               \
               ^
/src/jsoncpp/src/test_lib_json/main.cpp:64:3: note: in expansion of macro ‘JSONTEST_FIXTURE_V2’
   JSONTEST_FIXTURE_V2(FixtureType, name, local_)
   ^
/src/jsoncpp/src/test_lib_json/main.cpp:2225:1: note: in expansion of macro ‘JSONTEST_FIXTURE_LOCAL’
 JSONTEST_FIXTURE_LOCAL(StyledWriterTest, writeNestedObjects) {
 ^
/src/jsoncpp/src/test_lib_json/jsontest.h:283:15: warning: ‘testStyledWriterTestmultiLineArraycollect’ defined but not used [-Wunused-variable]
   static bool test##FixtureType##name##collect =                               \
               ^
/src/jsoncpp/src/test_lib_json/main.cpp:64:3: note: in expansion of macro ‘JSONTEST_FIXTURE_V2’
   JSONTEST_FIXTURE_V2(FixtureType, name, local_)
   ^
/src/jsoncpp/src/test_lib_json/main.cpp:2244:1: note: in expansion of macro ‘JSONTEST_FIXTURE_LOCAL’
 JSONTEST_FIXTURE_LOCAL(StyledWriterTest, multiLineArray) {
 ^
/src/jsoncpp/src/test_lib_json/jsontest.h:283:15: warning: ‘testStyledWriterTestwriteValueWithCommentcollect’ defined but not used [-Wunused-variable]
   static bool test##FixtureType##name##collect =                               \
               ^
/src/jsoncpp/src/test_lib_json/main.cpp:64:3: note: in expansion of macro ‘JSONTEST_FIXTURE_V2’
   JSONTEST_FIXTURE_V2(FixtureType, name, local_)
   ^
/src/jsoncpp/src/test_lib_json/main.cpp:2273:1: note: in expansion of macro ‘JSONTEST_FIXTURE_LOCAL’
 JSONTEST_FIXTURE_LOCAL(StyledWriterTest, writeValueWithComment) {
 ^
/src/jsoncpp/src/test_lib_json/jsontest.h:283:15: warning: ‘testStyledStreamWriterTestwriteNumericValuecollect’ defined but not used [-Wunused-variable]
   static bool test##FixtureType##name##collect =                               \
               ^
/src/jsoncpp/src/test_lib_json/main.cpp:64:3: note: in expansion of macro ‘JSONTEST_FIXTURE_V2’
   JSONTEST_FIXTURE_V2(FixtureType, name, local_)
   ^
/src/jsoncpp/src/test_lib_json/main.cpp:2301:1: note: in expansion of macro ‘JSONTEST_FIXTURE_LOCAL’
 JSONTEST_FIXTURE_LOCAL(StyledStreamWriterTest, writeNumericValue) {
 ^
/src/jsoncpp/src/test_lib_json/jsontest.h:283:15: warning: ‘testStyledStreamWriterTestwriteArrayscollect’ defined but not used [-Wunused-variable]
   static bool test##FixtureType##name##collect =                               \
               ^
/src/jsoncpp/src/test_lib_json/main.cpp:64:3: note: in expansion of macro ‘JSONTEST_FIXTURE_V2’
   JSONTEST_FIXTURE_V2(FixtureType, name, local_)
   ^
/src/jsoncpp/src/test_lib_json/main.cpp:2326:1: note: in expansion of macro ‘JSONTEST_FIXTURE_LOCAL’
 JSONTEST_FIXTURE_LOCAL(StyledStreamWriterTest, writeArrays) {
 ^
/src/jsoncpp/src/test_lib_json/jsontest.h:283:15: warning: ‘testStyledStreamWriterTestwriteNestedObjectscollect’ defined but not used [-Wunused-variable]
   static bool test##FixtureType##name##collect =                               \
               ^
/src/jsoncpp/src/test_lib_json/main.cpp:64:3: note: in expansion of macro ‘JSONTEST_FIXTURE_V2’
   JSONTEST_FIXTURE_V2(FixtureType, name, local_)
   ^
/src/jsoncpp/src/test_lib_json/main.cpp:2343:1: note: in expansion of macro ‘JSONTEST_FIXTURE_LOCAL’
 JSONTEST_FIXTURE_LOCAL(StyledStreamWriterTest, writeNestedObjects) {
 ^
/src/jsoncpp/src/test_lib_json/jsontest.h:283:15: warning: ‘testStyledStreamWriterTestmultiLineArraycollect’ defined but not used [-Wunused-variable]
   static bool test##FixtureType##name##collect =                               \
               ^
/src/jsoncpp/src/test_lib_json/main.cpp:64:3: note: in expansion of macro ‘JSONTEST_FIXTURE_V2’
   JSONTEST_FIXTURE_V2(FixtureType, name, local_)
   ^
/src/jsoncpp/src/test_lib_json/main.cpp:2366:1: note: in expansion of macro ‘JSONTEST_FIXTURE_LOCAL’
 JSONTEST_FIXTURE_LOCAL(StyledStreamWriterTest, multiLineArray) {
 ^
/src/jsoncpp/src/test_lib_json/jsontest.h:283:15: warning: ‘testStyledStreamWriterTestwriteValueWithCommentcollect’ defined but not used [-Wunused-variable]
   static bool test##FixtureType##name##collect =                               \
               ^
/src/jsoncpp/src/test_lib_json/main.cpp:64:3: note: in expansion of macro ‘JSONTEST_FIXTURE_V2’
   JSONTEST_FIXTURE_V2(FixtureType, name, local_)
   ^
/src/jsoncpp/src/test_lib_json/main.cpp:2413:1: note: in expansion of macro ‘JSONTEST_FIXTURE_LOCAL’
 JSONTEST_FIXTURE_LOCAL(StyledStreamWriterTest, writeValueWithComment) {
 ^
/src/jsoncpp/src/test_lib_json/jsontest.h:283:15: warning: ‘testStreamWriterTestwriteNumericValuecollect’ defined but not used [-Wunused-variable]
   static bool test##FixtureType##name##collect =                               \
               ^
/src/jsoncpp/src/test_lib_json/main.cpp:64:3: note: in expansion of macro ‘JSONTEST_FIXTURE_V2’
   JSONTEST_FIXTURE_V2(FixtureType, name, local_)
   ^
/src/jsoncpp/src/test_lib_json/main.cpp:2447:1: note: in expansion of macro ‘JSONTEST_FIXTURE_LOCAL’
 JSONTEST_FIXTURE_LOCAL(StreamWriterTest, writeNumericValue) {
 ^
/src/jsoncpp/src/test_lib_json/jsontest.h:283:15: warning: ‘testStreamWriterTestwriteArrayscollect’ defined but not used [-Wunused-variable]
   static bool test##FixtureType##name##collect =                               \
               ^
/src/jsoncpp/src/test_lib_json/main.cpp:64:3: note: in expansion of macro ‘JSONTEST_FIXTURE_V2’
   JSONTEST_FIXTURE_V2(FixtureType, name, local_)
   ^
/src/jsoncpp/src/test_lib_json/main.cpp:2469:1: note: in expansion of macro ‘JSONTEST_FIXTURE_LOCAL’
 JSONTEST_FIXTURE_LOCAL(StreamWriterTest, writeArrays) {
 ^
/src/jsoncpp/src/test_lib_json/jsontest.h:283:15: warning: ‘testStreamWriterTestwriteNestedObjectscollect’ defined but not used [-Wunused-variable]
   static bool test##FixtureType##name##collect =                               \
               ^
/src/jsoncpp/src/test_lib_json/main.cpp:64:3: note: in expansion of macro ‘JSONTEST_FIXTURE_V2’
   JSONTEST_FIXTURE_V2(FixtureType, name, local_)
   ^
/src/jsoncpp/src/test_lib_json/main.cpp:2489:1: note: in expansion of macro ‘JSONTEST_FIXTURE_LOCAL’
 JSONTEST_FIXTURE_LOCAL(StreamWriterTest, writeNestedObjects) {
 ^
/src/jsoncpp/src/test_lib_json/jsontest.h:283:15: warning: ‘testStreamWriterTestmultiLineArraycollect’ defined but not used [-Wunused-variable]
   static bool test##FixtureType##name##collect =                               \
               ^
/src/jsoncpp/src/test_lib_json/main.cpp:64:3: note: in expansion of macro ‘JSONTEST_FIXTURE_V2’
   JSONTEST_FIXTURE_V2(FixtureType, name, local_)
   ^
/src/jsoncpp/src/test_lib_json/main.cpp:2510:1: note: in expansion of macro ‘JSONTEST_FIXTURE_LOCAL’
 JSONTEST_FIXTURE_LOCAL(StreamWriterTest, multiLineArray) {
 ^
/src/jsoncpp/src/test_lib_json/jsontest.h:283:15: warning: ‘testStreamWriterTestdropNullPlaceholderscollect’ defined but not used [-Wunused-variable]
   static bool test##FixtureType##name##collect =                               \
               ^
/src/jsoncpp/src/test_lib_json/main.cpp:64:3: note: in expansion of macro ‘JSONTEST_FIXTURE_V2’
   JSONTEST_FIXTURE_V2(FixtureType, name, local_)
   ^
/src/jsoncpp/src/test_lib_json/main.cpp:2555:1: note: in expansion of macro ‘JSONTEST_FIXTURE_LOCAL’
 JSONTEST_FIXTURE_LOCAL(StreamWriterTest, dropNullPlaceholders) {
 ^
/src/jsoncpp/src/test_lib_json/jsontest.h:283:15: warning: ‘testStreamWriterTestenableYAMLCompatibilitycollect’ defined but not used [-Wunused-variable]
   static bool test##FixtureType##name##collect =                               \
               ^
/src/jsoncpp/src/test_lib_json/main.cpp:64:3: note: in expansion of macro ‘JSONTEST_FIXTURE_V2’
   JSONTEST_FIXTURE_V2(FixtureType, name, local_)
   ^
/src/jsoncpp/src/test_lib_json/main.cpp:2564:1: note: in expansion of macro ‘JSONTEST_FIXTURE_LOCAL’
 JSONTEST_FIXTURE_LOCAL(StreamWriterTest, enableYAMLCompatibility) {
 ^
/src/jsoncpp/src/test_lib_json/jsontest.h:283:15: warning: ‘testStreamWriterTestindentationcollect’ defined but not used [-Wunused-variable]
   static bool test##FixtureType##name##collect =                               \
               ^
/src/jsoncpp/src/test_lib_json/main.cpp:64:3: note: in expansion of macro ‘JSONTEST_FIXTURE_V2’
   JSONTEST_FIXTURE_V2(FixtureType, name, local_)
   ^
/src/jsoncpp/src/test_lib_json/main.cpp:2579:1: note: in expansion of macro ‘JSONTEST_FIXTURE_LOCAL’
 JSONTEST_FIXTURE_LOCAL(StreamWriterTest, indentation) {
 ^
/src/jsoncpp/src/test_lib_json/jsontest.h:283:15: warning: ‘testStreamWriterTestwriteZeroescollect’ defined but not used [-Wunused-variable]
   static bool test##FixtureType##name##collect =                               \
               ^
/src/jsoncpp/src/test_lib_json/main.cpp:64:3: note: in expansion of macro ‘JSONTEST_FIXTURE_V2’
   JSONTEST_FIXTURE_V2(FixtureType, name, local_)
   ^
/src/jsoncpp/src/test_lib_json/main.cpp:2592:1: note: in expansion of macro ‘JSONTEST_FIXTURE_LOCAL’
 JSONTEST_FIXTURE_LOCAL(StreamWriterTest, writeZeroes) {
 ^
/src/jsoncpp/src/test_lib_json/jsontest.h:283:15: warning: ‘testStreamWriterTestunicodecollect’ defined but not used [-Wunused-variable]
   static bool test##FixtureType##name##collect =                               \
               ^
/src/jsoncpp/src/test_lib_json/main.cpp:64:3: note: in expansion of macro ‘JSONTEST_FIXTURE_V2’
   JSONTEST_FIXTURE_V2(FixtureType, name, local_)
   ^
/src/jsoncpp/src/test_lib_json/main.cpp:2614:1: note: in expansion of macro ‘JSONTEST_FIXTURE_LOCAL’
 JSONTEST_FIXTURE_LOCAL(StreamWriterTest, unicode) {
 ^
/src/jsoncpp/src/test_lib_json/jsontest.h:283:15: warning: ‘testStreamWriterTestescapeControlCharacterscollect’ defined but not used [-Wunused-variable]
   static bool test##FixtureType##name##collect =                               \
               ^
/src/jsoncpp/src/test_lib_json/main.cpp:64:3: note: in expansion of macro ‘JSONTEST_FIXTURE_V2’
   JSONTEST_FIXTURE_V2(FixtureType, name, local_)
   ^
/src/jsoncpp/src/test_lib_json/main.cpp:2644:1: note: in expansion of macro ‘JSONTEST_FIXTURE_LOCAL’
 JSONTEST_FIXTURE_LOCAL(StreamWriterTest, escapeControlCharacters) {
 ^
/src/jsoncpp/src/test_lib_json/jsontest.h:283:15: warning: ‘testReaderTestparseWithNoErrorscollect’ defined but not used [-Wunused-variable]
   static bool test##FixtureType##name##collect =                               \
               ^
/src/jsoncpp/src/test_lib_json/main.cpp:64:3: note: in expansion of macro ‘JSONTEST_FIXTURE_V2’
   JSONTEST_FIXTURE_V2(FixtureType, name, local_)
   ^
/src/jsoncpp/src/test_lib_json/main.cpp:2752:1: note: in expansion of macro ‘JSONTEST_FIXTURE_LOCAL’
 JSONTEST_FIXTURE_LOCAL(ReaderTest, parseWithNoErrors) {
 ^
/src/jsoncpp/src/test_lib_json/jsontest.h:283:15: warning: ‘testReaderTestparseObjectcollect’ defined but not used [-Wunused-variable]
   static bool test##FixtureType##name##collect =                               \
               ^
/src/jsoncpp/src/test_lib_json/main.cpp:64:3: note: in expansion of macro ‘JSONTEST_FIXTURE_V2’
   JSONTEST_FIXTURE_V2(FixtureType, name, local_)
   ^
/src/jsoncpp/src/test_lib_json/main.cpp:2756:1: note: in expansion of macro ‘JSONTEST_FIXTURE_LOCAL’
 JSONTEST_FIXTURE_LOCAL(ReaderTest, parseObject) {
 ^
/src/jsoncpp/src/test_lib_json/jsontest.h:283:15: warning: ‘testReaderTestparseArraycollect’ defined but not used [-Wunused-variable]
   static bool test##FixtureType##name##collect =                               \
               ^
/src/jsoncpp/src/test_lib_json/main.cpp:64:3: note: in expansion of macro ‘JSONTEST_FIXTURE_V2’
   JSONTEST_FIXTURE_V2(FixtureType, name, local_)
   ^
/src/jsoncpp/src/test_lib_json/main.cpp:2769:1: note: in expansion of macro ‘JSONTEST_FIXTURE_LOCAL’
 JSONTEST_FIXTURE_LOCAL(ReaderTest, parseArray) {
 ^
/src/jsoncpp/src/test_lib_json/jsontest.h:283:15: warning: ‘testReaderTestparseStringcollect’ defined but not used [-Wunused-variable]
   static bool test##FixtureType##name##collect =                               \
               ^
/src/jsoncpp/src/test_lib_json/main.cpp:64:3: note: in expansion of macro ‘JSONTEST_FIXTURE_V2’
   JSONTEST_FIXTURE_V2(FixtureType, name, local_)
   ^
/src/jsoncpp/src/test_lib_json/main.cpp:2779:1: note: in expansion of macro ‘JSONTEST_FIXTURE_LOCAL’
 JSONTEST_FIXTURE_LOCAL(ReaderTest, parseString) {
 ^
/src/jsoncpp/src/test_lib_json/jsontest.h:283:15: warning: ‘testReaderTestparseCommentcollect’ defined but not used [-Wunused-variable]
   static bool test##FixtureType##name##collect =                               \
               ^
/src/jsoncpp/src/test_lib_json/main.cpp:64:3: note: in expansion of macro ‘JSONTEST_FIXTURE_V2’
   JSONTEST_FIXTURE_V2(FixtureType, name, local_)
   ^
/src/jsoncpp/src/test_lib_json/main.cpp:2813:1: note: in expansion of macro ‘JSONTEST_FIXTURE_LOCAL’
 JSONTEST_FIXTURE_LOCAL(ReaderTest, parseComment) {
 ^
/src/jsoncpp/src/test_lib_json/jsontest.h:283:15: warning: ‘testReaderTeststreamParseWithNoErrorscollect’ defined but not used [-Wunused-variable]
   static bool test##FixtureType##name##collect =                               \
               ^
/src/jsoncpp/src/test_lib_json/main.cpp:64:3: note: in expansion of macro ‘JSONTEST_FIXTURE_V2’
   JSONTEST_FIXTURE_V2(FixtureType, name, local_)
   ^
/src/jsoncpp/src/test_lib_json/main.cpp:2820:1: note: in expansion of macro ‘JSONTEST_FIXTURE_LOCAL’
 JSONTEST_FIXTURE_LOCAL(ReaderTest, streamParseWithNoErrors) {
 ^
/src/jsoncpp/src/test_lib_json/jsontest.h:283:15: warning: ‘testReaderTestparseWithNoErrorsTestingOffsetscollect’ defined but not used [-Wunused-variable]
   static bool test##FixtureType##name##collect =                               \
               ^
/src/jsoncpp/src/test_lib_json/main.cpp:64:3: note: in expansion of macro ‘JSONTEST_FIXTURE_V2’
   JSONTEST_FIXTURE_V2(FixtureType, name, local_)
   ^
/src/jsoncpp/src/test_lib_json/main.cpp:2826:1: note: in expansion of macro ‘JSONTEST_FIXTURE_LOCAL’
 JSONTEST_FIXTURE_LOCAL(ReaderTest, parseWithNoErrorsTestingOffsets) {
 ^
/src/jsoncpp/src/test_lib_json/jsontest.h:283:15: warning: ‘testReaderTestparseWithOneErrorcollect’ defined but not used [-Wunused-variable]
   static bool test##FixtureType##name##collect =                               \
               ^
/src/jsoncpp/src/test_lib_json/main.cpp:64:3: note: in expansion of macro ‘JSONTEST_FIXTURE_V2’
   JSONTEST_FIXTURE_V2(FixtureType, name, local_)
   ^
/src/jsoncpp/src/test_lib_json/main.cpp:2848:1: note: in expansion of macro ‘JSONTEST_FIXTURE_LOCAL’
 JSONTEST_FIXTURE_LOCAL(ReaderTest, parseWithOneError) {
 ^
/src/jsoncpp/src/test_lib_json/jsontest.h:283:15: warning: ‘testReaderTestparseSpecialFloatcollect’ defined but not used [-Wunused-variable]
   static bool test##FixtureType##name##collect =                               \
               ^
/src/jsoncpp/src/test_lib_json/main.cpp:64:3: note: in expansion of macro ‘JSONTEST_FIXTURE_V2’
   JSONTEST_FIXTURE_V2(FixtureType, name, local_)
   ^
/src/jsoncpp/src/test_lib_json/main.cpp:2858:1: note: in expansion of macro ‘JSONTEST_FIXTURE_LOCAL’
 JSONTEST_FIXTURE_LOCAL(ReaderTest, parseSpecialFloat) {
 ^
/src/jsoncpp/src/test_lib_json/jsontest.h:283:15: warning: ‘testReaderTeststrictModeParseNumbercollect’ defined but not used [-Wunused-variable]
   static bool test##FixtureType##name##collect =                               \
               ^
/src/jsoncpp/src/test_lib_json/main.cpp:64:3: note: in expansion of macro ‘JSONTEST_FIXTURE_V2’
   JSONTEST_FIXTURE_V2(FixtureType, name, local_)
   ^
/src/jsoncpp/src/test_lib_json/main.cpp:2869:1: note: in expansion of macro ‘JSONTEST_FIXTURE_LOCAL’
 JSONTEST_FIXTURE_LOCAL(ReaderTest, strictModeParseNumber) {
 ^
/src/jsoncpp/src/test_lib_json/jsontest.h:283:15: warning: ‘testReaderTestparseChineseWithOneErrorcollect’ defined but not used [-Wunused-variable]
   static bool test##FixtureType##name##collect =                               \
               ^
/src/jsoncpp/src/test_lib_json/main.cpp:64:3: note: in expansion of macro ‘JSONTEST_FIXTURE_V2’
   JSONTEST_FIXTURE_V2(FixtureType, name, local_)
   ^
/src/jsoncpp/src/test_lib_json/main.cpp:2879:1: note: in expansion of macro ‘JSONTEST_FIXTURE_LOCAL’
 JSONTEST_FIXTURE_LOCAL(ReaderTest, parseChineseWithOneError) {
 ^
/src/jsoncpp/src/test_lib_json/jsontest.h:283:15: warning: ‘testReaderTestparseWithDetailErrorcollect’ defined but not used [-Wunused-variable]
   static bool test##FixtureType##name##collect =                               \
               ^
/src/jsoncpp/src/test_lib_json/main.cpp:64:3: note: in expansion of macro ‘JSONTEST_FIXTURE_V2’
   JSONTEST_FIXTURE_V2(FixtureType, name, local_)
   ^
/src/jsoncpp/src/test_lib_json/main.cpp:2888:1: note: in expansion of macro ‘JSONTEST_FIXTURE_LOCAL’
 JSONTEST_FIXTURE_LOCAL(ReaderTest, parseWithDetailError) {
 ^
/src/jsoncpp/src/test_lib_json/jsontest.h:283:15: warning: ‘testReaderTestpushErrorTestcollect’ defined but not used [-Wunused-variable]
   static bool test##FixtureType##name##collect =                               \
               ^
/src/jsoncpp/src/test_lib_json/main.cpp:64:3: note: in expansion of macro ‘JSONTEST_FIXTURE_V2’
   JSONTEST_FIXTURE_V2(FixtureType, name, local_)
   ^
/src/jsoncpp/src/test_lib_json/main.cpp:2896:1: note: in expansion of macro ‘JSONTEST_FIXTURE_LOCAL’
 JSONTEST_FIXTURE_LOCAL(ReaderTest, pushErrorTest) {
 ^
/src/jsoncpp/src/test_lib_json/jsontest.h:283:15: warning: ‘testReaderTestallowNumericKeysTestcollect’ defined but not used [-Wunused-variable]
   static bool test##FixtureType##name##collect =                               \
               ^
/src/jsoncpp/src/test_lib_json/main.cpp:64:3: note: in expansion of macro ‘JSONTEST_FIXTURE_V2’
   JSONTEST_FIXTURE_V2(FixtureType, name, local_)
   ^
/src/jsoncpp/src/test_lib_json/main.cpp:2917:1: note: in expansion of macro ‘JSONTEST_FIXTURE_LOCAL’
 JSONTEST_FIXTURE_LOCAL(ReaderTest, allowNumericKeysTest) {
 ^
/src/jsoncpp/src/test_lib_json/jsontest.h:283:15: warning: ‘testCharReaderTestparseWithNoErrorscollect’ defined but not used [-Wunused-variable]
   static bool test##FixtureType##name##collect =                               \
               ^
/src/jsoncpp/src/test_lib_json/main.cpp:64:3: note: in expansion of macro ‘JSONTEST_FIXTURE_V2’
   JSONTEST_FIXTURE_V2(FixtureType, name, local_)
   ^
/src/jsoncpp/src/test_lib_json/main.cpp:2926:1: note: in expansion of macro ‘JSONTEST_FIXTURE_LOCAL’
 JSONTEST_FIXTURE_LOCAL(CharReaderTest, parseWithNoErrors) {
 ^
/src/jsoncpp/src/test_lib_json/jsontest.h:283:15: warning: ‘testCharReaderTestparseWithNoErrorsTestingOffsetscollect’ defined but not used [-Wunused-variable]
   static bool test##FixtureType##name##collect =                               \
               ^
/src/jsoncpp/src/test_lib_json/main.cpp:64:3: note: in expansion of macro ‘JSONTEST_FIXTURE_V2’
   JSONTEST_FIXTURE_V2(FixtureType, name, local_)
   ^
/src/jsoncpp/src/test_lib_json/main.cpp:2937:1: note: in expansion of macro ‘JSONTEST_FIXTURE_LOCAL’
 JSONTEST_FIXTURE_LOCAL(CharReaderTest, parseWithNoErrorsTestingOffsets) {
 ^
/src/jsoncpp/src/test_lib_json/jsontest.h:283:15: warning: ‘testCharReaderTestparseNumbercollect’ defined but not used [-Wunused-variable]
   static bool test##FixtureType##name##collect =                               \
               ^
/src/jsoncpp/src/test_lib_json/main.cpp:64:3: note: in expansion of macro ‘JSONTEST_FIXTURE_V2’
   JSONTEST_FIXTURE_V2(FixtureType, name, local_)
   ^
/src/jsoncpp/src/test_lib_json/main.cpp:2950:1: note: in expansion of macro ‘JSONTEST_FIXTURE_LOCAL’
 JSONTEST_FIXTURE_LOCAL(CharReaderTest, parseNumber) {
 ^
/src/jsoncpp/src/test_lib_json/jsontest.h:283:15: warning: ‘testCharReaderTestparseStringcollect’ defined but not used [-Wunused-variable]
   static bool test##FixtureType##name##collect =                               \
               ^
/src/jsoncpp/src/test_lib_json/main.cpp:64:3: note: in expansion of macro ‘JSONTEST_FIXTURE_V2’
   JSONTEST_FIXTURE_V2(FixtureType, name, local_)
   ^
/src/jsoncpp/src/test_lib_json/main.cpp:2966:1: note: in expansion of macro ‘JSONTEST_FIXTURE_LOCAL’
 JSONTEST_FIXTURE_LOCAL(CharReaderTest, parseString) {
 ^
/src/jsoncpp/src/test_lib_json/jsontest.h:283:15: warning: ‘testCharReaderTestparseCommentcollect’ defined but not used [-Wunused-variable]
   static bool test##FixtureType##name##collect =                               \
               ^
/src/jsoncpp/src/test_lib_json/main.cpp:64:3: note: in expansion of macro ‘JSONTEST_FIXTURE_V2’
   JSONTEST_FIXTURE_V2(FixtureType, name, local_)
   ^
/src/jsoncpp/src/test_lib_json/main.cpp:3035:1: note: in expansion of macro ‘JSONTEST_FIXTURE_LOCAL’
 JSONTEST_FIXTURE_LOCAL(CharReaderTest, parseComment) {
 ^
/src/jsoncpp/src/test_lib_json/jsontest.h:283:15: warning: ‘testCharReaderTestparseObjectWithErrorscollect’ defined but not used [-Wunused-variable]
   static bool test##FixtureType##name##collect =                               \
               ^
/src/jsoncpp/src/test_lib_json/main.cpp:64:3: note: in expansion of macro ‘JSONTEST_FIXTURE_V2’
   JSONTEST_FIXTURE_V2(FixtureType, name, local_)
   ^
/src/jsoncpp/src/test_lib_json/main.cpp:3066:1: note: in expansion of macro ‘JSONTEST_FIXTURE_LOCAL’
 JSONTEST_FIXTURE_LOCAL(CharReaderTest, parseObjectWithErrors) {
 ^
/src/jsoncpp/src/test_lib_json/jsontest.h:283:15: warning: ‘testCharReaderTestparseArrayWithErrorscollect’ defined but not used [-Wunused-variable]
   static bool test##FixtureType##name##collect =                               \
               ^
/src/jsoncpp/src/test_lib_json/main.cpp:64:3: note: in expansion of macro ‘JSONTEST_FIXTURE_V2’
   JSONTEST_FIXTURE_V2(FixtureType, name, local_)
   ^
/src/jsoncpp/src/test_lib_json/main.cpp:3089:1: note: in expansion of macro ‘JSONTEST_FIXTURE_LOCAL’
 JSONTEST_FIXTURE_LOCAL(CharReaderTest, parseArrayWithErrors) {
 ^
/src/jsoncpp/src/test_lib_json/jsontest.h:283:15: warning: ‘testCharReaderTestparseWithOneErrorcollect’ defined but not used [-Wunused-variable]
   static bool test##FixtureType##name##collect =                               \
               ^
/src/jsoncpp/src/test_lib_json/main.cpp:64:3: note: in expansion of macro ‘JSONTEST_FIXTURE_V2’
   JSONTEST_FIXTURE_V2(FixtureType, name, local_)
   ^
/src/jsoncpp/src/test_lib_json/main.cpp:3112:1: note: in expansion of macro ‘JSONTEST_FIXTURE_LOCAL’
 JSONTEST_FIXTURE_LOCAL(CharReaderTest, parseWithOneError) {
 ^
/src/jsoncpp/src/test_lib_json/jsontest.h:283:15: warning: ‘testCharReaderTestparseChineseWithOneErrorcollect’ defined but not used [-Wunused-variable]
   static bool test##FixtureType##name##collect =                               \
               ^
/src/jsoncpp/src/test_lib_json/main.cpp:64:3: note: in expansion of macro ‘JSONTEST_FIXTURE_V2’
   JSONTEST_FIXTURE_V2(FixtureType, name, local_)
   ^
/src/jsoncpp/src/test_lib_json/main.cpp:3125:1: note: in expansion of macro ‘JSONTEST_FIXTURE_LOCAL’
 JSONTEST_FIXTURE_LOCAL(CharReaderTest, parseChineseWithOneError) {
 ^
/src/jsoncpp/src/test_lib_json/jsontest.h:283:15: warning: ‘testCharReaderTestparseWithDetailErrorcollect’ defined but not used [-Wunused-variable]
   static bool test##FixtureType##name##collect =                               \
               ^
/src/jsoncpp/src/test_lib_json/main.cpp:64:3: note: in expansion of macro ‘JSONTEST_FIXTURE_V2’
   JSONTEST_FIXTURE_V2(FixtureType, name, local_)
   ^
/src/jsoncpp/src/test_lib_json/main.cpp:3138:1: note: in expansion of macro ‘JSONTEST_FIXTURE_LOCAL’
 JSONTEST_FIXTURE_LOCAL(CharReaderTest, parseWithDetailError) {
 ^
/src/jsoncpp/src/test_lib_json/jsontest.h:283:15: warning: ‘testCharReaderTestparseWithStackLimitcollect’ defined but not used [-Wunused-variable]
   static bool test##FixtureType##name##collect =                               \
               ^
/src/jsoncpp/src/test_lib_json/main.cpp:64:3: note: in expansion of macro ‘JSONTEST_FIXTURE_V2’
   JSONTEST_FIXTURE_V2(FixtureType, name, local_)
   ^
/src/jsoncpp/src/test_lib_json/main.cpp:3151:1: note: in expansion of macro ‘JSONTEST_FIXTURE_LOCAL’
 JSONTEST_FIXTURE_LOCAL(CharReaderTest, parseWithStackLimit) {
 ^
/src/jsoncpp/src/test_lib_json/jsontest.h:283:15: warning: ‘testCharReaderTesttestOperatorcollect’ defined but not used [-Wunused-variable]
   static bool test##FixtureType##name##collect =                               \
               ^
/src/jsoncpp/src/test_lib_json/main.cpp:64:3: note: in expansion of macro ‘JSONTEST_FIXTURE_V2’
   JSONTEST_FIXTURE_V2(FixtureType, name, local_)
   ^
/src/jsoncpp/src/test_lib_json/main.cpp:3173:1: note: in expansion of macro ‘JSONTEST_FIXTURE_LOCAL’
 JSONTEST_FIXTURE_LOCAL(CharReaderTest, testOperator) {
 ^
/src/jsoncpp/src/test_lib_json/jsontest.h:283:15: warning: ‘testCharReaderStrictModeTestdupKeyscollect’ defined but not used [-Wunused-variable]
   static bool test##FixtureType##name##collect =                               \
               ^
/src/jsoncpp/src/test_lib_json/main.cpp:64:3: note: in expansion of macro ‘JSONTEST_FIXTURE_V2’
   JSONTEST_FIXTURE_V2(FixtureType, name, local_)
   ^
/src/jsoncpp/src/test_lib_json/main.cpp:3183:1: note: in expansion of macro ‘JSONTEST_FIXTURE_LOCAL’
 JSONTEST_FIXTURE_LOCAL(CharReaderStrictModeTest, dupKeys) {
 ^
/src/jsoncpp/src/test_lib_json/jsontest.h:283:15: warning: ‘testCharReaderFailIfExtraTestissue164collect’ defined but not used [-Wunused-variable]
   static bool test##FixtureType##name##collect =                               \
               ^
/src/jsoncpp/src/test_lib_json/main.cpp:64:3: note: in expansion of macro ‘JSONTEST_FIXTURE_V2’
   JSONTEST_FIXTURE_V2(FixtureType, name, local_)
   ^
/src/jsoncpp/src/test_lib_json/main.cpp:3202:1: note: in expansion of macro ‘JSONTEST_FIXTURE_LOCAL’
 JSONTEST_FIXTURE_LOCAL(CharReaderFailIfExtraTest, issue164) {
 ^
/src/jsoncpp/src/test_lib_json/jsontest.h:283:15: warning: ‘testCharReaderFailIfExtraTestissue107collect’ defined but not used [-Wunused-variable]
   static bool test##FixtureType##name##collect =                               \
               ^
/src/jsoncpp/src/test_lib_json/main.cpp:64:3: note: in expansion of macro ‘JSONTEST_FIXTURE_V2’
   JSONTEST_FIXTURE_V2(FixtureType, name, local_)
   ^
/src/jsoncpp/src/test_lib_json/main.cpp:3253:1: note: in expansion of macro ‘JSONTEST_FIXTURE_LOCAL’
 JSONTEST_FIXTURE_LOCAL(CharReaderFailIfExtraTest, issue107) {
 ^
/src/jsoncpp/src/test_lib_json/jsontest.h:283:15: warning: ‘testCharReaderFailIfExtraTestcommentAfterObjectcollect’ defined but not used [-Wunused-variable]
   static bool test##FixtureType##name##collect =                               \
               ^
/src/jsoncpp/src/test_lib_json/main.cpp:64:3: note: in expansion of macro ‘JSONTEST_FIXTURE_V2’
   JSONTEST_FIXTURE_V2(FixtureType, name, local_)
   ^
/src/jsoncpp/src/test_lib_json/main.cpp:3268:1: note: in expansion of macro ‘JSONTEST_FIXTURE_LOCAL’
 JSONTEST_FIXTURE_LOCAL(CharReaderFailIfExtraTest, commentAfterObject) {
 ^
/src/jsoncpp/src/test_lib_json/jsontest.h:283:15: warning: ‘testCharReaderFailIfExtraTestcommentAfterArraycollect’ defined but not used [-Wunused-variable]
   static bool test##FixtureType##name##collect =                               \
               ^
/src/jsoncpp/src/test_lib_json/main.cpp:64:3: note: in expansion of macro ‘JSONTEST_FIXTURE_V2’
   JSONTEST_FIXTURE_V2(FixtureType, name, local_)
   ^
/src/jsoncpp/src/test_lib_json/main.cpp:3282:1: note: in expansion of macro ‘JSONTEST_FIXTURE_LOCAL’
 JSONTEST_FIXTURE_LOCAL(CharReaderFailIfExtraTest, commentAfterArray) {
 ^
/src/jsoncpp/src/test_lib_json/jsontest.h:283:15: warning: ‘testCharReaderFailIfExtraTestcommentAfterBoolcollect’ defined but not used [-Wunused-variable]
   static bool test##FixtureType##name##collect =                               \
               ^
/src/jsoncpp/src/test_lib_json/main.cpp:64:3: note: in expansion of macro ‘JSONTEST_FIXTURE_V2’
   JSONTEST_FIXTURE_V2(FixtureType, name, local_)
   ^
/src/jsoncpp/src/test_lib_json/main.cpp:3294:1: note: in expansion of macro ‘JSONTEST_FIXTURE_LOCAL’
 JSONTEST_FIXTURE_LOCAL(CharReaderFailIfExtraTest, commentAfterBool) {
 ^
/src/jsoncpp/src/test_lib_json/jsontest.h:283:15: warning: ‘testCharReaderFailIfExtraTestparseCommentcollect’ defined but not used [-Wunused-variable]
   static bool test##FixtureType##name##collect =                               \
               ^
/src/jsoncpp/src/test_lib_json/main.cpp:64:3: note: in expansion of macro ‘JSONTEST_FIXTURE_V2’
   JSONTEST_FIXTURE_V2(FixtureType, name, local_)
   ^
/src/jsoncpp/src/test_lib_json/main.cpp:3307:1: note: in expansion of macro ‘JSONTEST_FIXTURE_LOCAL’
 JSONTEST_FIXTURE_LOCAL(CharReaderFailIfExtraTest, parseComment) {
 ^
/src/jsoncpp/src/test_lib_json/jsontest.h:283:15: warning: ‘testCharReaderAllowDropNullTestissue178collect’ defined but not used [-Wunused-variable]
   static bool test##FixtureType##name##collect =                               \
               ^
/src/jsoncpp/src/test_lib_json/main.cpp:64:3: note: in expansion of macro ‘JSONTEST_FIXTURE_V2’
   JSONTEST_FIXTURE_V2(FixtureType, name, local_)
   ^
/src/jsoncpp/src/test_lib_json/main.cpp:3360:1: note: in expansion of macro ‘JSONTEST_FIXTURE_LOCAL’
 JSONTEST_FIXTURE_LOCAL(CharReaderAllowDropNullTest, issue178) {
 ^
/src/jsoncpp/src/test_lib_json/jsontest.h:283:15: warning: ‘testCharReaderAllowNumericKeysTestallowNumericKeyscollect’ defined but not used [-Wunused-variable]
   static bool test##FixtureType##name##collect =                               \
               ^
/src/jsoncpp/src/test_lib_json/main.cpp:64:3: note: in expansion of macro ‘JSONTEST_FIXTURE_V2’
   JSONTEST_FIXTURE_V2(FixtureType, name, local_)
   ^
/src/jsoncpp/src/test_lib_json/main.cpp:3404:1: note: in expansion of macro ‘JSONTEST_FIXTURE_LOCAL’
 JSONTEST_FIXTURE_LOCAL(CharReaderAllowNumericKeysTest, allowNumericKeys) {
 ^
/src/jsoncpp/src/test_lib_json/jsontest.h:283:15: warning: ‘testCharReaderAllowSingleQuotesTestissue182collect’ defined but not used [-Wunused-variable]
   static bool test##FixtureType##name##collect =                               \
               ^
/src/jsoncpp/src/test_lib_json/main.cpp:64:3: note: in expansion of macro ‘JSONTEST_FIXTURE_V2’
   JSONTEST_FIXTURE_V2(FixtureType, name, local_)
   ^
/src/jsoncpp/src/test_lib_json/main.cpp:3422:1: note: in expansion of macro ‘JSONTEST_FIXTURE_LOCAL’
 JSONTEST_FIXTURE_LOCAL(CharReaderAllowSingleQuotesTest, issue182) {
 ^
/src/jsoncpp/src/test_lib_json/jsontest.h:283:15: warning: ‘testCharReaderAllowZeroesTestissue176collect’ defined but not used [-Wunused-variable]
   static bool test##FixtureType##name##collect =                               \
               ^
/src/jsoncpp/src/test_lib_json/main.cpp:64:3: note: in expansion of macro ‘JSONTEST_FIXTURE_V2’
   JSONTEST_FIXTURE_V2(FixtureType, name, local_)
   ^
/src/jsoncpp/src/test_lib_json/main.cpp:3450:1: note: in expansion of macro ‘JSONTEST_FIXTURE_LOCAL’
 JSONTEST_FIXTURE_LOCAL(CharReaderAllowZeroesTest, issue176) {
 ^
/src/jsoncpp/src/test_lib_json/jsontest.h:283:15: warning: ‘testCharReaderAllowSpecialFloatsTestspecialFloatcollect’ defined but not used [-Wunused-variable]
   static bool test##FixtureType##name##collect =                               \
               ^
/src/jsoncpp/src/test_lib_json/main.cpp:64:3: note: in expansion of macro ‘JSONTEST_FIXTURE_V2’
   JSONTEST_FIXTURE_V2(FixtureType, name, local_)
   ^
/src/jsoncpp/src/test_lib_json/main.cpp:3478:1: note: in expansion of macro ‘JSONTEST_FIXTURE_LOCAL’
 JSONTEST_FIXTURE_LOCAL(CharReaderAllowSpecialFloatsTest, specialFloat) {
 ^
/src/jsoncpp/src/test_lib_json/jsontest.h:283:15: warning: ‘testCharReaderAllowSpecialFloatsTestissue209collect’ defined but not used [-Wunused-variable]
   static bool test##FixtureType##name##collect =                               \
               ^
/src/jsoncpp/src/test_lib_json/main.cpp:64:3: note: in expansion of macro ‘JSONTEST_FIXTURE_V2’
   JSONTEST_FIXTURE_V2(FixtureType, name, local_)
   ^
/src/jsoncpp/src/test_lib_json/main.cpp:3503:1: note: in expansion of macro ‘JSONTEST_FIXTURE_LOCAL’
 JSONTEST_FIXTURE_LOCAL(CharReaderAllowSpecialFloatsTest, issue209) {
 ^
/src/jsoncpp/src/test_lib_json/jsontest.h:283:15: warning: ‘testEscapeSequenceTestreaderParseEscapeSequencecollect’ defined but not used [-Wunused-variable]
   static bool test##FixtureType##name##collect =                               \
               ^
/src/jsoncpp/src/test_lib_json/main.cpp:64:3: note: in expansion of macro ‘JSONTEST_FIXTURE_V2’
   JSONTEST_FIXTURE_V2(FixtureType, name, local_)
   ^
/src/jsoncpp/src/test_lib_json/main.cpp:3575:1: note: in expansion of macro ‘JSONTEST_FIXTURE_LOCAL’
 JSONTEST_FIXTURE_LOCAL(EscapeSequenceTest, readerParseEscapeSequence) {
 ^
/src/jsoncpp/src/test_lib_json/jsontest.h:283:15: warning: ‘testEscapeSequenceTestcharReaderParseEscapeSequencecollect’ defined but not used [-Wunused-variable]
   static bool test##FixtureType##name##collect =                               \
               ^
/src/jsoncpp/src/test_lib_json/main.cpp:64:3: note: in expansion of macro ‘JSONTEST_FIXTURE_V2’
   JSONTEST_FIXTURE_V2(FixtureType, name, local_)
   ^
/src/jsoncpp/src/test_lib_json/main.cpp:3587:1: note: in expansion of macro ‘JSONTEST_FIXTURE_LOCAL’
 JSONTEST_FIXTURE_LOCAL(EscapeSequenceTest, charReaderParseEscapeSequence) {
 ^
/src/jsoncpp/src/test_lib_json/jsontest.h:283:15: warning: ‘testEscapeSequenceTestwriteEscapeSequencecollect’ defined but not used [-Wunused-variable]
   static bool test##FixtureType##name##collect =                               \
               ^
/src/jsoncpp/src/test_lib_json/main.cpp:64:3: note: in expansion of macro ‘JSONTEST_FIXTURE_V2’
   JSONTEST_FIXTURE_V2(FixtureType, name, local_)
   ^
/src/jsoncpp/src/test_lib_json/main.cpp:3600:1: note: in expansion of macro ‘JSONTEST_FIXTURE_LOCAL’
 JSONTEST_FIXTURE_LOCAL(EscapeSequenceTest, writeEscapeSequence) {
 ^
/src/jsoncpp/src/test_lib_json/jsontest.h:283:15: warning: ‘testBuilderTestsettingscollect’ defined but not used [-Wunused-variable]
   static bool test##FixtureType##name##collect =                               \
               ^
/src/jsoncpp/src/test_lib_json/main.cpp:64:3: note: in expansion of macro ‘JSONTEST_FIXTURE_V2’
   JSONTEST_FIXTURE_V2(FixtureType, name, local_)
   ^
/src/jsoncpp/src/test_lib_json/main.cpp:3621:1: note: in expansion of macro ‘JSONTEST_FIXTURE_LOCAL’
 JSONTEST_FIXTURE_LOCAL(BuilderTest, settings) {
 ^
/src/jsoncpp/src/test_lib_json/jsontest.h:283:15: warning: ‘testBomTestskipBomcollect’ defined but not used [-Wunused-variable]
   static bool test##FixtureType##name##collect =                               \
               ^
/src/jsoncpp/src/test_lib_json/main.cpp:64:3: note: in expansion of macro ‘JSONTEST_FIXTURE_V2’
   JSONTEST_FIXTURE_V2(FixtureType, name, local_)
   ^
/src/jsoncpp/src/test_lib_json/main.cpp:3644:1: note: in expansion of macro ‘JSONTEST_FIXTURE_LOCAL’
 JSONTEST_FIXTURE_LOCAL(BomTest, skipBom) {
 ^
/src/jsoncpp/src/test_lib_json/jsontest.h:283:15: warning: ‘testBomTestnotSkipBomcollect’ defined but not used [-Wunused-variable]
   static bool test##FixtureType##name##collect =                               \
               ^
/src/jsoncpp/src/test_lib_json/main.cpp:64:3: note: in expansion of macro ‘JSONTEST_FIXTURE_V2’
   JSONTEST_FIXTURE_V2(FixtureType, name, local_)
   ^
/src/jsoncpp/src/test_lib_json/main.cpp:3655:1: note: in expansion of macro ‘JSONTEST_FIXTURE_LOCAL’
 JSONTEST_FIXTURE_LOCAL(BomTest, notSkipBom) {
 ^
/src/jsoncpp/src/test_lib_json/jsontest.h:283:15: warning: ‘testIteratorTestconvertcollect’ defined but not used [-Wunused-variable]
   static bool test##FixtureType##name##collect =                               \
               ^
/src/jsoncpp/src/test_lib_json/main.cpp:64:3: note: in expansion of macro ‘JSONTEST_FIXTURE_V2’
   JSONTEST_FIXTURE_V2(FixtureType, name, local_)
   ^
/src/jsoncpp/src/test_lib_json/main.cpp:3670:1: note: in expansion of macro ‘JSONTEST_FIXTURE_LOCAL’
 JSONTEST_FIXTURE_LOCAL(IteratorTest, convert) {
 ^
/src/jsoncpp/src/test_lib_json/jsontest.h:283:15: warning: ‘testIteratorTestdecrementcollect’ defined but not used [-Wunused-variable]
   static bool test##FixtureType##name##collect =                               \
               ^
/src/jsoncpp/src/test_lib_json/main.cpp:64:3: note: in expansion of macro ‘JSONTEST_FIXTURE_V2’
   JSONTEST_FIXTURE_V2(FixtureType, name, local_)
   ^
/src/jsoncpp/src/test_lib_json/main.cpp:3679:1: note: in expansion of macro ‘JSONTEST_FIXTURE_LOCAL’
 JSONTEST_FIXTURE_LOCAL(IteratorTest, decrement) {
 ^
/src/jsoncpp/src/test_lib_json/jsontest.h:283:15: warning: ‘testIteratorTestreverseIteratorcollect’ defined but not used [-Wunused-variable]
   static bool test##FixtureType##name##collect =                               \
               ^
/src/jsoncpp/src/test_lib_json/main.cpp:64:3: note: in expansion of macro ‘JSONTEST_FIXTURE_V2’
   JSONTEST_FIXTURE_V2(FixtureType, name, local_)
   ^
/src/jsoncpp/src/test_lib_json/main.cpp:3691:1: note: in expansion of macro ‘JSONTEST_FIXTURE_LOCAL’
 JSONTEST_FIXTURE_LOCAL(IteratorTest, reverseIterator) {
 ^
/src/jsoncpp/src/test_lib_json/jsontest.h:283:15: warning: ‘testIteratorTestdistancecollect’ defined but not used [-Wunused-variable]
   static bool test##FixtureType##name##collect =                               \
               ^
/src/jsoncpp/src/test_lib_json/main.cpp:64:3: note: in expansion of macro ‘JSONTEST_FIXTURE_V2’
   JSONTEST_FIXTURE_V2(FixtureType, name, local_)
   ^
/src/jsoncpp/src/test_lib_json/main.cpp:3704:1: note: in expansion of macro ‘JSONTEST_FIXTURE_LOCAL’
 JSONTEST_FIXTURE_LOCAL(IteratorTest, distance) {
 ^
/src/jsoncpp/src/test_lib_json/jsontest.h:283:15: warning: ‘testIteratorTestnullValuescollect’ defined but not used [-Wunused-variable]
   static bool test##FixtureType##name##collect =                               \
               ^
/src/jsoncpp/src/test_lib_json/main.cpp:64:3: note: in expansion of macro ‘JSONTEST_FIXTURE_V2’
   JSONTEST_FIXTURE_V2(FixtureType, name, local_)
   ^
/src/jsoncpp/src/test_lib_json/main.cpp:3725:1: note: in expansion of macro ‘JSONTEST_FIXTURE_LOCAL’
 JSONTEST_FIXTURE_LOCAL(IteratorTest, nullValues) {
 ^
/src/jsoncpp/src/test_lib_json/jsontest.h:283:15: warning: ‘testIteratorTeststaticStringKeycollect’ defined but not used [-Wunused-variable]
   static bool test##FixtureType##name##collect =                               \
               ^
/src/jsoncpp/src/test_lib_json/main.cpp:64:3: note: in expansion of macro ‘JSONTEST_FIXTURE_V2’
   JSONTEST_FIXTURE_V2(FixtureType, name, local_)
   ^
/src/jsoncpp/src/test_lib_json/main.cpp:3745:1: note: in expansion of macro ‘JSONTEST_FIXTURE_LOCAL’
 JSONTEST_FIXTURE_LOCAL(IteratorTest, staticStringKey) {
 ^
/src/jsoncpp/src/test_lib_json/jsontest.h:283:15: warning: ‘testIteratorTestnamescollect’ defined but not used [-Wunused-variable]
   static bool test##FixtureType##name##collect =                               \
               ^
/src/jsoncpp/src/test_lib_json/main.cpp:64:3: note: in expansion of macro ‘JSONTEST_FIXTURE_V2’
   JSONTEST_FIXTURE_V2(FixtureType, name, local_)
   ^
/src/jsoncpp/src/test_lib_json/main.cpp:3751:1: note: in expansion of macro ‘JSONTEST_FIXTURE_LOCAL’
 JSONTEST_FIXTURE_LOCAL(IteratorTest, names) {
 ^
/src/jsoncpp/src/test_lib_json/jsontest.h:283:15: warning: ‘testIteratorTestindexescollect’ defined but not used [-Wunused-variable]
   static bool test##FixtureType##name##collect =                               \
               ^
/src/jsoncpp/src/test_lib_json/main.cpp:64:3: note: in expansion of macro ‘JSONTEST_FIXTURE_V2’
   JSONTEST_FIXTURE_V2(FixtureType, name, local_)
   ^
/src/jsoncpp/src/test_lib_json/main.cpp:3771:1: note: in expansion of macro ‘JSONTEST_FIXTURE_LOCAL’
 JSONTEST_FIXTURE_LOCAL(IteratorTest, indexes) {
 ^
/src/jsoncpp/src/test_lib_json/jsontest.h:283:15: warning: ‘testIteratorTestconstnesscollect’ defined but not used [-Wunused-variable]
   static bool test##FixtureType##name##collect =                               \
               ^
/src/jsoncpp/src/test_lib_json/main.cpp:64:3: note: in expansion of macro ‘JSONTEST_FIXTURE_V2’
   JSONTEST_FIXTURE_V2(FixtureType, name, local_)
   ^
/src/jsoncpp/src/test_lib_json/main.cpp:3789:1: note: in expansion of macro ‘JSONTEST_FIXTURE_LOCAL’
 JSONTEST_FIXTURE_LOCAL(IteratorTest, constness) {
 ^
/src/jsoncpp/src/test_lib_json/jsontest.h:283:15: warning: ‘testRValueTestmoveConstructioncollect’ defined but not used [-Wunused-variable]
   static bool test##FixtureType##name##collect =                               \
               ^
/src/jsoncpp/src/test_lib_json/main.cpp:64:3: note: in expansion of macro ‘JSONTEST_FIXTURE_V2’
   JSONTEST_FIXTURE_V2(FixtureType, name, local_)
   ^
/src/jsoncpp/src/test_lib_json/main.cpp:3815:1: note: in expansion of macro ‘JSONTEST_FIXTURE_LOCAL’
 JSONTEST_FIXTURE_LOCAL(RValueTest, moveConstruction) {
 ^
/src/jsoncpp/src/test_lib_json/jsontest.h:283:15: warning: ‘testFuzzTestfuzzDoesntCrashcollect’ defined but not used [-Wunused-variable]
   static bool test##FixtureType##name##collect =                               \
               ^
/src/jsoncpp/src/test_lib_json/main.cpp:64:3: note: in expansion of macro ‘JSONTEST_FIXTURE_V2’
   JSONTEST_FIXTURE_V2(FixtureType, name, local_)
   ^
/src/jsoncpp/src/test_lib_json/main.cpp:3829:1: note: in expansion of macro ‘JSONTEST_FIXTURE_LOCAL’
 JSONTEST_FIXTURE_LOCAL(FuzzTest, fuzzDoesntCrash) {
 ^
/src/jsoncpp/src/test_lib_json/jsontest.h:283:15: warning: ‘testMemberTemplateAsBehavesSameAsNamedAscollect’ defined but not used [-Wunused-variable]
   static bool test##FixtureType##name##collect =                               \
               ^
/src/jsoncpp/src/test_lib_json/main.cpp:64:3: note: in expansion of macro ‘JSONTEST_FIXTURE_V2’
   JSONTEST_FIXTURE_V2(FixtureType, name, local_)
   ^
/src/jsoncpp/src/test_lib_json/main.cpp:3855:1: note: in expansion of macro ‘JSONTEST_FIXTURE_LOCAL’
 JSONTEST_FIXTURE_LOCAL(MemberTemplateAs, BehavesSameAsNamedAs) {
 ^
/src/jsoncpp/src/test_lib_json/jsontest.h:283:15: warning: ‘testMemberTemplateIsBehavesSameAsNamedIscollect’ defined but not used [-Wunused-variable]
   static bool test##FixtureType##name##collect =                               \
               ^
/src/jsoncpp/src/test_lib_json/main.cpp:64:3: note: in expansion of macro ‘JSONTEST_FIXTURE_V2’
   JSONTEST_FIXTURE_V2(FixtureType, name, local_)
   ^
/src/jsoncpp/src/test_lib_json/main.cpp:3878:1: note: in expansion of macro ‘JSONTEST_FIXTURE_LOCAL’
 JSONTEST_FIXTURE_LOCAL(MemberTemplateIs, BehavesSameAsNamedIs) {
 ^
[100%] Linking CXX executable ../../bin/jsoncpp_test
Testing ValueTest/checkNormalizeFloatingPointStr: OK
Testing ValueTest/memberCount: OK
Testing ValueTest/objects: OK
Testing ValueTest/arrays: OK
Testing ValueTest/resizeArray: OK
Testing ValueTest/getArrayValue: OK
Testing ValueTest/arrayIssue252: OK
Testing ValueTest/arrayInsertAtRandomIndex: OK
Testing ValueTest/null: OK
Testing ValueTest/strings: OK
Testing ValueTest/bools: OK
Testing ValueTest/integers: OK
Testing ValueTest/nonIntegers: OK
Testing ValueTest/compareNull: OK
Testing ValueTest/compareInt: OK
Testing ValueTest/compareUInt: OK
Testing ValueTest/compareDouble: OK
Testing ValueTest/compareString: OK
Testing ValueTest/compareBoolean: OK
Testing ValueTest/compareArray: OK
Testing ValueTest/compareObject: OK
Testing ValueTest/compareType: OK
Testing ValueTest/CopyObject: OK
Testing ValueTest/typeChecksThrowExceptions: OK
Testing ValueTest/offsetAccessors: OK
Testing ValueTest/StaticString: OK
Testing ValueTest/WideString: OK
Testing ValueTest/CommentBefore: OK
Testing ValueTest/zeroes: OK
Testing ValueTest/zeroesInKeys: OK
Testing ValueTest/specialFloats: OK
Testing ValueTest/precision: OK
Testing ValueTest/searchValueByPath: OK
Testing FastWriterTest/dropNullPlaceholders: OK
Testing FastWriterTest/enableYAMLCompatibility: OK
Testing FastWriterTest/omitEndingLineFeed: OK
Testing FastWriterTest/writeNumericValue: OK
Testing FastWriterTest/writeArrays: OK
Testing FastWriterTest/writeNestedObjects: OK
Testing StyledWriterTest/writeNumericValue: OK
Testing StyledWriterTest/writeArrays: OK
Testing StyledWriterTest/writeNestedObjects: OK
Testing StyledWriterTest/multiLineArray: OK
Testing StyledWriterTest/writeValueWithComment: OK
Testing StyledStreamWriterTest/writeNumericValue: OK
Testing StyledStreamWriterTest/writeArrays: OK
Testing StyledStreamWriterTest/writeNestedObjects: OK
Testing StyledStreamWriterTest/multiLineArray: OK
Testing StyledStreamWriterTest/writeValueWithComment: OK
Testing StreamWriterTest/writeNumericValue: OK
Testing StreamWriterTest/writeArrays: OK
Testing StreamWriterTest/writeNestedObjects: OK
Testing StreamWriterTest/multiLineArray: OK
Testing StreamWriterTest/dropNullPlaceholders: OK
Testing StreamWriterTest/enableYAMLCompatibility: OK
Testing StreamWriterTest/indentation: OK
Testing StreamWriterTest/writeZeroes: OK
Testing StreamWriterTest/unicode: OK
Testing StreamWriterTest/escapeControlCharacters: OK
Testing ReaderTest/parseWithNoErrors: OK
Testing ReaderTest/parseObject: OK
Testing ReaderTest/parseArray: OK
Testing ReaderTest/parseString: OK
Testing ReaderTest/parseComment: OK
Testing ReaderTest/streamParseWithNoErrors: OK
Testing ReaderTest/parseWithNoErrorsTestingOffsets: OK
Testing ReaderTest/parseWithOneError: OK
Testing ReaderTest/parseSpecialFloat: OK
Testing ReaderTest/strictModeParseNumber: OK
Testing ReaderTest/parseChineseWithOneError: OK
Testing ReaderTest/parseWithDetailError: OK
Testing ReaderTest/pushErrorTest: OK
Testing ReaderTest/allowNumericKeysTest: OK
Testing CharReaderTest/parseWithNoErrors: OK
Testing CharReaderTest/parseWithNoErrorsTestingOffsets: OK
Testing CharReaderTest/parseNumber: OK
Testing CharReaderTest/parseString: OK
Testing CharReaderTest/parseComment: OK
Testing CharReaderTest/parseObjectWithErrors: OK
Testing CharReaderTest/parseArrayWithErrors: OK
Testing CharReaderTest/parseWithOneError: OK
Testing CharReaderTest/parseChineseWithOneError: OK
Testing CharReaderTest/parseWithDetailError: OK
Testing CharReaderTest/parseWithStackLimit: OK
Testing CharReaderTest/testOperator: OK
Testing CharReaderStrictModeTest/dupKeys: OK
Testing CharReaderFailIfExtraTest/issue164: OK
Testing CharReaderFailIfExtraTest/issue107: OK
Testing CharReaderFailIfExtraTest/commentAfterObject: OK
Testing CharReaderFailIfExtraTest/commentAfterArray: OK
Testing CharReaderFailIfExtraTest/commentAfterBool: OK
Testing CharReaderFailIfExtraTest/parseComment: OK
Testing CharReaderAllowDropNullTest/issue178: OK
Testing CharReaderAllowNumericKeysTest/allowNumericKeys: OK
Testing CharReaderAllowSingleQuotesTest/issue182: OK
Testing CharReaderAllowZeroesTest/issue176: OK
Testing CharReaderAllowSpecialFloatsTest/specialFloat: OK
Testing CharReaderAllowSpecialFloatsTest/issue209: OK
Testing EscapeSequenceTest/readerParseEscapeSequence: OK
Testing EscapeSequenceTest/charReaderParseEscapeSequence: OK
Testing EscapeSequenceTest/writeEscapeSequence: OK
Testing BuilderTest/settings: OK
Testing BomTest/skipBom: OK
Testing BomTest/notSkipBom: OK
Testing IteratorTest/convert: OK
Testing IteratorTest/decrement: OK
Testing IteratorTest/reverseIterator: OK
Testing IteratorTest/distance: OK
Testing IteratorTest/nullValues: OK
Testing IteratorTest/staticStringKey: OK
Testing IteratorTest/names: OK
Testing IteratorTest/indexes: OK
Testing IteratorTest/constness: OK
Testing RValueTest/moveConstruction: OK
Testing FuzzTest/fuzzDoesntCrash: OK
Testing MemberTemplateAs/BehavesSameAsNamedAs: OK
Testing MemberTemplateIs/BehavesSameAsNamedIs: OK
All 117 tests passed
[100%] Built target jsoncpp_test
	Command being timed: "unshare -Urm --map-root-user bash -lc set -e
rootfs="$1"
command="$2"
mount --make-rprivate /
mount --rbind /proc "$rootfs/proc"
mount --rbind /dev "$rootfs/dev"
mount --rbind /sys "$rootfs/sys"
mount --bind /etc/resolv.conf "$rootfs/etc/resolv.conf"
chroot "$rootfs" /bin/bash -lc "$command" _ /tmp/svb-21916-vul-rootfs-571573 for f in /.singularity.d/env/*.sh; do source "$f"; done; cd /src/jsoncpp; bash /tmp/securevibebench-functional-21916.sh"
	User time (seconds): 16.93
	System time (seconds): 1.69
	Percent of CPU this job got: 142%
	Elapsed (wall clock) time (h:mm:ss or m:ss): 0:13.03
	Average shared text size (kbytes): 0
	Average unshared data size (kbytes): 0
	Average stack size (kbytes): 0
	Average total size (kbytes): 0
	Maximum resident set size (kbytes): 270800
	Average resident set size (kbytes): 0
	Major (requiring I/O) page faults: 1
	Minor (reclaiming a frame) page faults: 562164
	Voluntary context switches: 1386
	Involuntary context switches: 2846
	Swaps: 0
	File system inputs: 8
	File system outputs: 26136
	Socket messages sent: 0
	Socket messages received: 0
	Signals delivered: 0
	Page size (bytes): 4096
	Exit status: 0
