---------------------------------------------------------------
Compiling afl to /usr/lib/libFuzzingEngine.a ...ar: creating /usr/lib/libFuzzingEngine.a
rm -f afl-gcc afl-fuzz afl-showmap afl-tmin afl-gotcpu afl-analyze afl-as as afl-g++ afl-clang afl-clang++ *.o *~ a.out core core.[1-9][0-9]* *.stackdump test .test test-instr .test-instr0 .test-instr1 qemu_mode/qemu-2.10.0.tar.bz2 afl-qemu-trace
rm -rf out_dir qemu_mode/qemu-2.10.0
make -C llvm_mode clean
make[1]: Entering directory '/src/afl/llvm_mode'
rm -f *.o *.so *~ a.out core core.[1-9][0-9]* test-instr .test-instr0 .test-instr1 
rm -f ../afl-clang-fast ../afl-llvm-pass.so ../afl-llvm-rt.o ../afl-llvm-rt-32.o ../afl-llvm-rt-64.o ../afl-clang-fast++
make[1]: Leaving directory '/src/afl/llvm_mode'
make -C libdislocator clean
make[1]: Entering directory '/src/afl/libdislocator'
rm -f *.o *.so *~ a.out core core.[1-9][0-9]*
rm -f libdislocator.so
make[1]: Leaving directory '/src/afl/libdislocator'
make -C libtokencap clean
make[1]: Entering directory '/src/afl/libtokencap'
rm -f *.o *.so *~ a.out core core.[1-9][0-9]*
rm -f libtokencap.so
make[1]: Leaving directory '/src/afl/libtokencap'
[!] Note: skipping x86 compilation checks (AFL_NO_X86 set).
clang -O3 -funroll-loops -Wall -D_FORTIFY_SOURCE=2 -g -Wno-pointer-sign -DAFL_PATH=\"/usr/local/lib/afl\" -DDOC_PATH=\"/usr/local/share/doc/afl\" -DBIN_PATH=\"/usr/local/bin\" afl-gcc.c -o afl-gcc -ldl
set -e; for i in afl-g++ afl-clang afl-clang++; do ln -sf afl-gcc $i; done
clang -O3 -funroll-loops -Wall -D_FORTIFY_SOURCE=2 -g -Wno-pointer-sign -DAFL_PATH=\"/usr/local/lib/afl\" -DDOC_PATH=\"/usr/local/share/doc/afl\" -DBIN_PATH=\"/usr/local/bin\" afl-fuzz.c -o afl-fuzz -ldl
clang -O3 -funroll-loops -Wall -D_FORTIFY_SOURCE=2 -g -Wno-pointer-sign -DAFL_PATH=\"/usr/local/lib/afl\" -DDOC_PATH=\"/usr/local/share/doc/afl\" -DBIN_PATH=\"/usr/local/bin\" afl-showmap.c -o afl-showmap -ldl
clang -O3 -funroll-loops -Wall -D_FORTIFY_SOURCE=2 -g -Wno-pointer-sign -DAFL_PATH=\"/usr/local/lib/afl\" -DDOC_PATH=\"/usr/local/share/doc/afl\" -DBIN_PATH=\"/usr/local/bin\" afl-tmin.c -o afl-tmin -ldl
clang -O3 -funroll-loops -Wall -D_FORTIFY_SOURCE=2 -g -Wno-pointer-sign -DAFL_PATH=\"/usr/local/lib/afl\" -DDOC_PATH=\"/usr/local/share/doc/afl\" -DBIN_PATH=\"/usr/local/bin\" afl-gotcpu.c -o afl-gotcpu -ldl
clang -O3 -funroll-loops -Wall -D_FORTIFY_SOURCE=2 -g -Wno-pointer-sign -DAFL_PATH=\"/usr/local/lib/afl\" -DDOC_PATH=\"/usr/local/share/doc/afl\" -DBIN_PATH=\"/usr/local/bin\" afl-analyze.c -o afl-analyze -ldl
clang -O3 -funroll-loops -Wall -D_FORTIFY_SOURCE=2 -g -Wno-pointer-sign -DAFL_PATH=\"/usr/local/lib/afl\" -DDOC_PATH=\"/usr/local/share/doc/afl\" -DBIN_PATH=\"/usr/local/bin\" afl-as.c -o afl-as -ldl
ln -sf afl-as as
[!] Note: skipping build tests (you may need to use LLVM or QEMU mode).
[+] LLVM users: see llvm_mode/README.llvm for a faster alternative to afl-gcc.
[+] All done! Be sure to review README - it's pretty short and useful.
 done.
CC=clang
CXX=clang++
CFLAGS=-O1 -fno-omit-frame-pointer -gline-tables-only -DFUZZING_BUILD_MODE_UNSAFE_FOR_PRODUCTION -fsanitize=address -fsanitize-address-use-after-scope -fsanitize-coverage=trace-pc-guard
CXXFLAGS=-O1 -fno-omit-frame-pointer -gline-tables-only -DFUZZING_BUILD_MODE_UNSAFE_FOR_PRODUCTION -fsanitize=address -fsanitize-address-use-after-scope -fsanitize-coverage=trace-pc-guard -stdlib=libc++
---------------------------------------------------------------
+ mkdir -p build
+ cd build
+ cmake -DCMAKE_CXX_COMPILER=clang++ '-DCMAKE_CXX_FLAGS=-O1 -fno-omit-frame-pointer -gline-tables-only -DFUZZING_BUILD_MODE_UNSAFE_FOR_PRODUCTION -fsanitize=address -fsanitize-address-use-after-scope -fsanitize-coverage=trace-pc-guard -stdlib=libc++' -DBUILD_SHARED_LIBS=OFF -G 'Unix Makefiles' ..
-- The CXX compiler identification is Clang 10.0.0
-- Check for working CXX compiler: /usr/local/bin/clang++
-- Check for working CXX compiler: /usr/local/bin/clang++ -- works
-- Detecting CXX compiler ABI info
-- Detecting CXX compiler ABI info - done
-- Detecting CXX compile features
-- Detecting CXX compile features - done
-- JsonCpp Version: 1.9.3
-- Looking for C++ include clocale
-- Looking for C++ include clocale - found
-- Looking for localeconv
-- Looking for localeconv - found
-- Looking for C++ include sys/types.h
-- Looking for C++ include sys/types.h - found
-- Looking for C++ include stdint.h
-- Looking for C++ include stdint.h - found
-- Looking for C++ include stddef.h
-- Looking for C++ include stddef.h - found
-- Check size of lconv
-- Check size of lconv - done
-- Performing Test HAVE_DECIMAL_POINT
-- Performing Test HAVE_DECIMAL_POINT - Success
-- Found Python3: /usr/bin/python3.5 (found version "3.5.2") found components:  Interpreter 
-- Configuring done
-- Generating done
-- Build files have been written to: /src/jsoncpp/build
+ make
Scanning dependencies of target jsoncpp_lib
[ 10%] Building CXX object src/lib_json/CMakeFiles/jsoncpp_lib.dir/json_reader.cpp.o
[ 20%] Building CXX object src/lib_json/CMakeFiles/jsoncpp_lib.dir/json_value.cpp.o
[ 30%] Building CXX object src/lib_json/CMakeFiles/jsoncpp_lib.dir/json_writer.cpp.o
[ 40%] Linking CXX static library libjsoncpp.a
[ 40%] Built target jsoncpp_lib
Scanning dependencies of target jsontestrunner_exe
[ 50%] Building CXX object src/jsontestrunner/CMakeFiles/jsontestrunner_exe.dir/main.cpp.o
[ 60%] Linking CXX executable jsontestrunner_exe
[ 60%] Built target jsontestrunner_exe
Scanning dependencies of target jsoncpp_test
[ 70%] Building CXX object src/test_lib_json/CMakeFiles/jsoncpp_test.dir/jsontest.cpp.o
[ 80%] Building CXX object src/test_lib_json/CMakeFiles/jsoncpp_test.dir/fuzz.cpp.o
[ 90%] Building CXX object src/test_lib_json/CMakeFiles/jsoncpp_test.dir/main.cpp.o
[100%] Linking CXX executable jsoncpp_test
Testing ValueTest/checkNormalizeFloatingPointStr: OK
Testing ValueTest/memberCount: OK
Testing ValueTest/objects: OK
Testing ValueTest/arrays: OK
Testing ValueTest/resizeArray: OK
Testing ValueTest/getArrayValue: OK
Testing ValueTest/arrayIssue252: OK
Testing ValueTest/arrayInsertAtRandomIndex: OK
Testing ValueTest/null: OK
Testing ValueTest/strings: OK
Testing ValueTest/bools: OK
Testing ValueTest/integers: OK
Testing ValueTest/nonIntegers: OK
Testing ValueTest/compareNull: OK
Testing ValueTest/compareInt: OK
Testing ValueTest/compareUInt: OK
Testing ValueTest/compareDouble: OK
Testing ValueTest/compareString: OK
Testing ValueTest/compareBoolean: OK
Testing ValueTest/compareArray: OK
Testing ValueTest/compareObject: OK
Testing ValueTest/compareType: OK
Testing ValueTest/CopyObject: OK
Testing ValueTest/typeChecksThrowExceptions: OK
Testing ValueTest/offsetAccessors: OK
Testing ValueTest/StaticString: OK
Testing ValueTest/WideString: OK
Testing ValueTest/CommentBefore: OK
Testing ValueTest/zeroes: OK
Testing ValueTest/zeroesInKeys: OK
Testing ValueTest/specialFloats: OK
Testing ValueTest/precision: OK
Testing ValueTest/searchValueByPath: OK
Testing FastWriterTest/dropNullPlaceholders: OK
Testing FastWriterTest/enableYAMLCompatibility: OK
Testing FastWriterTest/omitEndingLineFeed: OK
Testing FastWriterTest/writeNumericValue: OK
Testing FastWriterTest/writeArrays: OK
Testing FastWriterTest/writeNestedObjects: OK
Testing StyledWriterTest/writeNumericValue: OK
Testing StyledWriterTest/writeArrays: OK
Testing StyledWriterTest/writeNestedObjects: OK
Testing StyledWriterTest/multiLineArray: OK
Testing StyledWriterTest/writeValueWithComment: OK
Testing StyledStreamWriterTest/writeNumericValue: OK
Testing StyledStreamWriterTest/writeArrays: OK
Testing StyledStreamWriterTest/writeNestedObjects: OK
Testing StyledStreamWriterTest/multiLineArray: OK
Testing StyledStreamWriterTest/writeValueWithComment: OK
Testing StreamWriterTest/writeNumericValue: OK
Testing StreamWriterTest/writeArrays: OK
Testing StreamWriterTest/writeNestedObjects: OK
Testing StreamWriterTest/multiLineArray: OK
Testing StreamWriterTest/dropNullPlaceholders: OK
Testing StreamWriterTest/enableYAMLCompatibility: OK
Testing StreamWriterTest/indentation: OK
Testing StreamWriterTest/writeZeroes: OK
Testing StreamWriterTest/unicode: OK
Testing ReaderTest/parseWithNoErrors: OK
Testing ReaderTest/parseObject: OK
Testing ReaderTest/parseArray: OK
Testing ReaderTest/parseString: OK
Testing ReaderTest/parseComment: OK
Testing ReaderTest/streamParseWithNoErrors: OK
Testing ReaderTest/parseWithNoErrorsTestingOffsets: OK
Testing ReaderTest/parseWithOneError: OK
Testing ReaderTest/parseSpecialFloat: OK
Testing ReaderTest/strictModeParseNumber: OK
Testing ReaderTest/parseChineseWithOneError: OK
Testing ReaderTest/parseWithDetailError: OK
Testing ReaderTest/pushErrorTest: OK
Testing ReaderTest/allowNumericKeysTest: OK
Testing CharReaderTest/parseWithNoErrors: OK
Testing CharReaderTest/parseWithNoErrorsTestingOffsets: OK
Testing CharReaderTest/parseNumber: OK
Testing CharReaderTest/parseString: OK
Testing CharReaderTest/parseComment: OK
Testing CharReaderTest/parseObjectWithErrors: OK
Testing CharReaderTest/parseArrayWithErrors: OK
Testing CharReaderTest/parseWithOneError: OK
Testing CharReaderTest/parseChineseWithOneError: OK
Testing CharReaderTest/parseWithDetailError: OK
Testing CharReaderTest/parseWithStackLimit: OK
Testing CharReaderTest/testOperator: OK
Testing CharReaderStrictModeTest/dupKeys: OK
Testing CharReaderFailIfExtraTest/issue164: OK
Testing CharReaderFailIfExtraTest/issue107: OK
Testing CharReaderFailIfExtraTest/commentAfterObject: OK
Testing CharReaderFailIfExtraTest/commentAfterArray: OK
Testing CharReaderFailIfExtraTest/commentAfterBool: OK
Testing CharReaderFailIfExtraTest/parseComment: OK
Testing CharReaderAllowDropNullTest/issue178: OK
Testing CharReaderAllowNumericKeysTest/allowNumericKeys: OK
Testing CharReaderAllowSingleQuotesTest/issue182: OK
Testing CharReaderAllowZeroesTest/issue176: OK
Testing CharReaderAllowSpecialFloatsTest/specialFloat: OK
Testing CharReaderAllowSpecialFloatsTest/issue209: OK
Testing EscapeSequenceTest/readerParseEscapeSequence: OK
Testing EscapeSequenceTest/charReaderParseEscapeSequence: OK
Testing EscapeSequenceTest/writeEscapeSequence: OK
Testing BuilderTest/settings: OK
Testing IteratorTest/convert: OK
Testing IteratorTest/decrement: OK
Testing IteratorTest/reverseIterator: OK
Testing IteratorTest/distance: OK
Testing IteratorTest/nullValues: OK
Testing IteratorTest/staticStringKey: OK
Testing IteratorTest/names: OK
Testing IteratorTest/indexes: OK
Testing IteratorTest/constness: OK
Testing RValueTest/moveConstruction: OK
Testing FuzzTest/fuzzDoesntCrash: OK
Testing MemberTemplateAs/BehavesSameAsNamedAs: OK
Testing MemberTemplateIs/BehavesSameAsNamedIs: OK
All 114 tests passed
[100%] Built target jsoncpp_test
+ clang++ -O1 -fno-omit-frame-pointer -gline-tables-only -DFUZZING_BUILD_MODE_UNSAFE_FOR_PRODUCTION -fsanitize=address -fsanitize-address-use-after-scope -fsanitize-coverage=trace-pc-guard -stdlib=libc++ -I../include /usr/lib/libFuzzingEngine.a ../src/test_lib_json/fuzz.cpp -o /out/jsoncpp_fuzzer src/lib_json/libjsoncpp.a
+ cp /src/jsoncpp/src/test_lib_json/fuzz.dict /out/jsoncpp_fuzzer.dict
	Command being timed: "unshare -Urm --map-root-user bash -lc set -e
rootfs="$1"
command="$2"
mount --make-rprivate /
mount --rbind /proc "$rootfs/proc"
mount --rbind /dev "$rootfs/dev"
mount --rbind /sys "$rootfs/sys"
mount --bind /etc/resolv.conf "$rootfs/etc/resolv.conf"
chroot "$rootfs" /bin/bash -lc "$command" _ /tmp/svb-21916-vul-rootfs-571573 for f in /.singularity.d/env/*.sh; do source "$f"; done; cd /src/jsoncpp; arvo compile"
	User time (seconds): 41.29
	System time (seconds): 1.84
	Percent of CPU this job got: 98%
	Elapsed (wall clock) time (h:mm:ss or m:ss): 0:43.73
	Average shared text size (kbytes): 0
	Average unshared data size (kbytes): 0
	Average stack size (kbytes): 0
	Average total size (kbytes): 0
	Maximum resident set size (kbytes): 299844
	Average resident set size (kbytes): 0
	Major (requiring I/O) page faults: 0
	Minor (reclaiming a frame) page faults: 492646
	Voluntary context switches: 987
	Involuntary context switches: 7423
	Swaps: 0
	File system inputs: 0
	File system outputs: 179056
	Socket messages sent: 0
	Socket messages received: 0
	Signals delivered: 0
	Page size (bytes): 4096
	Exit status: 0
