Reading package lists...
Building dependency tree...
Reading state information...
autoconf is already the newest version (2.69-11.1).
automake is already the newest version (1:1.16.1-4ubuntu6).
libtool is already the newest version (2.4.6-14).
python3 is already the newest version (3.8.2-0ubuntu2).
python3 set to manually installed.
build-essential is already the newest version (12.8ubuntu1.1).
The following additional packages will be installed:
  bzip2-doc
Suggested packages:
  liblzma-doc
The following NEW packages will be installed:
  bzip2-doc libbz2-dev liblzma-dev libzstd-dev pkg-config zlib1g-dev
E: setgroups 65534 failed - setgroups (1: Operation not permitted)
E: setegid 65534 failed - setegid (22: Invalid argument)
E: seteuid 100 failed - seteuid (22: Invalid argument)
E: setgroups 0 failed - setgroups (1: Operation not permitted)
0 upgraded, 6 newly installed, 0 to remove and 0 not upgraded.
Need to get 1165 kB of archives.
After this operation, 3229 kB of additional disk space will be used.
W: chown to _apt:root of directory /var/cache/apt/archives/partial failed - SetupAPTPartialDirectory (22: Invalid argument)
W: chown to _apt:root of directory /var/lib/apt/lists/auxfiles failed - SetupAPTPartialDirectory (22: Invalid argument)
E: setgroups 65534 failed - setgroups (1: Operation not permitted)
E: setegid 65534 failed - setegid (22: Invalid argument)
E: seteuid 100 failed - seteuid (22: Invalid argument)
E: setgroups 0 failed - setgroups (1: Operation not permitted)
E: Method gave invalid 400 URI Failure message: Failed to setgroups - setgroups (1: Operation not permitted)
E: Method http has died unexpectedly!
E: Sub-process http returned an error code (112)
autoreconf: Entering directory `.'
autoreconf: configure.ac: not using Gettext
autoreconf: running: aclocal --force -I m4
autoreconf: configure.ac: tracing
autoreconf: running: libtoolize --copy --force
libtoolize: putting auxiliary files in '.'.
libtoolize: copying file './ltmain.sh'
libtoolize: putting macros in AC_CONFIG_MACRO_DIRS, 'm4'.
libtoolize: copying file 'm4/libtool.m4'
libtoolize: copying file 'm4/ltoptions.m4'
libtoolize: copying file 'm4/ltsugar.m4'
libtoolize: copying file 'm4/ltversion.m4'
libtoolize: copying file 'm4/lt~obsolete.m4'
autoreconf: running: /usr/bin/autoconf --force
autoreconf: running: /usr/bin/autoheader --force
autoreconf: running: automake --add-missing --copy --force-missing
configure.ac:91: installing './compile'
configure.ac:72: installing './config.guess'
configure.ac:72: installing './config.sub'
configure.ac:3: installing './install-sh'
configure.ac:3: installing './missing'
src/Makefile.am: installing './depcomp'
autoreconf: Leaving directory `.'
checking for a BSD-compatible install... /usr/bin/install -c
checking whether build environment is sane... yes
checking for a thread-safe mkdir -p... /usr/bin/mkdir -p
checking for gawk... no
checking for mawk... mawk
checking whether make sets $(MAKE)... yes
checking whether make supports nested variables... yes
checking whether make supports nested variables... (cached) yes
checking for builtin ELF support... yes
checking for ELF core file support... yes
checking for zlib support... 
checking for bzlib support... 
checking for xzlib support... 
checking for libseccomp support... 
checking for file formats in man section 5... no
checking build system type... x86_64-pc-linux-gnu
checking host system type... x86_64-pc-linux-gnu
checking for gcc... clang
checking whether the C compiler works... yes
checking for C compiler default output file name... a.out
checking for suffix of executables... 
checking whether we are cross compiling... no
checking for suffix of object files... o
checking whether we are using the GNU C compiler... yes
checking whether clang accepts -g... yes
checking for clang option to accept ISO C89... none needed
checking whether clang understands -c and -o together... yes
checking whether make supports the include directive... yes (GNU style)
checking dependency style of clang... gcc3
checking how to run the C preprocessor... clang -E
checking for grep that handles long lines and -e... /usr/bin/grep
checking for egrep... /usr/bin/grep -E
checking for ANSI C header files... yes
checking for sys/types.h... yes
checking for sys/stat.h... yes
checking for stdlib.h... yes
checking for string.h... yes
checking for memory.h... yes
checking for strings.h... yes
checking for inttypes.h... yes
checking for stdint.h... yes
checking for unistd.h... yes
checking minix/config.h usability... no
checking minix/config.h presence... no
checking for minix/config.h... no
checking whether it is safe to define __EXTENSIONS__... yes
checking whether byte ordering is bigendian... no
checking whether ln -s works... yes
checking how to print strings... printf
checking for a sed that does not truncate output... /usr/bin/sed
checking for fgrep... /usr/bin/grep -F
checking for ld used by clang... /usr/bin/ld
checking if the linker (/usr/bin/ld) is GNU ld... yes
checking for BSD- or MS-compatible name lister (nm)... /usr/bin/nm -B
checking the name lister (/usr/bin/nm -B) interface... BSD nm
checking the maximum length of command line arguments... 1572864
checking how to convert x86_64-pc-linux-gnu file names to x86_64-pc-linux-gnu format... func_convert_file_noop
checking how to convert x86_64-pc-linux-gnu file names to toolchain format... func_convert_file_noop
checking for /usr/bin/ld option to reload object files... -r
checking for objdump... objdump
checking how to recognize dependent libraries... pass_all
checking for dlltool... no
checking how to associate runtime and link libraries... printf %s\n
checking for ar... ar
checking for archiver @FILE support... @
checking for strip... strip
checking for ranlib... ranlib
checking command to parse /usr/bin/nm -B output from clang object... ok
checking for sysroot... no
checking for a working dd... /usr/bin/dd
checking how to truncate binary pipes... /usr/bin/dd bs=4096 count=1
checking for mt... no
checking if : is a manifest tool... no
checking for dlfcn.h... yes
checking for objdir... .libs
checking if clang supports -fno-rtti -fno-exceptions... yes
checking for clang option to produce PIC... -fPIC -DPIC
checking if clang PIC flag -fPIC -DPIC works... yes
checking if clang static flag -static works... yes
checking if clang supports -c -o file.o... yes
checking if clang supports -c -o file.o... (cached) yes
checking whether the clang linker (/usr/bin/ld -m elf_x86_64) supports shared libraries... yes
checking whether -lc should be explicitly linked in... no
checking dynamic linker characteristics... GNU/Linux ld.so
checking how to hardcode library paths into programs... immediate
checking whether stripping libraries is possible... yes
checking if libtool supports shared libraries... yes
checking whether to build shared libraries... yes
checking whether to build static libraries... no
checking whether the -Werror option is usable... yes
checking for simple visibility declarations... yes
checking whether sys/types.h defines makedev... no
checking sys/mkdev.h usability... no
checking sys/mkdev.h presence... no
checking for sys/mkdev.h... no
checking sys/sysmacros.h usability... yes
checking sys/sysmacros.h presence... yes
checking for sys/sysmacros.h... yes
checking for sys/wait.h that is POSIX.1 compatible... yes
checking for stdint.h... (cached) yes
checking fcntl.h usability... yes
checking fcntl.h presence... yes
checking for fcntl.h... yes
checking for inttypes.h... (cached) yes
checking for unistd.h... (cached) yes
checking byteswap.h usability... yes
checking byteswap.h presence... yes
checking for byteswap.h... yes
checking spawn.h usability... yes
checking spawn.h presence... yes
checking for spawn.h... yes
checking utime.h usability... yes
checking utime.h presence... yes
checking for utime.h... yes
checking wchar.h usability... yes
checking wchar.h presence... yes
checking for wchar.h... yes
checking wctype.h usability... yes
checking wctype.h presence... yes
checking for wctype.h... yes
checking getopt.h usability... yes
checking getopt.h presence... yes
checking for getopt.h... yes
checking err.h usability... yes
checking err.h presence... yes
checking for err.h... yes
checking xlocale.h usability... no
checking xlocale.h presence... no
checking for xlocale.h... no
checking sys/bswap.h usability... no
checking sys/bswap.h presence... no
checking for sys/bswap.h... no
checking sys/mman.h usability... yes
checking sys/mman.h presence... yes
checking for sys/mman.h... yes
checking for sys/stat.h... (cached) yes
checking for sys/types.h... (cached) yes
checking sys/utime.h usability... no
checking sys/utime.h presence... no
checking for sys/utime.h... no
checking sys/time.h usability... yes
checking sys/time.h presence... yes
checking for sys/time.h... yes
checking for sys/sysmacros.h... (cached) yes
checking sys/ioctl.h usability... yes
checking sys/ioctl.h presence... yes
checking for sys/ioctl.h... yes
checking zlib.h usability... no
checking zlib.h presence... no
checking for zlib.h... no
checking bzlib.h usability... no
checking bzlib.h presence... no
checking for bzlib.h... no
checking lzma.h usability... no
checking lzma.h presence... no
checking for lzma.h... no
checking for sig_t... yes
checking for off_t... yes
checking for size_t... yes
checking for struct stat.st_rdev... yes
checking for struct tm.tm_gmtoff... yes
checking whether struct tm is in sys/time.h or time.h... time.h
checking for struct tm.tm_zone... yes
checking for tm_zone in struct tm... yes
checking whether tzname is declared... yes
checking for tzname... yes
checking for tm_isdst in struct tm... yes
checking whether daylight is declared... yes
checking for daylight... yes
checking for special C compiler options needed for large files... no
checking for _FILE_OFFSET_BITS value needed for large files... no
checking for _LARGEFILE_SOURCE value needed for large files... no
checking for mbstate_t... yes
checking for struct option in getopt... yes
checking for pid_t... yes
checking for uint8_t... yes
checking for uint16_t... yes
checking for uint32_t... yes
checking for int32_t... yes
checking for uint64_t... yes
checking for int64_t... yes
checking for intptr_t... yes
checking for uintptr_t... yes
checking for stdlib.h... (cached) yes
checking for unistd.h... (cached) yes
checking for sys/param.h... yes
checking for getpagesize... yes
checking for working mmap... yes
checking vfork.h usability... no
checking vfork.h presence... no
checking for vfork.h... no
checking for fork... yes
checking for vfork... yes
checking for working fork... yes
checking for working vfork... (cached) yes
checking whether mbrtowc and mbstate_t are properly declared... yes
checking for gcc compiler warnings... yes
checking for strndup... yes
checking for mkstemp... yes
checking for mkostemp... yes
checking for utimes... yes
checking for utime... yes
checking for wcwidth... yes
checking for strtof... yes
checking for newlocale... yes
checking for uselocale... yes
checking for freelocale... yes
checking for memmem... yes
checking for pipe2... yes
checking for posix_spawnp... yes
checking for getopt_long... yes
checking for asprintf... yes
checking for vasprintf... yes
checking for strlcpy... no
checking for strlcat... no
checking for getline... yes
checking for ctime_r... yes
checking for asctime_r... yes
checking for localtime_r... yes
checking for gmtime_r... yes
checking for pread... yes
checking for strcasestr... yes
checking for fmtcheck... no
checking for dprintf... yes
checking for gzopen in -lz... no
checking for BZ2_bzCompressInit in -lbz2... no
checking for lzma_stream_decoder in -llzma... no
checking for seccomp_init in -lseccomp... no
checking that generated files are newer than configure... done
configure: creating ./config.status
config.status: creating Makefile
config.status: creating src/Makefile
config.status: creating magic/Makefile
config.status: creating tests/Makefile
config.status: creating doc/Makefile
config.status: creating python/Makefile
config.status: creating libmagic.pc
config.status: creating config.h
config.status: executing depfiles commands
config.status: executing libtool commands
make  all-recursive
make[1]: Entering directory '/src/file'
Making all in src
make[2]: Entering directory '/src/file/src'
sed -e "s/X.YY/$(echo 5.42 | tr -d .)/" < ../src/magic.h.in > magic.h
make  all-am
make[3]: Entering directory '/src/file/src'
depbase=`echo file.o | sed 's|[^/]*$|.deps/&|;s|\.o$||'`;\
clang -DHAVE_CONFIG_H -I. -I..  -DMAGIC='"/src/file/_inst/share/misc/magic"'  -fvisibility=hidden -Wall -Wstrict-prototypes -Wmissing-prototypes -Wpointer-arith        -Wmissing-declarations -Wredundant-decls -Wnested-externs        -Wsign-compare -Wreturn-type -Wswitch -Wshadow        -Wcast-qual -Wwrite-strings -Wextra -Wunused-parameter -Wformat=2 -O1 -fno-omit-frame-pointer -gline-tables-only -DFUZZING_BUILD_MODE_UNSAFE_FOR_PRODUCTION -MT file.o -MD -MP -MF $depbase.Tpo -c -o file.o file.c &&\
mv -f $depbase.Tpo $depbase.Po
depbase=`echo seccomp.o | sed 's|[^/]*$|.deps/&|;s|\.o$||'`;\
clang -DHAVE_CONFIG_H -I. -I..  -DMAGIC='"/src/file/_inst/share/misc/magic"'  -fvisibility=hidden -Wall -Wstrict-prototypes -Wmissing-prototypes -Wpointer-arith        -Wmissing-declarations -Wredundant-decls -Wnested-externs        -Wsign-compare -Wreturn-type -Wswitch -Wshadow        -Wcast-qual -Wwrite-strings -Wextra -Wunused-parameter -Wformat=2 -O1 -fno-omit-frame-pointer -gline-tables-only -DFUZZING_BUILD_MODE_UNSAFE_FOR_PRODUCTION -MT seccomp.o -MD -MP -MF $depbase.Tpo -c -o seccomp.o seccomp.c &&\
mv -f $depbase.Tpo $depbase.Po
depbase=`echo buffer.lo | sed 's|[^/]*$|.deps/&|;s|\.lo$||'`;\
/bin/bash ../libtool  --tag=CC   --mode=compile clang -DHAVE_CONFIG_H -I. -I..  -DMAGIC='"/src/file/_inst/share/misc/magic"'  -fvisibility=hidden -Wall -Wstrict-prototypes -Wmissing-prototypes -Wpointer-arith        -Wmissing-declarations -Wredundant-decls -Wnested-externs        -Wsign-compare -Wreturn-type -Wswitch -Wshadow        -Wcast-qual -Wwrite-strings -Wextra -Wunused-parameter -Wformat=2 -O1 -fno-omit-frame-pointer -gline-tables-only -DFUZZING_BUILD_MODE_UNSAFE_FOR_PRODUCTION -MT buffer.lo -MD -MP -MF $depbase.Tpo -c -o buffer.lo buffer.c &&\
mv -f $depbase.Tpo $depbase.Plo
depbase=`echo magic.lo | sed 's|[^/]*$|.deps/&|;s|\.lo$||'`;\
/bin/bash ../libtool  --tag=CC   --mode=compile clang -DHAVE_CONFIG_H -I. -I..  -DMAGIC='"/src/file/_inst/share/misc/magic"'  -fvisibility=hidden -Wall -Wstrict-prototypes -Wmissing-prototypes -Wpointer-arith        -Wmissing-declarations -Wredundant-decls -Wnested-externs        -Wsign-compare -Wreturn-type -Wswitch -Wshadow        -Wcast-qual -Wwrite-strings -Wextra -Wunused-parameter -Wformat=2 -O1 -fno-omit-frame-pointer -gline-tables-only -DFUZZING_BUILD_MODE_UNSAFE_FOR_PRODUCTION -MT magic.lo -MD -MP -MF $depbase.Tpo -c -o magic.lo magic.c &&\
mv -f $depbase.Tpo $depbase.Plo
depbase=`echo apprentice.lo | sed 's|[^/]*$|.deps/&|;s|\.lo$||'`;\
/bin/bash ../libtool  --tag=CC   --mode=compile clang -DHAVE_CONFIG_H -I. -I..  -DMAGIC='"/src/file/_inst/share/misc/magic"'  -fvisibility=hidden -Wall -Wstrict-prototypes -Wmissing-prototypes -Wpointer-arith        -Wmissing-declarations -Wredundant-decls -Wnested-externs        -Wsign-compare -Wreturn-type -Wswitch -Wshadow        -Wcast-qual -Wwrite-strings -Wextra -Wunused-parameter -Wformat=2 -O1 -fno-omit-frame-pointer -gline-tables-only -DFUZZING_BUILD_MODE_UNSAFE_FOR_PRODUCTION -MT apprentice.lo -MD -MP -MF $depbase.Tpo -c -o apprentice.lo apprentice.c &&\
mv -f $depbase.Tpo $depbase.Plo
depbase=`echo softmagic.lo | sed 's|[^/]*$|.deps/&|;s|\.lo$||'`;\
/bin/bash ../libtool  --tag=CC   --mode=compile clang -DHAVE_CONFIG_H -I. -I..  -DMAGIC='"/src/file/_inst/share/misc/magic"'  -fvisibility=hidden -Wall -Wstrict-prototypes -Wmissing-prototypes -Wpointer-arith        -Wmissing-declarations -Wredundant-decls -Wnested-externs        -Wsign-compare -Wreturn-type -Wswitch -Wshadow        -Wcast-qual -Wwrite-strings -Wextra -Wunused-parameter -Wformat=2 -O1 -fno-omit-frame-pointer -gline-tables-only -DFUZZING_BUILD_MODE_UNSAFE_FOR_PRODUCTION -MT softmagic.lo -MD -MP -MF $depbase.Tpo -c -o softmagic.lo softmagic.c &&\
mv -f $depbase.Tpo $depbase.Plo
depbase=`echo ascmagic.lo | sed 's|[^/]*$|.deps/&|;s|\.lo$||'`;\
/bin/bash ../libtool  --tag=CC   --mode=compile clang -DHAVE_CONFIG_H -I. -I..  -DMAGIC='"/src/file/_inst/share/misc/magic"'  -fvisibility=hidden -Wall -Wstrict-prototypes -Wmissing-prototypes -Wpointer-arith        -Wmissing-declarations -Wredundant-decls -Wnested-externs        -Wsign-compare -Wreturn-type -Wswitch -Wshadow        -Wcast-qual -Wwrite-strings -Wextra -Wunused-parameter -Wformat=2 -O1 -fno-omit-frame-pointer -gline-tables-only -DFUZZING_BUILD_MODE_UNSAFE_FOR_PRODUCTION -MT ascmagic.lo -MD -MP -MF $depbase.Tpo -c -o ascmagic.lo ascmagic.c &&\
mv -f $depbase.Tpo $depbase.Plo
depbase=`echo encoding.lo | sed 's|[^/]*$|.deps/&|;s|\.lo$||'`;\
/bin/bash ../libtool  --tag=CC   --mode=compile clang -DHAVE_CONFIG_H -I. -I..  -DMAGIC='"/src/file/_inst/share/misc/magic"'  -fvisibility=hidden -Wall -Wstrict-prototypes -Wmissing-prototypes -Wpointer-arith        -Wmissing-declarations -Wredundant-decls -Wnested-externs        -Wsign-compare -Wreturn-type -Wswitch -Wshadow        -Wcast-qual -Wwrite-strings -Wextra -Wunused-parameter -Wformat=2 -O1 -fno-omit-frame-pointer -gline-tables-only -DFUZZING_BUILD_MODE_UNSAFE_FOR_PRODUCTION -MT encoding.lo -MD -MP -MF $depbase.Tpo -c -o encoding.lo encoding.c &&\
mv -f $depbase.Tpo $depbase.Plo
depbase=`echo compress.lo | sed 's|[^/]*$|.deps/&|;s|\.lo$||'`;\
/bin/bash ../libtool  --tag=CC   --mode=compile clang -DHAVE_CONFIG_H -I. -I..  -DMAGIC='"/src/file/_inst/share/misc/magic"'  -fvisibility=hidden -Wall -Wstrict-prototypes -Wmissing-prototypes -Wpointer-arith        -Wmissing-declarations -Wredundant-decls -Wnested-externs        -Wsign-compare -Wreturn-type -Wswitch -Wshadow        -Wcast-qual -Wwrite-strings -Wextra -Wunused-parameter -Wformat=2 -O1 -fno-omit-frame-pointer -gline-tables-only -DFUZZING_BUILD_MODE_UNSAFE_FOR_PRODUCTION -MT compress.lo -MD -MP -MF $depbase.Tpo -c -o compress.lo compress.c &&\
mv -f $depbase.Tpo $depbase.Plo
depbase=`echo is_csv.lo | sed 's|[^/]*$|.deps/&|;s|\.lo$||'`;\
/bin/bash ../libtool  --tag=CC   --mode=compile clang -DHAVE_CONFIG_H -I. -I..  -DMAGIC='"/src/file/_inst/share/misc/magic"'  -fvisibility=hidden -Wall -Wstrict-prototypes -Wmissing-prototypes -Wpointer-arith        -Wmissing-declarations -Wredundant-decls -Wnested-externs        -Wsign-compare -Wreturn-type -Wswitch -Wshadow        -Wcast-qual -Wwrite-strings -Wextra -Wunused-parameter -Wformat=2 -O1 -fno-omit-frame-pointer -gline-tables-only -DFUZZING_BUILD_MODE_UNSAFE_FOR_PRODUCTION -MT is_csv.lo -MD -MP -MF $depbase.Tpo -c -o is_csv.lo is_csv.c &&\
mv -f $depbase.Tpo $depbase.Plo
depbase=`echo is_json.lo | sed 's|[^/]*$|.deps/&|;s|\.lo$||'`;\
/bin/bash ../libtool  --tag=CC   --mode=compile clang -DHAVE_CONFIG_H -I. -I..  -DMAGIC='"/src/file/_inst/share/misc/magic"'  -fvisibility=hidden -Wall -Wstrict-prototypes -Wmissing-prototypes -Wpointer-arith        -Wmissing-declarations -Wredundant-decls -Wnested-externs        -Wsign-compare -Wreturn-type -Wswitch -Wshadow        -Wcast-qual -Wwrite-strings -Wextra -Wunused-parameter -Wformat=2 -O1 -fno-omit-frame-pointer -gline-tables-only -DFUZZING_BUILD_MODE_UNSAFE_FOR_PRODUCTION -MT is_json.lo -MD -MP -MF $depbase.Tpo -c -o is_json.lo is_json.c &&\
mv -f $depbase.Tpo $depbase.Plo
depbase=`echo is_tar.lo | sed 's|[^/]*$|.deps/&|;s|\.lo$||'`;\
/bin/bash ../libtool  --tag=CC   --mode=compile clang -DHAVE_CONFIG_H -I. -I..  -DMAGIC='"/src/file/_inst/share/misc/magic"'  -fvisibility=hidden -Wall -Wstrict-prototypes -Wmissing-prototypes -Wpointer-arith        -Wmissing-declarations -Wredundant-decls -Wnested-externs        -Wsign-compare -Wreturn-type -Wswitch -Wshadow        -Wcast-qual -Wwrite-strings -Wextra -Wunused-parameter -Wformat=2 -O1 -fno-omit-frame-pointer -gline-tables-only -DFUZZING_BUILD_MODE_UNSAFE_FOR_PRODUCTION -MT is_tar.lo -MD -MP -MF $depbase.Tpo -c -o is_tar.lo is_tar.c &&\
mv -f $depbase.Tpo $depbase.Plo
depbase=`echo readelf.lo | sed 's|[^/]*$|.deps/&|;s|\.lo$||'`;\
/bin/bash ../libtool  --tag=CC   --mode=compile clang -DHAVE_CONFIG_H -I. -I..  -DMAGIC='"/src/file/_inst/share/misc/magic"'  -fvisibility=hidden -Wall -Wstrict-prototypes -Wmissing-prototypes -Wpointer-arith        -Wmissing-declarations -Wredundant-decls -Wnested-externs        -Wsign-compare -Wreturn-type -Wswitch -Wshadow        -Wcast-qual -Wwrite-strings -Wextra -Wunused-parameter -Wformat=2 -O1 -fno-omit-frame-pointer -gline-tables-only -DFUZZING_BUILD_MODE_UNSAFE_FOR_PRODUCTION -MT readelf.lo -MD -MP -MF $depbase.Tpo -c -o readelf.lo readelf.c &&\
mv -f $depbase.Tpo $depbase.Plo
depbase=`echo print.lo | sed 's|[^/]*$|.deps/&|;s|\.lo$||'`;\
/bin/bash ../libtool  --tag=CC   --mode=compile clang -DHAVE_CONFIG_H -I. -I..  -DMAGIC='"/src/file/_inst/share/misc/magic"'  -fvisibility=hidden -Wall -Wstrict-prototypes -Wmissing-prototypes -Wpointer-arith        -Wmissing-declarations -Wredundant-decls -Wnested-externs        -Wsign-compare -Wreturn-type -Wswitch -Wshadow        -Wcast-qual -Wwrite-strings -Wextra -Wunused-parameter -Wformat=2 -O1 -fno-omit-frame-pointer -gline-tables-only -DFUZZING_BUILD_MODE_UNSAFE_FOR_PRODUCTION -MT print.lo -MD -MP -MF $depbase.Tpo -c -o print.lo print.c &&\
mv -f $depbase.Tpo $depbase.Plo
depbase=`echo fsmagic.lo | sed 's|[^/]*$|.deps/&|;s|\.lo$||'`;\
/bin/bash ../libtool  --tag=CC   --mode=compile clang -DHAVE_CONFIG_H -I. -I..  -DMAGIC='"/src/file/_inst/share/misc/magic"'  -fvisibility=hidden -Wall -Wstrict-prototypes -Wmissing-prototypes -Wpointer-arith        -Wmissing-declarations -Wredundant-decls -Wnested-externs        -Wsign-compare -Wreturn-type -Wswitch -Wshadow        -Wcast-qual -Wwrite-strings -Wextra -Wunused-parameter -Wformat=2 -O1 -fno-omit-frame-pointer -gline-tables-only -DFUZZING_BUILD_MODE_UNSAFE_FOR_PRODUCTION -MT fsmagic.lo -MD -MP -MF $depbase.Tpo -c -o fsmagic.lo fsmagic.c &&\
mv -f $depbase.Tpo $depbase.Plo
depbase=`echo funcs.lo | sed 's|[^/]*$|.deps/&|;s|\.lo$||'`;\
/bin/bash ../libtool  --tag=CC   --mode=compile clang -DHAVE_CONFIG_H -I. -I..  -DMAGIC='"/src/file/_inst/share/misc/magic"'  -fvisibility=hidden -Wall -Wstrict-prototypes -Wmissing-prototypes -Wpointer-arith        -Wmissing-declarations -Wredundant-decls -Wnested-externs        -Wsign-compare -Wreturn-type -Wswitch -Wshadow        -Wcast-qual -Wwrite-strings -Wextra -Wunused-parameter -Wformat=2 -O1 -fno-omit-frame-pointer -gline-tables-only -DFUZZING_BUILD_MODE_UNSAFE_FOR_PRODUCTION -MT funcs.lo -MD -MP -MF $depbase.Tpo -c -o funcs.lo funcs.c &&\
mv -f $depbase.Tpo $depbase.Plo
depbase=`echo apptype.lo | sed 's|[^/]*$|.deps/&|;s|\.lo$||'`;\
/bin/bash ../libtool  --tag=CC   --mode=compile clang -DHAVE_CONFIG_H -I. -I..  -DMAGIC='"/src/file/_inst/share/misc/magic"'  -fvisibility=hidden -Wall -Wstrict-prototypes -Wmissing-prototypes -Wpointer-arith        -Wmissing-declarations -Wredundant-decls -Wnested-externs        -Wsign-compare -Wreturn-type -Wswitch -Wshadow        -Wcast-qual -Wwrite-strings -Wextra -Wunused-parameter -Wformat=2 -O1 -fno-omit-frame-pointer -gline-tables-only -DFUZZING_BUILD_MODE_UNSAFE_FOR_PRODUCTION -MT apptype.lo -MD -MP -MF $depbase.Tpo -c -o apptype.lo apptype.c &&\
mv -f $depbase.Tpo $depbase.Plo
depbase=`echo der.lo | sed 's|[^/]*$|.deps/&|;s|\.lo$||'`;\
/bin/bash ../libtool  --tag=CC   --mode=compile clang -DHAVE_CONFIG_H -I. -I..  -DMAGIC='"/src/file/_inst/share/misc/magic"'  -fvisibility=hidden -Wall -Wstrict-prototypes -Wmissing-prototypes -Wpointer-arith        -Wmissing-declarations -Wredundant-decls -Wnested-externs        -Wsign-compare -Wreturn-type -Wswitch -Wshadow        -Wcast-qual -Wwrite-strings -Wextra -Wunused-parameter -Wformat=2 -O1 -fno-omit-frame-pointer -gline-tables-only -DFUZZING_BUILD_MODE_UNSAFE_FOR_PRODUCTION -MT der.lo -MD -MP -MF $depbase.Tpo -c -o der.lo der.c &&\
mv -f $depbase.Tpo $depbase.Plo
depbase=`echo cdf.lo | sed 's|[^/]*$|.deps/&|;s|\.lo$||'`;\
/bin/bash ../libtool  --tag=CC   --mode=compile clang -DHAVE_CONFIG_H -I. -I..  -DMAGIC='"/src/file/_inst/share/misc/magic"'  -fvisibility=hidden -Wall -Wstrict-prototypes -Wmissing-prototypes -Wpointer-arith        -Wmissing-declarations -Wredundant-decls -Wnested-externs        -Wsign-compare -Wreturn-type -Wswitch -Wshadow        -Wcast-qual -Wwrite-strings -Wextra -Wunused-parameter -Wformat=2 -O1 -fno-omit-frame-pointer -gline-tables-only -DFUZZING_BUILD_MODE_UNSAFE_FOR_PRODUCTION -MT cdf.lo -MD -MP -MF $depbase.Tpo -c -o cdf.lo cdf.c &&\
mv -f $depbase.Tpo $depbase.Plo
depbase=`echo cdf_time.lo | sed 's|[^/]*$|.deps/&|;s|\.lo$||'`;\
/bin/bash ../libtool  --tag=CC   --mode=compile clang -DHAVE_CONFIG_H -I. -I..  -DMAGIC='"/src/file/_inst/share/misc/magic"'  -fvisibility=hidden -Wall -Wstrict-prototypes -Wmissing-prototypes -Wpointer-arith        -Wmissing-declarations -Wredundant-decls -Wnested-externs        -Wsign-compare -Wreturn-type -Wswitch -Wshadow        -Wcast-qual -Wwrite-strings -Wextra -Wunused-parameter -Wformat=2 -O1 -fno-omit-frame-pointer -gline-tables-only -DFUZZING_BUILD_MODE_UNSAFE_FOR_PRODUCTION -MT cdf_time.lo -MD -MP -MF $depbase.Tpo -c -o cdf_time.lo cdf_time.c &&\
mv -f $depbase.Tpo $depbase.Plo
depbase=`echo readcdf.lo | sed 's|[^/]*$|.deps/&|;s|\.lo$||'`;\
/bin/bash ../libtool  --tag=CC   --mode=compile clang -DHAVE_CONFIG_H -I. -I..  -DMAGIC='"/src/file/_inst/share/misc/magic"'  -fvisibility=hidden -Wall -Wstrict-prototypes -Wmissing-prototypes -Wpointer-arith        -Wmissing-declarations -Wredundant-decls -Wnested-externs        -Wsign-compare -Wreturn-type -Wswitch -Wshadow        -Wcast-qual -Wwrite-strings -Wextra -Wunused-parameter -Wformat=2 -O1 -fno-omit-frame-pointer -gline-tables-only -DFUZZING_BUILD_MODE_UNSAFE_FOR_PRODUCTION -MT readcdf.lo -MD -MP -MF $depbase.Tpo -c -o readcdf.lo readcdf.c &&\
mv -f $depbase.Tpo $depbase.Plo
depbase=`echo strlcpy.lo | sed 's|[^/]*$|.deps/&|;s|\.lo$||'`;\
/bin/bash ../libtool  --tag=CC   --mode=compile clang -DHAVE_CONFIG_H -I. -I..  -DMAGIC='"/src/file/_inst/share/misc/magic"'  -fvisibility=hidden -Wall -Wstrict-prototypes -Wmissing-prototypes -Wpointer-arith        -Wmissing-declarations -Wredundant-decls -Wnested-externs        -Wsign-compare -Wreturn-type -Wswitch -Wshadow        -Wcast-qual -Wwrite-strings -Wextra -Wunused-parameter -Wformat=2 -O1 -fno-omit-frame-pointer -gline-tables-only -DFUZZING_BUILD_MODE_UNSAFE_FOR_PRODUCTION -MT strlcpy.lo -MD -MP -MF $depbase.Tpo -c -o strlcpy.lo strlcpy.c &&\
mv -f $depbase.Tpo $depbase.Plo
depbase=`echo strlcat.lo | sed 's|[^/]*$|.deps/&|;s|\.lo$||'`;\
/bin/bash ../libtool  --tag=CC   --mode=compile clang -DHAVE_CONFIG_H -I. -I..  -DMAGIC='"/src/file/_inst/share/misc/magic"'  -fvisibility=hidden -Wall -Wstrict-prototypes -Wmissing-prototypes -Wpointer-arith        -Wmissing-declarations -Wredundant-decls -Wnested-externs        -Wsign-compare -Wreturn-type -Wswitch -Wshadow        -Wcast-qual -Wwrite-strings -Wextra -Wunused-parameter -Wformat=2 -O1 -fno-omit-frame-pointer -gline-tables-only -DFUZZING_BUILD_MODE_UNSAFE_FOR_PRODUCTION -MT strlcat.lo -MD -MP -MF $depbase.Tpo -c -o strlcat.lo strlcat.c &&\
mv -f $depbase.Tpo $depbase.Plo
depbase=`echo fmtcheck.lo | sed 's|[^/]*$|.deps/&|;s|\.lo$||'`;\
/bin/bash ../libtool  --tag=CC   --mode=compile clang -DHAVE_CONFIG_H -I. -I..  -DMAGIC='"/src/file/_inst/share/misc/magic"'  -fvisibility=hidden -Wall -Wstrict-prototypes -Wmissing-prototypes -Wpointer-arith        -Wmissing-declarations -Wredundant-decls -Wnested-externs        -Wsign-compare -Wreturn-type -Wswitch -Wshadow        -Wcast-qual -Wwrite-strings -Wextra -Wunused-parameter -Wformat=2 -O1 -fno-omit-frame-pointer -gline-tables-only -DFUZZING_BUILD_MODE_UNSAFE_FOR_PRODUCTION -MT fmtcheck.lo -MD -MP -MF $depbase.Tpo -c -o fmtcheck.lo fmtcheck.c &&\
mv -f $depbase.Tpo $depbase.Plo
libtool: compile:  clang -DHAVE_CONFIG_H -I. -I.. -DMAGIC=\"/src/file/_inst/share/misc/magic\" -fvisibility=hidden -Wall -Wstrict-prototypes -Wmissing-prototypes -Wpointer-arith -Wmissing-declarations -Wredundant-decls -Wnested-externs -Wsign-compare -Wreturn-type -Wswitch -Wshadow -Wcast-qual -Wwrite-strings -Wextra -Wunused-parameter -Wformat=2 -O1 -fno-omit-frame-pointer -gline-tables-only -DFUZZING_BUILD_MODE_UNSAFE_FOR_PRODUCTION -MT strlcat.lo -MD -MP -MF .deps/strlcat.Tpo -c strlcat.c  -fPIC -DPIC -o .libs/strlcat.o
libtool: compile:  clang -DHAVE_CONFIG_H -I. -I.. -DMAGIC=\"/src/file/_inst/share/misc/magic\" -fvisibility=hidden -Wall -Wstrict-prototypes -Wmissing-prototypes -Wpointer-arith -Wmissing-declarations -Wredundant-decls -Wnested-externs -Wsign-compare -Wreturn-type -Wswitch -Wshadow -Wcast-qual -Wwrite-strings -Wextra -Wunused-parameter -Wformat=2 -O1 -fno-omit-frame-pointer -gline-tables-only -DFUZZING_BUILD_MODE_UNSAFE_FOR_PRODUCTION -MT is_tar.lo -MD -MP -MF .deps/is_tar.Tpo -c is_tar.c  -fPIC -DPIC -o .libs/is_tar.o
libtool: compile:  clang -DHAVE_CONFIG_H -I. -I.. -DMAGIC=\"/src/file/_inst/share/misc/magic\" -fvisibility=hidden -Wall -Wstrict-prototypes -Wmissing-prototypes -Wpointer-arith -Wmissing-declarations -Wredundant-decls -Wnested-externs -Wsign-compare -Wreturn-type -Wswitch -Wshadow -Wcast-qual -Wwrite-strings -Wextra -Wunused-parameter -Wformat=2 -O1 -fno-omit-frame-pointer -gline-tables-only -DFUZZING_BUILD_MODE_UNSAFE_FOR_PRODUCTION -MT softmagic.lo -MD -MP -MF .deps/softmagic.Tpo -c softmagic.c  -fPIC -DPIC -o .libs/softmagic.o
libtool: compile:  clang -DHAVE_CONFIG_H -I. -I.. -DMAGIC=\"/src/file/_inst/share/misc/magic\" -fvisibility=hidden -Wall -Wstrict-prototypes -Wmissing-prototypes -Wpointer-arith -Wmissing-declarations -Wredundant-decls -Wnested-externs -Wsign-compare -Wreturn-type -Wswitch -Wshadow -Wcast-qual -Wwrite-strings -Wextra -Wunused-parameter -Wformat=2 -O1 -fno-omit-frame-pointer -gline-tables-only -DFUZZING_BUILD_MODE_UNSAFE_FOR_PRODUCTION -MT encoding.lo -MD -MP -MF .deps/encoding.Tpo -c encoding.c  -fPIC -DPIC -o .libs/encoding.o
libtool: compile:  clang -DHAVE_CONFIG_H -I. -I.. -DMAGIC=\"/src/file/_inst/share/misc/magic\" -fvisibility=hidden -Wall -Wstrict-prototypes -Wmissing-prototypes -Wpointer-arith -Wmissing-declarations -Wredundant-decls -Wnested-externs -Wsign-compare -Wreturn-type -Wswitch -Wshadow -Wcast-qual -Wwrite-strings -Wextra -Wunused-parameter -Wformat=2 -O1 -fno-omit-frame-pointer -gline-tables-only -DFUZZING_BUILD_MODE_UNSAFE_FOR_PRODUCTION -MT compress.lo -MD -MP -MF .deps/compress.Tpo -c compress.c  -fPIC -DPIC -o .libs/compress.o
libtool: compile:  clang -DHAVE_CONFIG_H -I. -I.. -DMAGIC=\"/src/file/_inst/share/misc/magic\" -fvisibility=hidden -Wall -Wstrict-prototypes -Wmissing-prototypes -Wpointer-arith -Wmissing-declarations -Wredundant-decls -Wnested-externs -Wsign-compare -Wreturn-type -Wswitch -Wshadow -Wcast-qual -Wwrite-strings -Wextra -Wunused-parameter -Wformat=2 -O1 -fno-omit-frame-pointer -gline-tables-only -DFUZZING_BUILD_MODE_UNSAFE_FOR_PRODUCTION -MT fsmagic.lo -MD -MP -MF .deps/fsmagic.Tpo -c fsmagic.c  -fPIC -DPIC -o .libs/fsmagic.o
libtool: compile:  clang -DHAVE_CONFIG_H -I. -I.. -DMAGIC=\"/src/file/_inst/share/misc/magic\" -fvisibility=hidden -Wall -Wstrict-prototypes -Wmissing-prototypes -Wpointer-arith -Wmissing-declarations -Wredundant-decls -Wnested-externs -Wsign-compare -Wreturn-type -Wswitch -Wshadow -Wcast-qual -Wwrite-strings -Wextra -Wunused-parameter -Wformat=2 -O1 -fno-omit-frame-pointer -gline-tables-only -DFUZZING_BUILD_MODE_UNSAFE_FOR_PRODUCTION -MT apptype.lo -MD -MP -MF .deps/apptype.Tpo -c apptype.c  -fPIC -DPIC -o .libs/apptype.o
libtool: compile:  clang -DHAVE_CONFIG_H -I. -I.. -DMAGIC=\"/src/file/_inst/share/misc/magic\" -fvisibility=hidden -Wall -Wstrict-prototypes -Wmissing-prototypes -Wpointer-arith -Wmissing-declarations -Wredundant-decls -Wnested-externs -Wsign-compare -Wreturn-type -Wswitch -Wshadow -Wcast-qual -Wwrite-strings -Wextra -Wunused-parameter -Wformat=2 -O1 -fno-omit-frame-pointer -gline-tables-only -DFUZZING_BUILD_MODE_UNSAFE_FOR_PRODUCTION -MT der.lo -MD -MP -MF .deps/der.Tpo -c der.c  -fPIC -DPIC -o .libs/der.o
libtool: compile:  clang -DHAVE_CONFIG_H -I. -I.. -DMAGIC=\"/src/file/_inst/share/misc/magic\" -fvisibility=hidden -Wall -Wstrict-prototypes -Wmissing-prototypes -Wpointer-arith -Wmissing-declarations -Wredundant-decls -Wnested-externs -Wsign-compare -Wreturn-type -Wswitch -Wshadow -Wcast-qual -Wwrite-strings -Wextra -Wunused-parameter -Wformat=2 -O1 -fno-omit-frame-pointer -gline-tables-only -DFUZZING_BUILD_MODE_UNSAFE_FOR_PRODUCTION -MT readelf.lo -MD -MP -MF .deps/readelf.Tpo -c readelf.c  -fPIC -DPIC -o .libs/readelf.o
libtool: compile:  clang -DHAVE_CONFIG_H -I. -I.. -DMAGIC=\"/src/file/_inst/share/misc/magic\" -fvisibility=hidden -Wall -Wstrict-prototypes -Wmissing-prototypes -Wpointer-arith -Wmissing-declarations -Wredundant-decls -Wnested-externs -Wsign-compare -Wreturn-type -Wswitch -Wshadow -Wcast-qual -Wwrite-strings -Wextra -Wunused-parameter -Wformat=2 -O1 -fno-omit-frame-pointer -gline-tables-only -DFUZZING_BUILD_MODE_UNSAFE_FOR_PRODUCTION -MT fmtcheck.lo -MD -MP -MF .deps/fmtcheck.Tpo -c fmtcheck.c  -fPIC -DPIC -o .libs/fmtcheck.o
libtool: compile:  clang -DHAVE_CONFIG_H -I. -I.. -DMAGIC=\"/src/file/_inst/share/misc/magic\" -fvisibility=hidden -Wall -Wstrict-prototypes -Wmissing-prototypes -Wpointer-arith -Wmissing-declarations -Wredundant-decls -Wnested-externs -Wsign-compare -Wreturn-type -Wswitch -Wshadow -Wcast-qual -Wwrite-strings -Wextra -Wunused-parameter -Wformat=2 -O1 -fno-omit-frame-pointer -gline-tables-only -DFUZZING_BUILD_MODE_UNSAFE_FOR_PRODUCTION -MT ascmagic.lo -MD -MP -MF .deps/ascmagic.Tpo -c ascmagic.c  -fPIC -DPIC -o .libs/ascmagic.o
libtool: compile:  clang -DHAVE_CONFIG_H -I. -I.. -DMAGIC=\"/src/file/_inst/share/misc/magic\" -fvisibility=hidden -Wall -Wstrict-prototypes -Wmissing-prototypes -Wpointer-arith -Wmissing-declarations -Wredundant-decls -Wnested-externs -Wsign-compare -Wreturn-type -Wswitch -Wshadow -Wcast-qual -Wwrite-strings -Wextra -Wunused-parameter -Wformat=2 -O1 -fno-omit-frame-pointer -gline-tables-only -DFUZZING_BUILD_MODE_UNSAFE_FOR_PRODUCTION -MT apprentice.lo -MD -MP -MF .deps/apprentice.Tpo -c apprentice.c  -fPIC -DPIC -o .libs/apprentice.o
libtool: compile:  clang -DHAVE_CONFIG_H -I. -I.. -DMAGIC=\"/src/file/_inst/share/misc/magic\" -fvisibility=hidden -Wall -Wstrict-prototypes -Wmissing-prototypes -Wpointer-arith -Wmissing-declarations -Wredundant-decls -Wnested-externs -Wsign-compare -Wreturn-type -Wswitch -Wshadow -Wcast-qual -Wwrite-strings -Wextra -Wunused-parameter -Wformat=2 -O1 -fno-omit-frame-pointer -gline-tables-only -DFUZZING_BUILD_MODE_UNSAFE_FOR_PRODUCTION -MT buffer.lo -MD -MP -MF .deps/buffer.Tpo -c buffer.c  -fPIC -DPIC -o .libs/buffer.o
libtool: compile:  clang -DHAVE_CONFIG_H -I. -I.. -DMAGIC=\"/src/file/_inst/share/misc/magic\" -fvisibility=hidden -Wall -Wstrict-prototypes -Wmissing-prototypes -Wpointer-arith -Wmissing-declarations -Wredundant-decls -Wnested-externs -Wsign-compare -Wreturn-type -Wswitch -Wshadow -Wcast-qual -Wwrite-strings -Wextra -Wunused-parameter -Wformat=2 -O1 -fno-omit-frame-pointer -gline-tables-only -DFUZZING_BUILD_MODE_UNSAFE_FOR_PRODUCTION -MT funcs.lo -MD -MP -MF .deps/funcs.Tpo -c funcs.c  -fPIC -DPIC -o .libs/funcs.o
libtool: compile:  clang -DHAVE_CONFIG_H -I. -I.. -DMAGIC=\"/src/file/_inst/share/misc/magic\" -fvisibility=hidden -Wall -Wstrict-prototypes -Wmissing-prototypes -Wpointer-arith -Wmissing-declarations -Wredundant-decls -Wnested-externs -Wsign-compare -Wreturn-type -Wswitch -Wshadow -Wcast-qual -Wwrite-strings -Wextra -Wunused-parameter -Wformat=2 -O1 -fno-omit-frame-pointer -gline-tables-only -DFUZZING_BUILD_MODE_UNSAFE_FOR_PRODUCTION -MT is_json.lo -MD -MP -MF .deps/is_json.Tpo -c is_json.c  -fPIC -DPIC -o .libs/is_json.o
libtool: compile:  clang -DHAVE_CONFIG_H -I. -I.. -DMAGIC=\"/src/file/_inst/share/misc/magic\" -fvisibility=hidden -Wall -Wstrict-prototypes -Wmissing-prototypes -Wpointer-arith -Wmissing-declarations -Wredundant-decls -Wnested-externs -Wsign-compare -Wreturn-type -Wswitch -Wshadow -Wcast-qual -Wwrite-strings -Wextra -Wunused-parameter -Wformat=2 -O1 -fno-omit-frame-pointer -gline-tables-only -DFUZZING_BUILD_MODE_UNSAFE_FOR_PRODUCTION -MT is_csv.lo -MD -MP -MF .deps/is_csv.Tpo -c is_csv.c  -fPIC -DPIC -o .libs/is_csv.o
libtool: compile:  clang -DHAVE_CONFIG_H -I. -I.. -DMAGIC=\"/src/file/_inst/share/misc/magic\" -fvisibility=hidden -Wall -Wstrict-prototypes -Wmissing-prototypes -Wpointer-arith -Wmissing-declarations -Wredundant-decls -Wnested-externs -Wsign-compare -Wreturn-type -Wswitch -Wshadow -Wcast-qual -Wwrite-strings -Wextra -Wunused-parameter -Wformat=2 -O1 -fno-omit-frame-pointer -gline-tables-only -DFUZZING_BUILD_MODE_UNSAFE_FOR_PRODUCTION -MT print.lo -MD -MP -MF .deps/print.Tpo -c print.c  -fPIC -DPIC -o .libs/print.o
libtool: compile:  clang -DHAVE_CONFIG_H -I. -I.. -DMAGIC=\"/src/file/_inst/share/misc/magic\" -fvisibility=hidden -Wall -Wstrict-prototypes -Wmissing-prototypes -Wpointer-arith -Wmissing-declarations -Wredundant-decls -Wnested-externs -Wsign-compare -Wreturn-type -Wswitch -Wshadow -Wcast-qual -Wwrite-strings -Wextra -Wunused-parameter -Wformat=2 -O1 -fno-omit-frame-pointer -gline-tables-only -DFUZZING_BUILD_MODE_UNSAFE_FOR_PRODUCTION -MT cdf_time.lo -MD -MP -MF .deps/cdf_time.Tpo -c cdf_time.c  -fPIC -DPIC -o .libs/cdf_time.o
libtool: compile:  clang -DHAVE_CONFIG_H -I. -I.. -DMAGIC=\"/src/file/_inst/share/misc/magic\" -fvisibility=hidden -Wall -Wstrict-prototypes -Wmissing-prototypes -Wpointer-arith -Wmissing-declarations -Wredundant-decls -Wnested-externs -Wsign-compare -Wreturn-type -Wswitch -Wshadow -Wcast-qual -Wwrite-strings -Wextra -Wunused-parameter -Wformat=2 -O1 -fno-omit-frame-pointer -gline-tables-only -DFUZZING_BUILD_MODE_UNSAFE_FOR_PRODUCTION -MT readcdf.lo -MD -MP -MF .deps/readcdf.Tpo -c readcdf.c  -fPIC -DPIC -o .libs/readcdf.o
libtool: compile:  clang -DHAVE_CONFIG_H -I. -I.. -DMAGIC=\"/src/file/_inst/share/misc/magic\" -fvisibility=hidden -Wall -Wstrict-prototypes -Wmissing-prototypes -Wpointer-arith -Wmissing-declarations -Wredundant-decls -Wnested-externs -Wsign-compare -Wreturn-type -Wswitch -Wshadow -Wcast-qual -Wwrite-strings -Wextra -Wunused-parameter -Wformat=2 -O1 -fno-omit-frame-pointer -gline-tables-only -DFUZZING_BUILD_MODE_UNSAFE_FOR_PRODUCTION -MT cdf.lo -MD -MP -MF .deps/cdf.Tpo -c cdf.c  -fPIC -DPIC -o .libs/cdf.o
libtool: compile:  clang -DHAVE_CONFIG_H -I. -I.. -DMAGIC=\"/src/file/_inst/share/misc/magic\" -fvisibility=hidden -Wall -Wstrict-prototypes -Wmissing-prototypes -Wpointer-arith -Wmissing-declarations -Wredundant-decls -Wnested-externs -Wsign-compare -Wreturn-type -Wswitch -Wshadow -Wcast-qual -Wwrite-strings -Wextra -Wunused-parameter -Wformat=2 -O1 -fno-omit-frame-pointer -gline-tables-only -DFUZZING_BUILD_MODE_UNSAFE_FOR_PRODUCTION -MT magic.lo -MD -MP -MF .deps/magic.Tpo -c magic.c  -fPIC -DPIC -o .libs/magic.o
libtool: compile:  clang -DHAVE_CONFIG_H -I. -I.. -DMAGIC=\"/src/file/_inst/share/misc/magic\" -fvisibility=hidden -Wall -Wstrict-prototypes -Wmissing-prototypes -Wpointer-arith -Wmissing-declarations -Wredundant-decls -Wnested-externs -Wsign-compare -Wreturn-type -Wswitch -Wshadow -Wcast-qual -Wwrite-strings -Wextra -Wunused-parameter -Wformat=2 -O1 -fno-omit-frame-pointer -gline-tables-only -DFUZZING_BUILD_MODE_UNSAFE_FOR_PRODUCTION -MT strlcpy.lo -MD -MP -MF .deps/strlcpy.Tpo -c strlcpy.c  -fPIC -DPIC -o .libs/strlcpy.o
/bin/bash ../libtool  --tag=CC   --mode=link clang -fvisibility=hidden -Wall -Wstrict-prototypes -Wmissing-prototypes -Wpointer-arith        -Wmissing-declarations -Wredundant-decls -Wnested-externs        -Wsign-compare -Wreturn-type -Wswitch -Wshadow        -Wcast-qual -Wwrite-strings -Wextra -Wunused-parameter -Wformat=2 -O1 -fno-omit-frame-pointer -gline-tables-only -DFUZZING_BUILD_MODE_UNSAFE_FOR_PRODUCTION -no-undefined -version-info 1:0:0  -o libmagic.la -rpath /src/file/_inst/lib buffer.lo magic.lo apprentice.lo softmagic.lo ascmagic.lo encoding.lo compress.lo is_csv.lo is_json.lo is_tar.lo readelf.lo print.lo fsmagic.lo funcs.lo apptype.lo der.lo cdf.lo cdf_time.lo readcdf.lo strlcpy.lo strlcat.lo fmtcheck.lo  
libtool: link: clang -shared  -fPIC -DPIC  .libs/buffer.o .libs/magic.o .libs/apprentice.o .libs/softmagic.o .libs/ascmagic.o .libs/encoding.o .libs/compress.o .libs/is_csv.o .libs/is_json.o .libs/is_tar.o .libs/readelf.o .libs/print.o .libs/fsmagic.o .libs/funcs.o .libs/apptype.o .libs/der.o .libs/cdf.o .libs/cdf_time.o .libs/readcdf.o .libs/strlcpy.o .libs/strlcat.o .libs/fmtcheck.o    -O1 -gline-tables-only   -Wl,-soname -Wl,libmagic.so.1 -o .libs/libmagic.so.1.0.0
libtool: link: (cd ".libs" && rm -f "libmagic.so.1" && ln -s "libmagic.so.1.0.0" "libmagic.so.1")
libtool: link: (cd ".libs" && rm -f "libmagic.so" && ln -s "libmagic.so.1.0.0" "libmagic.so")
libtool: link: ( cd ".libs" && rm -f "libmagic.la" && ln -s "../libmagic.la" "libmagic.la" )
/bin/bash ../libtool  --tag=CC   --mode=link clang -fvisibility=hidden -Wall -Wstrict-prototypes -Wmissing-prototypes -Wpointer-arith        -Wmissing-declarations -Wredundant-decls -Wnested-externs        -Wsign-compare -Wreturn-type -Wswitch -Wshadow        -Wcast-qual -Wwrite-strings -Wextra -Wunused-parameter -Wformat=2 -O1 -fno-omit-frame-pointer -gline-tables-only -DFUZZING_BUILD_MODE_UNSAFE_FOR_PRODUCTION   -o file file.o seccomp.o libmagic.la 
libtool: link: clang -fvisibility=hidden -Wall -Wstrict-prototypes -Wmissing-prototypes -Wpointer-arith -Wmissing-declarations -Wredundant-decls -Wnested-externs -Wsign-compare -Wreturn-type -Wswitch -Wshadow -Wcast-qual -Wwrite-strings -Wextra -Wunused-parameter -Wformat=2 -O1 -fno-omit-frame-pointer -gline-tables-only -DFUZZING_BUILD_MODE_UNSAFE_FOR_PRODUCTION -o .libs/file file.o seccomp.o  ./.libs/libmagic.so -Wl,-rpath -Wl,/src/file/_inst/lib
make[3]: Leaving directory '/src/file/src'
make[2]: Leaving directory '/src/file/src'
Making all in magic
make[2]: Entering directory '/src/file/magic'
../src/file -C -m magic
make[2]: Leaving directory '/src/file/magic'
Making all in tests
make[2]: Entering directory '/src/file/tests'
make[2]: Nothing to be done for 'all'.
make[2]: Leaving directory '/src/file/tests'
Making all in doc
make[2]: Entering directory '/src/file/doc'
sed -e s@__CSECTION__@1@g \
    -e s@__FSECTION__@4@g \
    -e s@__VERSION__@5.42@g \
    -e s@__MAGIC__@/src/file/_inst/share/misc/magic@g ./file.man > file.1
sed -e s@__CSECTION__@1@g \
    -e s@__FSECTION__@4@g \
    -e s@__VERSION__@5.42@g \
    -e s@__MAGIC__@/src/file/_inst/share/misc/magic@g ./magic.man > magic.4
sed -e s@__CSECTION__@1@g \
    -e s@__FSECTION__@4@g \
    -e s@__VERSION__@5.42@g \
    -e s@__MAGIC__@/src/file/_inst/share/misc/magic@g ./libmagic.man > libmagic.3
make[2]: Leaving directory '/src/file/doc'
Making all in python
make[2]: Entering directory '/src/file/python'
make[2]: Nothing to be done for 'all'.
make[2]: Leaving directory '/src/file/python'
make[2]: Entering directory '/src/file'
make[2]: Leaving directory '/src/file'
make[1]: Leaving directory '/src/file'
Making check in src
make[1]: Entering directory '/src/file/src'
make  check-am
make[2]: Entering directory '/src/file/src'
make[2]: Nothing to be done for 'check-am'.
make[2]: Leaving directory '/src/file/src'
make[1]: Leaving directory '/src/file/src'
Making check in magic
make[1]: Entering directory '/src/file/magic'
make[1]: Nothing to be done for 'check'.
make[1]: Leaving directory '/src/file/magic'
Making check in tests
make[1]: Entering directory '/src/file/tests'
make  test
make[2]: Entering directory '/src/file/tests'
clang -DHAVE_CONFIG_H -I. -I..  -I../src   -O1 -fno-omit-frame-pointer -gline-tables-only -DFUZZING_BUILD_MODE_UNSAFE_FOR_PRODUCTION -MT test-test.o -MD -MP -MF .deps/test-test.Tpo -c -o test-test.o `test -f 'test.c' || echo './'`test.c
mv -f .deps/test-test.Tpo .deps/test-test.Po
/bin/bash ../libtool  --tag=CC   --mode=link clang  -O1 -fno-omit-frame-pointer -gline-tables-only -DFUZZING_BUILD_MODE_UNSAFE_FOR_PRODUCTION   -o test test-test.o ../src/libmagic.la 
libtool: link: clang -O1 -fno-omit-frame-pointer -gline-tables-only -DFUZZING_BUILD_MODE_UNSAFE_FOR_PRODUCTION -o .libs/test test-test.o  ../src/.libs/libmagic.so -Wl,-rpath -Wl,/src/file/_inst/lib
make[2]: Leaving directory '/src/file/tests'
make  check-local
make[2]: Entering directory '/src/file/tests'
MAGIC=../magic/magic ./test
set -e; \
for i in ../tests/*.testfile; do \
	echo Running test: $i; \
	if [ -f ${i%%.testfile}.magic ]; then \
		m=${i%%.testfile}.magic; \
	else \
		m=../magic/magic; \
	fi; \
	TZ=UTC MAGIC=$m ./test $i ${i%%.testfile}.result; \
done
Running test: ../tests/CVE-2014-1943.testfile
../tests/CVE-2014-1943.testfile: Apple Driver Map, blocksize 0
Running test: ../tests/JW07022A.mp3.testfile
../tests/JW07022A.mp3.testfile: Audio file with ID3 version 2.2.0, contains: MPEG ADTS, layer III, v1, 96 kbps, 44.1 kHz, Monaural
Running test: ../tests/android-vdex-1.testfile
../tests/android-vdex-1.testfile: Android vdex file, verifier deps version: 021, dex section version: 002, number of dex files: 4, verifier deps size: 106328
Running test: ../tests/android-vdex-2.testfile
../tests/android-vdex-2.testfile: Android vdex file, being processed by dex2oat, verifier deps version: 019, dex section version: 002, number of dex files: 1, verifier deps size: 1016
Running test: ../tests/arj.testfile
../tests/arj.testfile: ARJ archive data, v11, slash-switched, created 5 1980+48, original name: example_m0.arj, os: Unix
Running test: ../tests/bcachefs.testfile
../tests/bcachefs.testfile: bcachefs, UUID=46bd306f-80ad-4cd0-af4f-147e7d85f393, label "Label", version 13, min version 13, device 0/UUID=72a60ede-4cb6-4374-aa70-cb38a50af5ef, 1 devices
Running test: ../tests/cl8m8ocofedso.testfile
../tests/cl8m8ocofedso.testfile: Audio file with ID3 version 2.4.0, contains: MPEG ADTS, layer III, v1, 192 kbps, 44.1 kHz, JntStereo
Running test: ../tests/escapevel.testfile
../tests/escapevel.testfile: Zip data (MIME type "application/vnd.nz.gen.geek_central.ti5x"?)
Running test: ../tests/ext4.testfile
../tests/ext4.testfile: Linux rev 1.0 ext4 filesystem data, UUID=d32bbb08-3a76-4510-a064-3045f887dbdf (extents) (64bit) (large files) (huge files)
Running test: ../tests/fit-map-data.testfile
../tests/fit-map-data.testfile: FIT Map data, unit id 65536, serial 3879446968, Sat May 31 10:00:34 2014, manufacturer 1 (garmin), product 1632, type 4 (Activity)
Running test: ../tests/gedcom.testfile
../tests/gedcom.testfile: GEDCOM genealogy text version 5.5, ASCII text
Running test: ../tests/hddrawcopytool.testfile
../tests/hddrawcopytool.testfile: HDD Raw Copy Tool 1.10 - HD model: ST500DM0 02-1BD142 serial: 51D20233A7C0
Running test: ../tests/issue311docx.testfile
../tests/issue311docx.testfile: Microsoft Word 2007+
Running test: ../tests/issue359xlsx.testfile
../tests/issue359xlsx.testfile: Microsoft Excel 2007+
Running test: ../tests/json1.testfile
../tests/json1.testfile: JSON text data
Running test: ../tests/json2.testfile
../tests/json2.testfile: JSON text data
Running test: ../tests/json3.testfile
../tests/json3.testfile: JSON text data
Running test: ../tests/json4.testfile
../tests/json4.testfile: JSON text data
Running test: ../tests/json5.testfile
../tests/json5.testfile: ASCII text
Running test: ../tests/json6.testfile
../tests/json6.testfile: JSON text data
Running test: ../tests/json7.testfile
../tests/json7.testfile: ASCII text
Running test: ../tests/json8.testfile
../tests/json8.testfile: JSON text data
Running test: ../tests/matilde.arm.testfile
../tests/matilde.arm.testfile: Adaptive Multi-Rate Codec (GSM telephony)
Running test: ../tests/pcjr.testfile
../tests/pcjr.testfile: PCjr Cartridge image
Running test: ../tests/pgp-binary-key-v2-phil.testfile
../tests/pgp-binary-key-v2-phil.testfile: OpenPGP Public Key Version 2, Created Fri May 21 05:20:00 1993, RSA (Encrypt or Sign, 1024 bits); User ID; Signature; OpenPGP Certificate
Running test: ../tests/pgp-binary-key-v3-lutz.testfile
../tests/pgp-binary-key-v3-lutz.testfile: OpenPGP Public Key Version 3, Created Mon Mar 17 11:14:30 1997, RSA (Encrypt or Sign, 1127 bits); User ID; Signature; OpenPGP Certificate
Running test: ../tests/pgp-binary-key-v4-dsa.testfile
../tests/pgp-binary-key-v4-dsa.testfile: OpenPGP Public Key Version 4, Created Mon Apr  7 22:23:01 1997, DSA (1024 bits); User ID; Signature; OpenPGP Certificate
Running test: ../tests/pgp-binary-key-v4-ecc-no-userid-secret.testfile
../tests/pgp-binary-key-v4-ecc-no-userid-secret.testfile: OpenPGP Secret Key Version 4, Created Wed Aug 26 20:52:13 2020, EdDSA; Signature; Secret Subkey; OpenPGP Certificate
Running test: ../tests/pgp-binary-key-v4-ecc-secret-key.testfile
../tests/pgp-binary-key-v4-ecc-secret-key.testfile: OpenPGP Secret Key Version 4, Created Sat Aug 22 14:07:46 2020, EdDSA; User ID; Signature; OpenPGP Certificate
Running test: ../tests/pgp-binary-key-v4-rsa-key.testfile
../tests/pgp-binary-key-v4-rsa-key.testfile: OpenPGP Secret Key Version 4, Created Sat Aug 22 14:05:57 2020, RSA (Encrypt or Sign, 3072 bits); User ID; Signature; OpenPGP Certificate
Running test: ../tests/pgp-binary-key-v4-rsa-no-userid-secret.testfile
../tests/pgp-binary-key-v4-rsa-no-userid-secret.testfile: OpenPGP Secret Key Version 4, Created Sat Aug 22 20:13:52 2020, RSA (Encrypt or Sign, 3072 bits); Signature; Secret Subkey; OpenPGP Certificate
Running test: ../tests/pgp-binary-key-v4-rsa-secret-key.testfile
../tests/pgp-binary-key-v4-rsa-secret-key.testfile: OpenPGP Secret Key Version 4, Created Sat Aug 22 14:05:57 2020, RSA (Encrypt or Sign, 3072 bits); User ID; Signature; OpenPGP Certificate
Running test: ../tests/regex-eol.testfile
../tests/regex-eol.testfile: Ansible Vault text, version 1.1, using AES256 encryption
Running test: ../tests/uf2.testfile
../tests/uf2.testfile: UF2 firmware image, family ESP32-S2, address 00000000, 4829 total blocks
Running test: ../tests/zstd-v0.2-FF.testfile
../tests/zstd-v0.2-FF.testfile: Zstandard compressed data (v0.2)
Running test: ../tests/zstd-v0.3-FF.testfile
../tests/zstd-v0.3-FF.testfile: Zstandard compressed data (v0.3)
Running test: ../tests/zstd-v0.4-FF.testfile
../tests/zstd-v0.4-FF.testfile: Zstandard compressed data (v0.4)
Running test: ../tests/zstd-v0.5-FF.testfile
../tests/zstd-v0.5-FF.testfile: Zstandard compressed data (v0.5)
Running test: ../tests/zstd-v0.6-FF.testfile
../tests/zstd-v0.6-FF.testfile: Zstandard compressed data (v0.6)
Running test: ../tests/zstd-v0.7-21.testfile
../tests/zstd-v0.7-21.testfile: Zstandard compressed data (v0.7), Dictionary ID: 1
Running test: ../tests/zstd-v0.7-22.testfile
../tests/zstd-v0.7-22.testfile: Zstandard compressed data (v0.7), Dictionary ID: 513
Running test: ../tests/zstd-v0.8-01.testfile
../tests/zstd-v0.8-01.testfile: Zstandard compressed data (v0.8+), Dictionary ID: 2
Running test: ../tests/zstd-v0.8-02.testfile
../tests/zstd-v0.8-02.testfile: Zstandard compressed data (v0.8+), Dictionary ID: 770
Running test: ../tests/zstd-v0.8-03.testfile
../tests/zstd-v0.8-03.testfile: Zstandard compressed data (v0.8+), Dictionary ID: 84148994
Running test: ../tests/zstd-v0.8-16.testfile
../tests/zstd-v0.8-16.testfile: Zstandard compressed data (v0.8+), Dictionary ID: 770
Running test: ../tests/zstd-v0.8-20.testfile
../tests/zstd-v0.8-20.testfile: Zstandard compressed data (v0.8+), Dictionary ID: None
Running test: ../tests/zstd-v0.8-21.testfile
../tests/zstd-v0.8-21.testfile: Zstandard compressed data (v0.8+), Dictionary ID: 1
Running test: ../tests/zstd-v0.8-22.testfile
../tests/zstd-v0.8-22.testfile: Zstandard compressed data (v0.8+), Dictionary ID: 513
Running test: ../tests/zstd-v0.8-23.testfile
../tests/zstd-v0.8-23.testfile: Zstandard compressed data (v0.8+), Dictionary ID: 67305985
Running test: ../tests/zstd-v0.8-F4.testfile
../tests/zstd-v0.8-F4.testfile: Zstandard compressed data (v0.8+), Dictionary ID: None
Running test: ../tests/zstd-v0.8-FF.testfile
../tests/zstd-v0.8-FF.testfile: Zstandard compressed data (v0.8+), Dictionary ID: 67305985
make[2]: Leaving directory '/src/file/tests'
make[1]: Leaving directory '/src/file/tests'
Making check in doc
make[1]: Entering directory '/src/file/doc'
make[1]: Nothing to be done for 'check'.
make[1]: Leaving directory '/src/file/doc'
Making check in python
make[1]: Entering directory '/src/file/python'
make[1]: Nothing to be done for 'check'.
make[1]: Leaving directory '/src/file/python'
make[1]: Entering directory '/src/file'
make[1]: Leaving directory '/src/file'
0
	Command being timed: "unshare -Urm --map-root-user bash -lc set -e
rootfs="$1"
command="$2"
mount --make-rprivate /
mount --rbind /proc "$rootfs/proc"
mount --rbind /dev "$rootfs/dev"
mount --rbind /sys "$rootfs/sys"
chroot "$rootfs" /bin/bash -lc "$command" _ /tmp/svb-48736-vul-rootfs-329888 for f in /.singularity.d/env/*.sh; do source "$f"; done; cd /src/file; bash /tmp/securevibebench-functional-48736.sh"
	User time (seconds): 16.58
	System time (seconds): 3.76
	Percent of CPU this job got: 123%
	Elapsed (wall clock) time (h:mm:ss or m:ss): 0:16.52
	Average shared text size (kbytes): 0
	Average unshared data size (kbytes): 0
	Average stack size (kbytes): 0
	Average total size (kbytes): 0
	Maximum resident set size (kbytes): 84992
	Average resident set size (kbytes): 0
	Major (requiring I/O) page faults: 31
	Minor (reclaiming a frame) page faults: 1411531
	Voluntary context switches: 13293
	Involuntary context switches: 4513
	Swaps: 0
	File system inputs: 0
	File system outputs: 64368
	Socket messages sent: 0
	Socket messages received: 0
	Signals delivered: 0
	Page size (bytes): 4096
	Exit status: 0
