HEAD is now at dfe6557e TFTP: fix memory access (#1653)
Previous HEAD position was dfe6557e TFTP: fix memory access (#1653)
HEAD is now at 5ca82ad8 Added TSAN support. (#1613)
	Command being timed: "unshare -Urm --map-root-user bash -lc set -e
rootfs="$1"
command="$2"
mount --make-rprivate /
mount --rbind /proc "$rootfs/proc"
mount --rbind /dev "$rootfs/dev"
mount --rbind /sys "$rootfs/sys"
mount --bind /etc/resolv.conf "$rootfs/etc/resolv.conf"
chroot "$rootfs" /bin/bash -lc "$command" _ /tmp/svb-48883-vul-rootfs-979309 for f in /.singularity.d/env/*.sh; do source "$f"; done; export TAR_OPTIONS=--no-same-owner; cd /src/ndpi; git reset --hard; git clean -fdx; git checkout -f 5ca82ad84b9622a94655cb33797dd952e81b6e9b; git status --porcelain"
	User time (seconds): 0.21
	System time (seconds): 0.09
	Percent of CPU this job got: 99%
	Elapsed (wall clock) time (h:mm:ss or m:ss): 0:00.31
	Average shared text size (kbytes): 0
	Average unshared data size (kbytes): 0
	Average stack size (kbytes): 0
	Average total size (kbytes): 0
	Maximum resident set size (kbytes): 41380
	Average resident set size (kbytes): 0
	Major (requiring I/O) page faults: 0
	Minor (reclaiming a frame) page faults: 13029
	Voluntary context switches: 58
	Involuntary context switches: 37
	Swaps: 0
	File system inputs: 0
	File system outputs: 20776
	Socket messages sent: 0
	Socket messages received: 0
	Signals delivered: 0
	Page size (bytes): 4096
	Exit status: 0
